<html>
<body>
<pre>
<h1>µVision Build Log</h1>
<h2>Tool Versions:</h2>
IDE-Version: ¦ÌVision V5.16a
Copyright (C) 2015 ARM Ltd and ARM Germany GmbH. All rights reserved.
License Information: SY Microsoft, Microsoft, LIC=3UURA-1PEMU-8YIVV-PHUKN-NT059-V03GL
 
Tool Versions:
Toolchain:       MDK-ARM Professional  Version: 5.16a
Toolchain Path:  C:\Keil_v5\ARM\ARMCC\Bin
C Compiler:      Armcc.exe V5.06 (build 20)
Assembler:       Armasm.exe V5.06 (build 20)
Linker/Locator:  ArmLink.exe V5.06 (build 20)
Library Manager: ArmAr.exe V5.06 (build 20)
Hex Converter:   FromElf.exe V5.06 (build 20)
CPU DLL:         SARMCM3.DLL V5.16a
Dialog DLL:      DCM.DLL V1.13.2.0
Target DLL:      Segger\JL2CM3.dll V2.99.15.2
Dialog DLL:      TCM.DLL V1.14.5.0
 
<h2>Project:</h2>
E:\GIT\DTS-2500_HMI0030_BOOT\DTS-2500_HMI0030_BOOT\PROJECT\DTS-2500_HMI0030.uvprojx
Project File Date:  12/25/2015

<h2>Output:</h2>
*** Using Compiler 'V5.06 (build 20)', folder: 'C:\Keil_v5\ARM\ARMCC\Bin'
Build target 'DTS-2500_HMI0030'
compiling USB_UpDate.c...
compiling main.c...
compiling initial.c...
compiling flash_if.c...
compiling SD_UpDate.c...
compiling tftpserver.c...
compiling bsp.c...
compiling bsp_assert.c...
compiling bsp_timer.c...
compiling bsp_uart.c...
..\BSP\src\bsp_uart.c(102): warning:  #177-D: function "UartVarInit" was declared but never referenced
  static void UartVarInit(void)
..\BSP\src\bsp_uart.c(371): warning:  #177-D: function "UartNVICConfig" was declared but never referenced
  static void UartNVICConfig(void)  
..\BSP\src\bsp_uart.c: 2 warnings, 0 errors
compiling bsp_io.c...
compiling bsp_pcf8563.c...
compiling bsp_crc16.c...
compiling bsp_date.c...
compiling bsp_print.c...
compiling bsp_sdio_sd.c...
compiling bsp_ra8875.c...
compiling bsp_lcd.c...
compiling bsp_flash.c...
compiling bsp_spi_flash.c...
compiling bsp_uid.c...
compiling bsp_lan8720.c...
compiling client.c...
compiling netconf.c...
compiling usbh_it.c...
compiling usb_bsp.c...
compiling usbh_usr.c...
compiling bsp_rtc.c...
compiling ustdlib.c...
compiling isqrt.c...
compiling usb.c...
compiling ustring.c...
compiling misc.c...
compiling global.c...
compiling stm32f4xx_gpio.c...
compiling stm32f4xx_rcc.c...
compiling stm32f4xx_usart.c...
compiling stm32f4xx_tim.c...
compiling stm32f4xx_spi.c...
compiling stm32f4xx_dma.c...
compiling stm32f4xx_sdio.c...
compiling stm32f4xx_fsmc.c...
compiling stm32f4xx_flash.c...
compiling stm32f4xx_syscfg.c...
compiling stm32f4xx_pwr.c...
assembling startup_stm32f40_41xxx.s...
compiling stm32f4x7_eth.c...
compiling system_stm32f4xx.c...
compiling stm32f4xx_it.c...
compiling stm32f4xx_rtc.c...
compiling ccsbcs.c...
compiling api_lib.c...
compiling diskio.c...
compiling ff.c...
compiling err.c...
compiling api_msg.c...
compiling netbuf.c...
compiling netdb.c...
compiling netifapi.c...
compiling tcpip.c...
compiling stats.c...
compiling sys.c...
compiling tcp.c...
compiling tcp_in.c...
compiling tcp_out.c...
..\LWIP-1.3.1\src\core\tcp_out.c(458): warning:  #550-D: variable "tcphdr" was set but never used
    struct tcp_hdr *tcphdr;
..\LWIP-1.3.1\src\core\tcp_out.c(871): warning:  #550-D: variable "tcphdr" was set but never used
    struct tcp_hdr *tcphdr;
..\LWIP-1.3.1\src\core\tcp_out.c(925): warning:  #550-D: variable "tcphdr" was set but never used
    struct tcp_hdr *tcphdr;
..\LWIP-1.3.1\src\core\tcp_out.c: 3 warnings, 0 errors
compiling udp.c...
compiling dhcp.c...
compiling init.c...
compiling memp.c...
compiling mem.c...
..\LWIP-1.3.1\src\core\mem.c(184): warning:  #550-D: variable "mem_sem" was set but never used
  static sys_sem_t mem_sem;
..\LWIP-1.3.1\src\core\mem.c: 1 warning, 0 errors
compiling netif.c...
compiling raw.c...
compiling pbuf.c...
compiling autoip.c...
compiling igmp.c...
compiling icmp.c...
compiling inet.c...
compiling inet_chksum.c...
compiling ip_addr.c...
compiling ip.c...
compiling ip_frag.c...
compiling etharp.c...
compiling usbh_msc_bot.c...
compiling ethernetif.c...
compiling usbh_msc_core.c...
compiling usbh_msc_scsi.c...
compiling usbh_core.c...
compiling usbh_hcs.c...
compiling usbh_ioreq.c...
compiling usbh_stdreq.c...
compiling usb_hcd_int.c...
compiling usb_core.c...
compiling usb_hcd.c...
linking...
Program Size: Code=83872 RO-data=15108 RW-data=632 ZI-data=73104  
FromELF: creating hex file...
After Build - User command #1: fromelf --bin -o ..\BIN\HMI0031_BOOT(SY1.1.0)_160122.bin ..\OUTPUT\OBJ\DTS-2500_HMI0030.axf
"..\OUTPUT\OBJ\DTS-2500_HMI0030.axf" - 0 Error(s), 6 Warning(s).

<h2>Software Packages used:</h2>

Package Vendor: ARM
                http://www.keil.com/pack/ARM.CMSIS.4.3.0.pack
                ARM::CMSIS:CORE:4.1.0
                CMSIS (Cortex Microcontroller Software Interface Standard)
   * Component: CORE Version: 4.1.0

<h2>Collection of Component include folders:</h2>
  E:\GIT\DTS-2500_HMI0030_BOOT\DTS-2500_HMI0030_BOOT\PROJECT\RTE
  C:\Keil_v5\ARM\PACK\ARM\CMSIS\4.3.0\CMSIS\Include
  C:\Keil_v5\ARM\PACK\Keil\STM32F4xx_DFP\2.7.0\Drivers\CMSIS\Device\ST\STM32F4xx\Include

<h2>Collection of Component Files used:</h2>

   * Component: ARM::CMSIS:CORE:4.1.0
Build Time Elapsed:  00:01:14
</pre>
</body>
</html>
