Component: ARM Compiler 5.06 (build 20) Tool: armlink [4d35a3]

==============================================================================

Section Cross References

    main.o(i.CloseAllInterrupt) refers to bsp_timer.o(i.bsp_DeInitTimer) for bsp_DeInitTimer
    main.o(i.ConfirmAutoUpdatePassword) refers to bsp_flash.o(i.WriteFlashWord) for WriteFlashWord
    main.o(i.main) refers to initial.o(i.InitSystem) for InitSystem
    main.o(i.main) refers to bsp_timer.o(i.bsp_StartTimer) for bsp_StartTimer
    main.o(i.main) refers to bsp_io.o(i.GetKey) for GetKey
    main.o(i.main) refers to bsp_timer.o(i.bsp_CheckTimer) for bsp_CheckTimer
    main.o(i.main) refers to main.o(i.ConfirmAutoUpdatePassword) for ConfirmAutoUpdatePassword
    main.o(i.main) refers to bsp.o(i.BSP_InitAll) for BSP_InitAll
    main.o(i.main) refers to usb_update.o(i.USB_UpDate) for USB_UpDate
    main.o(i.main) refers to sd_update.o(i.SD_UpDate) for SD_UpDate
    main.o(i.main) refers to tftpserver.o(i.UDP_Update) for UDP_Update
    main.o(i.main) refers to global.o(i.SystemSoftwareReset) for SystemSoftwareReset
    main.o(i.main) refers to main.o(i.CloseAllInterrupt) for CloseAllInterrupt
    main.o(i.main) refers to misc.o(i.NVIC_SetVectorTable) for NVIC_SetVectorTable
    main.o(i.main) refers to bsp_lcd.o(i.lcd_font24) for lcd_font24
    main.o(i.main) refers to main.o(.data) for Jump_To_Application
    initial.o(i.GPIO_Configuration) refers to stm32f4xx_rcc.o(i.RCC_AHB1PeriphClockCmd) for RCC_AHB1PeriphClockCmd
    initial.o(i.HardFault_Handler) refers to bsp_lcd.o(i.lcd_fill) for lcd_fill
    initial.o(i.InitSystem) refers to initial.o(i.NVIC_Configuration) for NVIC_Configuration
    initial.o(i.InitSystem) refers to initial.o(i.GPIO_Configuration) for GPIO_Configuration
    initial.o(i.InitSystem) refers to bsp.o(i.BSP_InitPort) for BSP_InitPort
    initial.o(i.NVIC_Configuration) refers to misc.o(i.NVIC_PriorityGroupConfig) for NVIC_PriorityGroupConfig
    usb_update.o(i.Check_USB_UpdateFileExist) refers to ff.o(i.f_opendir) for f_opendir
    usb_update.o(i.Check_USB_UpdateFileExist) refers to ff.o(i.f_readdir) for f_readdir
    usb_update.o(i.Check_USB_UpdateFileExist) refers to strcpy.o(.text) for strcpy
    usb_update.o(i.Check_USB_UpdateFileExist) refers to usb_update.o(.bss) for Lfname
    usb_update.o(i.USB_EraseFlashOperation) refers to bsp_lcd.o(i.lcd_font24) for lcd_font24
    usb_update.o(i.USB_EraseFlashOperation) refers to stm32f4xx_flash.o(i.FLASH_Unlock) for FLASH_Unlock
    usb_update.o(i.USB_EraseFlashOperation) refers to stm32f4xx_flash.o(i.FLASH_ClearFlag) for FLASH_ClearFlag
    usb_update.o(i.USB_EraseFlashOperation) refers to bsp_flash.o(i.GetSector) for GetSector
    usb_update.o(i.USB_EraseFlashOperation) refers to stm32f4xx_flash.o(i.FLASH_EraseSector) for FLASH_EraseSector
    usb_update.o(i.USB_EraseFlashOperation) refers to ustdlib.o(i.usprintf) for usprintf
    usb_update.o(i.USB_EraseFlashOperation) refers to bsp_timer.o(i.bsp_DelayMS) for bsp_DelayMS
    usb_update.o(i.USB_EraseFlashOperation) refers to stm32f4xx_flash.o(i.FLASH_Lock) for FLASH_Lock
    usb_update.o(i.USB_EraseFlashOperation) refers to usb_update.o(.constdata) for .constdata
    usb_update.o(i.USB_EscProcess) refers to usbh_usr.o(i.USB_ReadyCycle) for USB_ReadyCycle
    usb_update.o(i.USB_ProgramFlashOperation) refers to stm32f4xx_flash.o(i.FLASH_Unlock) for FLASH_Unlock
    usb_update.o(i.USB_ProgramFlashOperation) refers to stm32f4xx_flash.o(i.FLASH_ClearFlag) for FLASH_ClearFlag
    usb_update.o(i.USB_ProgramFlashOperation) refers to stm32f4xx_flash.o(i.FLASH_ProgramWord) for FLASH_ProgramWord
    usb_update.o(i.USB_ProgramFlashOperation) refers to stm32f4xx_flash.o(i.FLASH_Lock) for FLASH_Lock
    usb_update.o(i.USB_ProgramFlashOperation) refers to stm32f4xx_flash.o(i.FLASH_ProgramByte) for FLASH_ProgramByte
    usb_update.o(i.USB_UpDate) refers to bsp_lcd.o(i.lcd_clear) for lcd_clear
    usb_update.o(i.USB_UpDate) refers to bsp_lcd.o(i.lcd_font24) for lcd_font24
    usb_update.o(i.USB_UpDate) refers to strcpy.o(.text) for strcpy
    usb_update.o(i.USB_UpDate) refers to strcat.o(.text) for strcat
    usb_update.o(i.USB_UpDate) refers to usb_update.o(i.USB_WaitInsert) for USB_WaitInsert
    usb_update.o(i.USB_UpDate) refers to bsp_timer.o(i.bsp_DelayMS) for bsp_DelayMS
    usb_update.o(i.USB_UpDate) refers to usb_update.o(i.Check_USB_UpdateFileExist) for Check_USB_UpdateFileExist
    usb_update.o(i.USB_UpDate) refers to usb_update.o(i.USB_EraseFlashOperation) for USB_EraseFlashOperation
    usb_update.o(i.USB_UpDate) refers to usb_update.o(i.USB_UpdateExecute) for USB_UpdateExecute
    usb_update.o(i.USB_UpDate) refers to usb_update.o(i.USB_EscProcess) for USB_EscProcess
    usb_update.o(i.USB_UpDate) refers to global.o(i.AutoEnterSystemCue) for AutoEnterSystemCue
    usb_update.o(i.USB_UpdateExecute) refers to strcpy.o(.text) for strcpy
    usb_update.o(i.USB_UpdateExecute) refers to strcat.o(.text) for strcat
[...]
    __scatterload_copy                       0x0800bd2d   Thumb Code    14  handlers.o(i.__scatterload_copy)
    __scatterload_null                       0x0800bd3b   Thumb Code     2  handlers.o(i.__scatterload_null)
    __scatterload_zeroinit                   0x0800bd3d   Thumb Code    14  handlers.o(i.__scatterload_zeroinit)
    assert_failed                            0x0800bf05   Thumb Code    18  bsp_assert.o(i.assert_failed)
    bsp_CheckTimer                           0x0800bfad   Thumb Code    48  bsp_timer.o(i.bsp_CheckTimer)
    bsp_DeInitTimer                          0x0800bfe1   Thumb Code    10  bsp_timer.o(i.bsp_DeInitTimer)
    bsp_DelayMS                              0x0800bfeb   Thumb Code    22  bsp_timer.o(i.bsp_DelayMS)
    bsp_DelayUS                              0x0800c001   Thumb Code    76  bsp_timer.o(i.bsp_DelayUS)
    bsp_GetRunTime                           0x0800c055   Thumb Code    32  bsp_timer.o(i.bsp_GetRunTime)
    bsp_InitCOM                              0x0800c079   Thumb Code     8  bsp_uart.o(i.bsp_InitCOM)
    bsp_InitEthernet                         0x0800c081   Thumb Code    98  netconf.o(i.bsp_InitEthernet)
    bsp_InitFont                             0x0800c0fd   Thumb Code    64  bsp_lcd.o(i.bsp_InitFont)
    bsp_InitIO                               0x0800c159   Thumb Code    24  bsp_io.o(i.bsp_InitIO)
    bsp_InitLCD                              0x0800c171   Thumb Code    20  bsp_lcd.o(i.bsp_InitLCD)
    bsp_InitLan8720                          0x0800c185   Thumb Code   252  bsp_lan8720.o(i.bsp_InitLan8720)
    bsp_InitPcf8563                          0x0800c28d   Thumb Code    54  bsp_pcf8563.o(i.bsp_InitPcf8563)
    bsp_InitSFlash                           0x0800c2c5   Thumb Code   186  bsp_spi_flash.o(i.bsp_InitSFlash)
    bsp_InitTimer                            0x0800c389   Thumb Code   122  bsp_timer.o(i.bsp_InitTimer)
    bsp_InitUSB                              0x0800c40d   Thumb Code    38  usb.o(i.bsp_InitUSB)
    bsp_StartTimer                           0x0800c469   Thumb Code    88  bsp_timer.o(i.bsp_StartTimer)
    clust2sect                               0x0800c59b   Thumb Code    26  ff.o(i.clust2sect)
    date_get                                 0x0800c94d   Thumb Code   118  bsp_pcf8563.o(i.date_get)
    disk_initialize                          0x0800cea5   Thumb Code    46  diskio.o(i.disk_initialize)
    disk_ioctl                               0x0800ced9   Thumb Code     6  diskio.o(i.disk_ioctl)
    disk_read                                0x0800cee1   Thumb Code   174  diskio.o(i.disk_read)
    disk_status                              0x0800cf99   Thumb Code     6  diskio.o(i.disk_status)
    disk_write                               0x0800cfa1   Thumb Code   200  diskio.o(i.disk_write)
    etharp_arp_input                         0x0800d071   Thumb Code   306  etharp.o(i.etharp_arp_input)
    etharp_ip_input                          0x0800d1a3   Thumb Code    58  etharp.o(i.etharp_ip_input)
    etharp_output                            0x0800d1dd   Thumb Code   190  etharp.o(i.etharp_output)
    etharp_query                             0x0800d2a1   Thumb Code   436  etharp.o(i.etharp_query)
    etharp_request                           0x0800d525   Thumb Code    36  etharp.o(i.etharp_request)
    etharp_tmr                               0x0800d5a1   Thumb Code   154  etharp.o(i.etharp_tmr)
    ethernet_input                           0x0800d641   Thumb Code   106  etharp.o(i.ethernet_input)
    ethernetif_init                          0x0800d6ad   Thumb Code    68  ethernetif.o(i.ethernetif_init)
    ethernetif_input                         0x0800d6f9   Thumb Code    44  ethernetif.o(i.ethernetif_input)
    f_close                                  0x0800d725   Thumb Code    32  ff.o(i.f_close)
    f_lseek                                  0x0800d745   Thumb Code   684  ff.o(i.f_lseek)
    f_mount                                  0x0800d9f1   Thumb Code    86  ff.o(i.f_mount)
    f_open                                   0x0800da4d   Thumb Code   360  ff.o(i.f_open)
    f_opendir                                0x0800dbb9   Thumb Code   114  ff.o(i.f_opendir)
    f_read                                   0x0800dc31   Thumb Code   432  ff.o(i.f_read)
    f_readdir                                0x0800dde1   Thumb Code    92  ff.o(i.f_readdir)
    f_sync                                   0x0800de41   Thumb Code   176  ff.o(i.f_sync)
    ff_convert                               0x0800def1   Thumb Code    70  ccsbcs.o(i.ff_convert)
    ff_wtoupper                              0x0800df3d   Thumb Code    46  ccsbcs.o(i.ff_wtoupper)
    fputc                                    0x0800e61d   Thumb Code    18  bsp_uart.o(i.fputc)
    get_fat                                  0x0800e725   Thumb Code   242  ff.o(i.get_fat)
    get_fattime                              0x0800e817   Thumb Code    66  diskio.o(i.get_fattime)
    htonl                                    0x0800e9a5   Thumb Code    26  inet.o(i.htonl)
    htons                                    0x0800e9bf   Thumb Code    12  inet.o(i.htons)
    i2_start                                 0x0800e9cd   Thumb Code    48  bsp_pcf8563.o(i.i2_start)
    i2_stop                                  0x0800ea01   Thumb Code    48  bsp_pcf8563.o(i.i2_stop)
    i2c_init                                 0x0800ea35   Thumb Code    50  bsp_pcf8563.o(i.i2c_init)
    i2c_mastar                               0x0800ea6d   Thumb Code    38  bsp_pcf8563.o(i.i2c_mastar)
    i2c_recv_byte                            0x0800ea99   Thumb Code    84  bsp_pcf8563.o(i.i2c_recv_byte)
    i2c_send_ack                             0x0800eaf1   Thumb Code    40  bsp_pcf8563.o(i.i2c_send_ack)
    i2c_send_notack                          0x0800eb1d   Thumb Code    40  bsp_pcf8563.o(i.i2c_send_notack)
    i2c_sendbyte                             0x0800eb49   Thumb Code    90  bsp_pcf8563.o(i.i2c_sendbyte)
    i2c_slave                                0x0800eba9   Thumb Code    34  bsp_pcf8563.o(i.i2c_slave)
    i2c_wait_ack                             0x0800ebd1   Thumb Code    74  bsp_pcf8563.o(i.i2c_wait_ack)
    icmp_dest_unreach                        0x0800ec21   Thumb Code    18  icmp.o(i.icmp_dest_unreach)
    icmp_input                               0x0800ec33   Thumb Code   404  icmp.o(i.icmp_input)
    icmp_time_exceeded                       0x0800ee3d   Thumb Code    18  icmp.o(i.icmp_time_exceeded)
    inet_chksum                              0x0800ee4f   Thumb Code    20  inet_chksum.o(i.inet_chksum)
    inet_chksum_pbuf                         0x0800ee63   Thumb Code    86  inet_chksum.o(i.inet_chksum_pbuf)
    ip_addr_isbroadcast                      0x0800eeb9   Thumb Code    78  ip_addr.o(i.ip_addr_isbroadcast)
    ip_frag                                  0x0800ef09   Thumb Code   326  ip_frag.o(i.ip_frag)
    ip_input                                 0x0800f055   Thumb Code   398  ip.o(i.ip_input)
    ip_output                                0x0800f1f1   Thumb Code    52  ip.o(i.ip_output)
    ip_output_if                             0x0800f225   Thumb Code   256  ip.o(i.ip_output_if)
    ip_reass                                 0x0800f329   Thumb Code   400  ip_frag.o(i.ip_reass)
    ip_route                                 0x0800f819   Thumb Code    70  ip.o(i.ip_route)
    lcd_clear                                0x0800f869   Thumb Code    52  bsp_lcd.o(i.lcd_clear)
    lcd_draw16x16                            0x0800f89d   Thumb Code   148  bsp_lcd.o(i.lcd_draw16x16)
    lcd_draw16x8                             0x0800f931   Thumb Code   106  bsp_lcd.o(i.lcd_draw16x8)
    lcd_draw24x12                            0x0800f99b   Thumb Code   148  bsp_lcd.o(i.lcd_draw24x12)
    lcd_draw24x24                            0x0800fa2f   Thumb Code   184  bsp_lcd.o(i.lcd_draw24x24)
    lcd_draw32x32                            0x0800fae7   Thumb Code   224  bsp_lcd.o(i.lcd_draw32x32)
    lcd_fill                                 0x0800fbc7   Thumb Code    70  bsp_lcd.o(i.lcd_fill)
    lcd_font16                               0x0800fc0d   Thumb Code   300  bsp_lcd.o(i.lcd_font16)
    lcd_font24                               0x0800fd55   Thumb Code   296  bsp_lcd.o(i.lcd_font24)
    lcd_gpio_init                            0x0800fe99   Thumb Code   362  bsp_lcd.o(i.lcd_gpio_init)
    lcd_hard_reset                           0x08010011   Thumb Code    32  bsp_lcd.o(i.lcd_hard_reset)
    lcd_mem_err                              0x08010035   Thumb Code    54  bsp_lcd.o(i.lcd_mem_err)
    main                                     0x08010229   Thumb Code   246  main.o(i.main)
    mem_free                                 0x08010389   Thumb Code   106  mem.o(i.mem_free)
    mem_init                                 0x08010401   Thumb Code    80  mem.o(i.mem_init)
    mem_malloc                               0x08010465   Thumb Code   290  mem.o(i.mem_malloc)
    mem_realloc                              0x08010595   Thumb Code   316  mem.o(i.mem_realloc)
    memp_free                                0x080106f1   Thumb Code    38  memp.o(i.memp_free)
    memp_init                                0x0801071d   Thumb Code    82  memp.o(i.memp_init)
    memp_malloc                              0x08010781   Thumb Code    54  memp.o(i.memp_malloc)
    netif_add                                0x080107f1   Thumb Code    96  netif.o(i.netif_add)
    netif_is_up                              0x08010859   Thumb Code    12  netif.o(i.netif_is_up)
    netif_set_addr                           0x08010865   Thumb Code    40  netif.o(i.netif_set_addr)
    netif_set_default                        0x0801088d   Thumb Code     6  netif.o(i.netif_set_default)
    netif_set_gw                             0x08010899   Thumb Code    12  netif.o(i.netif_set_gw)
    netif_set_ipaddr                         0x080108a5   Thumb Code   110  netif.o(i.netif_set_ipaddr)
    netif_set_netmask                        0x0801091d   Thumb Code    12  netif.o(i.netif_set_netmask)
    netif_set_up                             0x08010929   Thumb Code    44  netif.o(i.netif_set_up)
    ntohl                                    0x08010955   Thumb Code    12  inet.o(i.ntohl)
    ntohs                                    0x08010961   Thumb Code    12  inet.o(i.ntohs)
    pbuf_alloc                               0x0801096d   Thumb Code   542  pbuf.o(i.pbuf_alloc)
    pbuf_cat                                 0x08010b8b   Thumb Code    80  pbuf.o(i.pbuf_cat)
    pbuf_chain                               0x08010bdb   Thumb Code    22  pbuf.o(i.pbuf_chain)
    pbuf_clen                                0x08010bf1   Thumb Code    18  pbuf.o(i.pbuf_clen)
    pbuf_copy                                0x08010c03   Thumb Code   220  pbuf.o(i.pbuf_copy)
    pbuf_copy_partial                        0x08010cdf   Thumb Code   154  pbuf.o(i.pbuf_copy_partial)
    pbuf_free                                0x08010d79   Thumb Code   152  pbuf.o(i.pbuf_free)
    pbuf_header                              0x08010e11   Thumb Code   140  pbuf.o(i.pbuf_header)
    pbuf_realloc                             0x08010e9d   Thumb Code   176  pbuf.o(i.pbuf_realloc)
    pbuf_ref                                 0x08010f4d   Thumb Code    10  pbuf.o(i.pbuf_ref)
    pcf8563_get                              0x08010f57   Thumb Code    88  bsp_pcf8563.o(i.pcf8563_get)
    pcf8563_set                              0x08010faf   Thumb Code    64  bsp_pcf8563.o(i.pcf8563_set)
    put_fat                                  0x08011119   Thumb Code   322  ff.o(i.put_fat)
    raw_input                                0x0801125d   Thumb Code   100  raw.o(i.raw_input)
    sf_ReadID                                0x08011331   Thumb Code    64  bsp_spi_flash.o(i.sf_ReadID)
    sf_ReadInfo                              0x08011375   Thumb Code   164  bsp_spi_flash.o(i.sf_ReadInfo)
    tcp_abandon                              0x08011679   Thumb Code   148  tcp.o(i.tcp_abandon)
    tcp_alloc                                0x08011715   Thumb Code   166  tcp.o(i.tcp_alloc)
    tcp_close                                0x080117c9   Thumb Code   242  tcp.o(i.tcp_close)
    tcp_eff_send_mss                         0x080118cd   Thumb Code    46  tcp.o(i.tcp_eff_send_mss)
    tcp_enqueue                              0x080118fb   Thumb Code  1068  tcp_out.o(i.tcp_enqueue)
    tcp_fasttmr                              0x08011d29   Thumb Code   112  tcp.o(i.tcp_fasttmr)
    tcp_input                                0x08011d9d   Thumb Code  1166  tcp_in.o(i.tcp_input)
    tcp_keepalive                            0x08012245   Thumb Code    92  tcp_out.o(i.tcp_keepalive)
    tcp_next_iss                             0x08012469   Thumb Code    20  tcp.o(i.tcp_next_iss)
    tcp_output                               0x08012485   Thumb Code   610  tcp_out.o(i.tcp_output)
    tcp_pcb_purge                            0x080128f5   Thumb Code    54  tcp.o(i.tcp_pcb_purge)
    tcp_pcb_remove                           0x0801292d   Thumb Code   170  tcp.o(i.tcp_pcb_remove)
    tcp_rexmit                               0x080136b1   Thumb Code    86  tcp_out.o(i.tcp_rexmit)
    tcp_rexmit_rto                           0x08013707   Thumb Code    58  tcp_out.o(i.tcp_rexmit_rto)
    tcp_rst                                  0x08013741   Thumb Code   174  tcp_out.o(i.tcp_rst)
    tcp_seg_free                             0x080137ef   Thumb Code    32  tcp.o(i.tcp_seg_free)
    tcp_segs_free                            0x0801380f   Thumb Code    30  tcp.o(i.tcp_segs_free)
    tcp_send_ctrl                            0x0801382d   Thumb Code    28  tcp_out.o(i.tcp_send_ctrl)
    tcp_slowtmr                              0x08013849   Thumb Code   766  tcp.o(i.tcp_slowtmr)
    tcp_tmr                                  0x08013bb1   Thumb Code    30  tcp.o(i.tcp_tmr)
    tcp_update_rcv_ann_wnd                   0x08013bd5   Thumb Code    56  tcp.o(i.tcp_update_rcv_ann_wnd)
    tcp_zero_window_probe                    0x08013c0d   Thumb Code   102  tcp_out.o(i.tcp_zero_window_probe)
    time_get                                 0x08013c73   Thumb Code   100  bsp_pcf8563.o(i.time_get)
    udp_bind                                 0x08013cd9   Thumb Code   112  udp.o(i.udp_bind)
    udp_disconnect                           0x08013d4d   Thumb Code    28  udp.o(i.udp_disconnect)
    udp_input                                0x08013d6d   Thumb Code   408  udp.o(i.udp_input)
    udp_new                                  0x08013f09   Thumb Code    28  udp.o(i.udp_new)
    udp_recv                                 0x08013f25   Thumb Code     6  udp.o(i.udp_recv)
    udp_remove                               0x08013f2d   Thumb Code    60  udp.o(i.udp_remove)
    udp_sendto                               0x08013f6d   Thumb Code    46  udp.o(i.udp_sendto)
    udp_sendto_if                            0x08013f9b   Thumb Code   212  udp.o(i.udp_sendto_if)
    usprintf                                 0x08014169   Thumb Code    38  ustdlib.o(i.usprintf)
    uvsnprintf                               0x08014191   Thumb Code   686  ustdlib.o(i.uvsnprintf)
    asc24                                    0x0801449c   Data        4560  bsp_lcd.o(.constdata)
    asc20                                    0x0801566c   Data        3800  bsp_lcd.o(.constdata)
    asc16                                    0x08016544   Data        1520  bsp_lcd.o(.constdata)
    num48                                    0x08016b34   Data        2160  bsp_lcd.o(.constdata)
    mem_err_info                             0x080173a4   Data         640  bsp_lcd.o(.constdata)
    tcp_backoff                              0x08017bba   Data          13  tcp.o(.constdata)
    tcp_persist_backoff                      0x08017bc7   Data           7  tcp.o(.constdata)
    ip_addr_any                              0x08017bf2   Data           4  ip_addr.o(.constdata)
    ip_addr_broadcast                        0x08017bf6   Data           4  ip_addr.o(.constdata)
    ethbroadcast                             0x08017bfa   Data           6  etharp.o(.constdata)
    ethzero                                  0x08017c00   Data           6  etharp.o(.constdata)
    Region$$Table$$Base                      0x08017de0   Number         0  anon$$obj.o(Region$$Table)
    Region$$Table$$Limit                     0x08017e00   Number         0  anon$$obj.o(Region$$Table)
    Jump_To_Application                      0x20000000   Data           4  main.o(.data)
    g_iRunTime                               0x20000028   Data           4  bsp_timer.o(.data)
    StopCondition                            0x20000050   Data           4  bsp_sdio_sd.o(.data)
    TransferError                            0x20000054   Data           1  bsp_sdio_sd.o(.data)
    TransferEnd                              0x20000058   Data           4  bsp_sdio_sd.o(.data)
    DMAEndOfTransfer                         0x2000005c   Data           4  bsp_sdio_sd.o(.data)
    fresult                                  0x20000060   Data           1  bsp_lcd.o(.data)
    TCPTimer                                 0x20000064   Data           4  netconf.o(.data)
    ARPTimer                                 0x20000068   Data           4  netconf.o(.data)
    LinkTimer                                0x2000006c   Data           4  netconf.o(.data)
    DHCPfineTimer                            0x20000074   Data           4  netconf.o(.data)
    DHCPcoarseTimer                          0x20000078   Data           4  netconf.o(.data)
    HSEStartUpStatus                         0x2000007c   Data           1  usb_bsp.o(.data)
    BSP_delay                                0x20000080   Data           4  usb_bsp.o(.data)
    USR_cb                                   0x20000084   Data          72  usbh_usr.o(.data)
    MSG_HOST_INIT                            0x200000cc   Data           4  usbh_usr.o(.data)
    MSG_DEV_ATTACHED                         0x200000d0   Data           4  usbh_usr.o(.data)
    MSG_DEV_DISCONNECTED                     0x200000d4   Data           4  usbh_usr.o(.data)
    MSG_DEV_ENUMERATED                       0x200000d8   Data           4  usbh_usr.o(.data)
    MSG_DEV_HIGHSPEED                        0x200000dc   Data           4  usbh_usr.o(.data)
    MSG_DEV_FULLSPEED                        0x200000e0   Data           4  usbh_usr.o(.data)
    MSG_DEV_LOWSPEED                         0x200000e4   Data           4  usbh_usr.o(.data)
    MSG_DEV_ERROR                            0x200000e8   Data           4  usbh_usr.o(.data)
    MSG_MSC_CLASS                            0x200000ec   Data           4  usbh_usr.o(.data)
    MSG_HID_CLASS                            0x200000f0   Data           4  usbh_usr.o(.data)
    MSG_DISK_SIZE                            0x200000f4   Data           4  usbh_usr.o(.data)
    MSG_LUN                                  0x200000f8   Data           4  usbh_usr.o(.data)
    MSG_ROOT_CONT                            0x200000fc   Data           4  usbh_usr.o(.data)
    MSG_WR_PROTECT                           0x20000100   Data           4  usbh_usr.o(.data)
    MSG_UNREC_ERROR                          0x20000104   Data           4  usbh_usr.o(.data)
    DMATxDescToSet                           0x2000011c   Data           4  stm32f4x7_eth.o(.data)
    DMARxDescToGet                           0x20000120   Data           4  stm32f4x7_eth.o(.data)
    DMA_RX_FRAME_infos                       0x20000124   Data           4  stm32f4x7_eth.o(.data)
    Frame_Rx_index                           0x20000128   Data           4  stm32f4x7_eth.o(.data)
    SystemCoreClock                          0x2000012c   Data           4  system_stm32f4xx.o(.data)
    AHBPrescTable                            0x20000130   Data          16  system_stm32f4xx.o(.data)
    tcp_ticks                                0x2000014c   Data           4  tcp.o(.data)
    tcp_bound_pcbs                           0x20000150   Data           4  tcp.o(.data)
    tcp_listen_pcbs                          0x20000154   Data           4  tcp.o(.data)
    tcp_active_pcbs                          0x20000158   Data           4  tcp.o(.data)
    tcp_tw_pcbs                              0x2000015c   Data           4  tcp.o(.data)
    tcp_tmp_pcb                              0x20000160   Data           4  tcp.o(.data)
    tcp_input_pcb                            0x20000188   Data           4  tcp_in.o(.data)
    udp_pcbs                                 0x2000018c   Data           4  udp.o(.data)
    netif_list                               0x200001a0   Data           4  netif.o(.data)
    netif_default                            0x200001a4   Data           4  netif.o(.data)
    tcp_end_time                             0x200001c4   Data           4  ethernetif.o(.data)
    arp_end_time                             0x200001c8   Data           4  ethernetif.o(.data)
    MACaddr                                  0x200001cc   Data           6  ethernetif.o(.data)
    DMATxDesc                                0x200001d4   Data           4  ethernetif.o(.data)
    MSC_Setup                                0x200001ec   Data           8  usbh_msc_core.o(.data)
    MSCErrorCount                            0x200001f4   Data           1  usbh_msc_core.o(.data)
    USBH_MSC_cb                              0x200001f8   Data          16  usbh_msc_core.o(.data)
    USBH_HCD_INT_cb                          0x2000020c   Data          12  usbh_core.o(.data)
    USBH_HCD_INT_fops                        0x20000218   Data           4  usbh_core.o(.data)
    __stdout                                 0x20000224   Data           4  stdout.o(.data)
    SDCardInfo                               0x20000950   Data          88  bsp_sdio_sd.o(.bss)
    SDIO_InitStructure                       0x200009a8   Data          24  bsp_sdio_sd.o(.bss)
    SDIO_CmdInitStructure                    0x200009c0   Data          20  bsp_sdio_sd.o(.bss)
    SDIO_DataInitStructure                   0x200009d4   Data          24  bsp_sdio_sd.o(.bss)
    file_obj                                 0x20001bbc   Data         552  bsp_lcd.o(.bss)
    english_obj                              0x20001de4   Data         552  bsp_lcd.o(.bss)
    chinese_obj                              0x2000200c   Data         552  bsp_lcd.o(.bss)
    disp_buff                                0x20002234   Data          40  bsp_lcd.o(.bss)
    g_tSF                                    0x2000225c   Data          28  bsp_spi_flash.o(.bss)
    netif                                    0x20002278   Data          48  netconf.o(.bss)
    USB_OTG_Core                             0x200022a8   Data        1452  usbh_usr.o(.bss)
    USB_Host                                 0x20002854   Data         132  usbh_usr.o(.bss)
    RX_Frame_Descriptor                      0x20002b08   Data          12  stm32f4x7_eth.o(.bss)
    DMARxDscrTab                             0x2000ca94   Data         160  ethernetif.o(.bss)
    DMATxDscrTab                             0x2000cb34   Data         160  ethernetif.o(.bss)
    Rx_Buff                                  0x2000cbd4   Data        7620  ethernetif.o(.bss)
    Tx_Buff                                  0x2000e998   Data        7620  ethernetif.o(.bss)
    USBH_MSC_CBWData                         0x2001075c   Data          32  usbh_msc_bot.o(.bss)
    USBH_MSC_CSWData                         0x2001077c   Data          16  usbh_msc_bot.o(.bss)
    USBH_MSC_BOTXferParam                    0x2001078c   Data          16  usbh_msc_bot.o(.bss)
    MSC_Machine                              0x2001079c   Data         522  usbh_msc_core.o(.bss)
    USBH_MSC_Param                           0x200109a8   Data          16  usbh_msc_scsi.o(.bss)
    USBH_DataInBuffer                        0x200109b8   Data         512  usbh_msc_scsi.o(.bss)
    USBH_DataOutBuffer                       0x20010bb8   Data         512  usbh_msc_scsi.o(.bss)
    USBH_CfgDesc                             0x20010db8   Data         512  usbh_stdreq.o(.bss)
    __initial_sp                             0x20011fb8   Data           0  startup_stm32f40_41xxx.o(STACK)



==============================================================================

Memory Map of the image

  Image Entry point : 0x08000189

  Load Region LR_IROM1 (Base: 0x08000000, Size: 0x00018028, Max: 0x00080000, ABSOLUTE, COMPRESSED[0x00017eb4])

    Execution Region ER_IROM1 (Base: 0x08000000, Size: 0x00017e00, Max: 0x00080000, ABSOLUTE)

    Base Addr    Size         Type   Attr      Idx    E Section Name        Object

    0x08000000   0x00000188   Data   RO         6365    RESET               startup_stm32f40_41xxx.o
    0x08000188   0x00000000   Code   RO         8907  * .ARM.Collect$$$$00000000  mc_w.l(entry.o)
    0x08000188   0x00000004   Code   RO         9195    .ARM.Collect$$$$00000001  mc_w.l(entry2.o)
    0x0800018c   0x00000004   Code   RO         9198    .ARM.Collect$$$$00000004  mc_w.l(entry5.o)
    0x08000190   0x00000000   Code   RO         9200    .ARM.Collect$$$$00000008  mc_w.l(entry7b.o)
    0x08000190   0x00000000   Code   RO         9202    .ARM.Collect$$$$0000000A  mc_w.l(entry8b.o)
    0x08000190   0x00000008   Code   RO         9203    .ARM.Collect$$$$0000000B  mc_w.l(entry9a.o)
    0x08000198   0x00000000   Code   RO         9205    .ARM.Collect$$$$0000000D  mc_w.l(entry10a.o)
    0x08000198   0x00000000   Code   RO         9207    .ARM.Collect$$$$0000000F  mc_w.l(entry11a.o)
    0x08000198   0x00000004   Code   RO         9196    .ARM.Collect$$$$00002712  mc_w.l(entry2.o)
    0x0800019c   0x00000024   Code   RO         6366    .text               startup_stm32f40_41xxx.o
    0x080001c0   0x00000024   Code   RO         8910    .text               mc_w.l(memcpya.o)
    0x080001e4   0x00000024   Code   RO         8912    .text               mc_w.l(memseta.o)
    0x08000208   0x00000018   Code   RO         8914    .text               mc_w.l(strcat.o)
    0x08000220   0x00000018   Code   RO         8916    .text               mc_w.l(strncpy.o)
    0x08000238   0x00000012   Code   RO         8922    .text               mc_w.l(strcpy.o)
    0x0800024a   0x0000002c   Code   RO         9210    .text               mc_w.l(uidiv.o)
    0x08000276   0x00000002   PAD
    0x08000278   0x00000024   Code   RO         9227    .text               mc_w.l(init.o)
    0x0800029c   0x00000056   Code   RO         9241    .text               mc_w.l(__dczerorl2.o)
    0x080002f2   0x00000074   Code   RO         1715    i.Active_Window     bsp_ra8875.o
    0x08000366   0x00000002   PAD
    0x08000368   0x000000e4   Code   RO         3601    i.AutoEnterSystemCue  global.o
    0x0800044c   0x0000001c   Code   RO          661    i.BSP_InitAll       bsp.o
    0x08000468   0x00000010   Code   RO          662    i.BSP_InitPort      bsp.o
    0x08000478   0x000000a0   Code   RO          949    i.BeepISR           bsp_io.o
    0x08000518   0x00000010   Code   RO          950    i.BeepOff           bsp_io.o
    0x08000528   0x00000010   Code   RO          951    i.BeepOn            bsp_io.o
    0x08000538   0x00000004   Code   RO         6414    i.BusFault_Handler  stm32f4xx_it.o
    0x0800053c   0x00000084   Code   RO          476    i.Check_SD_UpdateFileExist  sd_update.o
    0x080005c0   0x00000084   Code   RO          352    i.Check_USB_UpdateFileExist  usb_update.o
    0x08000644   0x00000012   Code   RO         1721    i.Chk_Busy          bsp_ra8875.o
    0x08000656   0x0000001e   Code   RO         1727    i.Clear_Active_Window  bsp_ra8875.o
    0x08000674   0x0000000a   Code   RO            4    i.CloseAllInterrupt  main.o
    0x0800067e   0x00000002   PAD
    0x08000680   0x00000010   Code   RO          953    i.ClrOutportBit     bsp_io.o
    0x08000690   0x0000002c   Code   RO         1447    i.CmdError          bsp_sdio_sd.o
    0x080006bc   0x00000134   Code   RO         1448    i.CmdResp1Error     bsp_sdio_sd.o
    0x080007f0   0x0000004c   Code   RO         1449    i.CmdResp2Error     bsp_sdio_sd.o
    0x0800083c   0x00000038   Code   RO         1450    i.CmdResp3Error     bsp_sdio_sd.o
    0x08000874   0x0000009c   Code   RO         1451    i.CmdResp6Error     bsp_sdio_sd.o
    0x08000910   0x0000004c   Code   RO         1452    i.CmdResp7Error     bsp_sdio_sd.o
    0x0800095c   0x0000003e   Code   RO          852    i.ComSend           bsp_uart.o
    0x0800099a   0x00000002   PAD
    0x0800099c   0x00000038   Code   RO          853    i.ComToUart         bsp_uart.o
    0x080009d4   0x0000002c   Code   RO            5    i.ConfirmAutoUpdatePassword  main.o
    0x08000a00   0x00000008   Code   RO         1453    i.DMA2_Stream3_IRQHandler  bsp_sdio_sd.o
    0x08000a08   0x00000108   Code   RO         5052    i.DMA_ClearFlag     stm32f4xx_dma.o
    0x08000b10   0x000000e0   Code   RO         5054    i.DMA_Cmd           stm32f4xx_dma.o
    0x08000bf0   0x00000204   Code   RO         5055    i.DMA_DeInit        stm32f4xx_dma.o
    0x08000df4   0x000000e0   Code   RO         5058    i.DMA_FlowControllerConfig  stm32f4xx_dma.o
    0x08000ed4   0x00000118   Code   RO         5065    i.DMA_ITConfig      stm32f4xx_dma.o
    0x08000fec   0x000002c0   Code   RO         5066    i.DMA_Init          stm32f4xx_dma.o
    0x080012ac   0x00000002   Code   RO         6415    i.DebugMon_Handler  stm32f4xx_it.o
    0x080012ae   0x00000014   Code   RO         1734    i.Display_ON        bsp_ra8875.o
    0x080012c2   0x00000016   Code   RO         1749    i.Draw_square_fill  bsp_ra8875.o
    0x080012d8   0x00000022   Code   RO         2959    i.ETHERNET_NVICConfiguration  bsp_lan8720.o
    0x080012fa   0x00000002   PAD
    0x080012fc   0x00000048   Code   RO         5778    i.ETH_DMAClearITPendingBit  stm32f4x7_eth.o
    0x08001344   0x00000070   Code   RO         5779    i.ETH_DMAITConfig   stm32f4x7_eth.o
    0x080013b4   0x00000058   Code   RO         5780    i.ETH_DMAReceptionCmd  stm32f4x7_eth.o
    0x0800140c   0x00000064   Code   RO         5781    i.ETH_DMARxDescChainInit  stm32f4x7_eth.o
    0x08001470   0x00000050   Code   RO         5782    i.ETH_DMARxDescReceiveITConfig  stm32f4x7_eth.o
    0x080014c0   0x00000058   Code   RO         5783    i.ETH_DMATransmissionCmd  stm32f4x7_eth.o
    0x08001518   0x00000050   Code   RO         5786    i.ETH_DMATxDescChainInit  stm32f4x7_eth.o
    0x08001568   0x00000050   Code   RO         5787    i.ETH_DMATxDescChecksumInsertionConfig  stm32f4x7_eth.o
    0x080015b8   0x00000016   Code   RO         5792    i.ETH_DeInit        stm32f4x7_eth.o
    0x080015ce   0x0000001c   Code   RO         5793    i.ETH_Delay         stm32f4x7_eth.o
    0x080015ea   0x00000002   PAD
    0x080015ec   0x00000014   Code   RO         5795    i.ETH_FlushTransmitFIFO  stm32f4x7_eth.o
    0x08001600   0x0000000c   Code   RO         7997    i.ETH_GetCurrentTxBuffer  ethernetif.o
    0x0800160c   0x0000000a   Code   RO         5807    i.ETH_GetDMARxDescFrameLength  stm32f4x7_eth.o
    0x08001616   0x0000002a   Code   RO         5820    i.ETH_GetRxPktSize  stm32f4x7_eth.o
    0x08001640   0x00000018   Code   RO         5821    i.ETH_GetSoftwareResetStatus  stm32f4x7_eth.o
    0x08001658   0x00000028   Code   RO         2960    i.ETH_IRQHandler    bsp_lan8720.o
    0x08001680   0x00000880   Code   RO         5826    i.ETH_Init          stm32f4x7_eth.o
    0x08001f00   0x00000070   Code   RO         5828    i.ETH_MACAddressConfig  stm32f4x7_eth.o
    0x08001f70   0x0000008c   Code   RO         2961    i.ETH_MACDMA_Config  bsp_lan8720.o
    0x08001ffc   0x00000058   Code   RO         5833    i.ETH_MACReceptionCmd  stm32f4x7_eth.o
    0x08002054   0x00000058   Code   RO         5834    i.ETH_MACTransmissionCmd  stm32f4x7_eth.o
    0x080020ac   0x000000b0   Code   RO         5846    i.ETH_ReadPHYRegister  stm32f4x7_eth.o
    0x0800215c   0x0000009c   Code   RO         7998    i.ETH_RxPkt_ChainMode  ethernetif.o
    0x080021f8   0x00000014   Code   RO         5854    i.ETH_SoftwareReset  stm32f4x7_eth.o
    0x0800220c   0x00000020   Code   RO         5855    i.ETH_Start         stm32f4x7_eth.o
    0x0800222c   0x000000b2   Code   RO         5856    i.ETH_StructInit    stm32f4x7_eth.o
    0x080022de   0x00000002   PAD
    0x080022e0   0x00000068   Code   RO         7999    i.ETH_TxPkt_ChainMode  ethernetif.o
    0x08002348   0x000000b0   Code   RO         5858    i.ETH_WritePHYRegister  stm32f4x7_eth.o
    0x080023f8   0x00000048   Code   RO         5517    i.FLASH_ClearFlag   stm32f4xx_flash.o
    0x08002440   0x00000130   Code   RO         5523    i.FLASH_EraseSector  stm32f4xx_flash.o
    0x08002570   0x00000054   Code   RO         5525    i.FLASH_GetStatus   stm32f4xx_flash.o
    0x080025c4   0x00000050   Code   RO          625    i.FLASH_If_Erase    flash_if.o
    0x08002614   0x00000008   Code   RO          626    i.FLASH_If_Init     flash_if.o
    0x0800261c   0x00000058   Code   RO          627    i.FLASH_If_Write    flash_if.o
    0x08002674   0x00000014   Code   RO         5529    i.FLASH_Lock        stm32f4xx_flash.o
    0x08002688   0x00000098   Code   RO         5550    i.FLASH_ProgramByte  stm32f4xx_flash.o
    0x08002720   0x0000009c   Code   RO         5553    i.FLASH_ProgramWord  stm32f4xx_flash.o
    0x080027bc   0x00000024   Code   RO         5555    i.FLASH_Unlock      stm32f4xx_flash.o
    0x080027e0   0x00000022   Code   RO         5556    i.FLASH_WaitForLastOperation  stm32f4xx_flash.o
    0x08002802   0x00000070   Code   RO         2471    i.FSMC_LCD_Init     bsp_lcd.o
    0x08002872   0x00000002   PAD
    0x08002874   0x00000084   Code   RO         5393    i.FSMC_NORSRAMCmd   stm32f4xx_fsmc.o
    0x080028f8   0x00000360   Code   RO         5395    i.FSMC_NORSRAMInit  stm32f4xx_fsmc.o
    0x08002c58   0x00000194   Code   RO         1454    i.FindSCR           bsp_sdio_sd.o
    0x08002dec   0x0000000c   Code   RO          309    i.GPIO_Configuration  initial.o
    0x08002df8   0x000001ac   Code   RO         3687    i.GPIO_Init         stm32f4xx_gpio.o
    0x08002fa4   0x000001ac   Code   RO         3688    i.GPIO_PinAFConfig  stm32f4xx_gpio.o
    0x08003150   0x00000110   Code   RO         3691    i.GPIO_ReadInputDataBit  stm32f4xx_gpio.o
    0x08003260   0x000000b4   Code   RO         3694    i.GPIO_ResetBits    stm32f4xx_gpio.o
    0x08003314   0x000000b4   Code   RO         3695    i.GPIO_SetBits      stm32f4xx_gpio.o
    0x080033c8   0x00000074   Code   RO         1752    i.Geometric_Coordinate  bsp_ra8875.o
    0x0800343c   0x0000001c   Code   RO         3095    i.GetEthLinkStatus  netconf.o
    0x08003458   0x00000050   Code   RO          954    i.GetKey            bsp_io.o
    0x080034a8   0x000000e0   Code   RO         2753    i.GetSector         bsp_flash.o
    0x08003588   0x00000014   Code   RO         3251    i.Get_USB_Status    usbh_usr.o
    0x0800359c   0x0000000a   Code   RO         8826    i.HCD_GetCurrentFrame  usb_hcd.o
    0x080035a6   0x00000014   Code   RO         8827    i.HCD_GetCurrentSpeed  usb_hcd.o
    0x080035ba   0x0000000a   Code   RO         8829    i.HCD_GetURB_State  usb_hcd.o
    0x080035c4   0x0000000c   Code   RO         8830    i.HCD_GetXferCnt    usb_hcd.o
    0x080035d0   0x00000060   Code   RO         8832    i.HCD_Init          usb_hcd.o
    0x08003630   0x00000008   Code   RO         8833    i.HCD_IsDeviceConnected  usb_hcd.o
    0x08003638   0x0000000e   Code   RO         8834    i.HCD_ResetPort     usb_hcd.o
    0x08003646   0x00000020   Code   RO         8835    i.HCD_SubmitRequest  usb_hcd.o
    0x08003666   0x0000001a   Code   RO         1767    i.HDIR_SEG0_SEGn    bsp_ra8875.o
    0x08003680   0x0000001a   Code   RO          310    i.HardFault_Handler  initial.o
    0x0800369a   0x00000002   PAD
    0x0800369c   0x00000030   Code   RO          527    i.IAP_tftp_cleanup_wr  tftpserver.o
    0x080036cc   0x00000006   Code   RO          528    i.IAP_tftp_decode_op  tftpserver.o
    0x080036d2   0x0000000e   Code   RO          529    i.IAP_tftp_extract_block  tftpserver.o
    0x080036e0   0x00000108   Code   RO          530    i.IAP_tftp_process_write  tftpserver.o
    0x080037e8   0x0000013c   Code   RO          531    i.IAP_tftp_recv_callback  tftpserver.o
    0x08003924   0x000000a8   Code   RO          532    i.IAP_tftp_send_ack_packet  tftpserver.o
    0x080039cc   0x00000012   Code   RO          533    i.IAP_tftp_set_block  tftpserver.o
    0x080039de   0x00000008   Code   RO          534    i.IAP_tftp_set_opcode  tftpserver.o
    0x080039e6   0x00000002   PAD
    0x080039e8   0x000000e8   Code   RO          535    i.IAP_tftpd_init    tftpserver.o
    0x08003ad0   0x000002b8   Code   RO          536    i.IAP_wrq_recv_callback  tftpserver.o
    0x08003d88   0x00000068   Code   RO          957    i.InitBeep          bsp_io.o
    0x08003df0   0x00000070   Code   RO          958    i.InitExt_74HC595   bsp_io.o
    0x08003e60   0x00000008   Code   RO          959    i.InitInport        bsp_io.o
    0x08003e68   0x0000003c   Code   RO          960    i.InitLamp          bsp_io.o
    0x08003ea4   0x0000000c   Code   RO          961    i.InitOutport       bsp_io.o
    0x08003eb0   0x00000010   Code   RO          311    i.InitSystem        initial.o
    0x08003ec0   0x00000060   Code   RO          962    i.Init_74HC165      bsp_io.o
    0x08003f20   0x00000168   Code   RO         1769    i.Init_RA8875       bsp_ra8875.o
    0x08004088   0x0000000c   Code   RO         1770    i.LCD_StatusRead    bsp_ra8875.o
    0x08004094   0x00000054   Code   RO         5859    i.Link_tmr          stm32f4x7_eth.o
    0x080040e8   0x00000058   Code   RO         3096    i.LwIP_Periodic_Handle  netconf.o
    0x08004140   0x00000010   Code   RO         3097    i.LwIP_Pkt_Handle   netconf.o
    0x08004150   0x00000004   Code   RO         6416    i.MemManage_Handler  stm32f4xx_it.o
    0x08004154   0x0000001e   Code   RO         1781    i.Memory_Clear      bsp_ra8875.o
    0x08004172   0x00000002   Code   RO         6417    i.NMI_Handler       stm32f4xx_it.o
    0x08004174   0x0000000c   Code   RO          312    i.NVIC_Configuration  initial.o
    0x08004180   0x000000c4   Code   RO         3638    i.NVIC_Init         misc.o
    0x08004244   0x00000054   Code   RO         3639    i.NVIC_PriorityGroupConfig  misc.o
    0x08004298   0x00000028   Code   RO          720    i.NVIC_SetPriority  bsp_timer.o
    0x080042c0   0x0000005c   Code   RO         3640    i.NVIC_SetVectorTable  misc.o
    0x0800431c   0x00000010   Code   RO         3220    i.OTG_HS_IRQHandler  usbh_it.o
    0x0800432c   0x0000002c   Code   RO          964    i.OutportTask       bsp_io.o
    0x08004358   0x00000026   Code   RO         1797    i.PWM1_clock_ratio  bsp_ra8875.o
    0x0800437e   0x00000022   Code   RO         1801    i.PWM1_duty_cycle   bsp_ra8875.o
    0x080043a0   0x0000001e   Code   RO         1802    i.PWM1_enable       bsp_ra8875.o
    0x080043be   0x0000001e   Code   RO         1803    i.PWM1_fnuction_sel  bsp_ra8875.o
    0x080043dc   0x00000002   Code   RO         6418    i.PendSV_Handler    stm32f4xx_it.o
    0x080043de   0x00000002   PAD
    0x080043e0   0x00000018   Code   RO         1813    i.RA8875_WAITSTATUS  bsp_ra8875.o
    0x080043f8   0x00000070   Code   RO         3788    i.RCC_AHB1PeriphClockCmd  stm32f4xx_rcc.o
    0x08004468   0x00000070   Code   RO         3790    i.RCC_AHB1PeriphResetCmd  stm32f4xx_rcc.o
    0x080044d8   0x0000006c   Code   RO         3794    i.RCC_AHB3PeriphClockCmd  stm32f4xx_rcc.o
    0x08004544   0x00000070   Code   RO         3797    i.RCC_APB1PeriphClockCmd  stm32f4xx_rcc.o
    0x080045b4   0x00000070   Code   RO         3799    i.RCC_APB1PeriphResetCmd  stm32f4xx_rcc.o
    0x08004624   0x00000070   Code   RO         3800    i.RCC_APB2PeriphClockCmd  stm32f4xx_rcc.o
    0x08004694   0x00000070   Code   RO         3802    i.RCC_APB2PeriphResetCmd  stm32f4xx_rcc.o
    0x08004704   0x000000e8   Code   RO         3809    i.RCC_GetClocksFreq  stm32f4xx_rcc.o
    0x080047ec   0x00000014   Code   RO         1814    i.ReadCOMM          bsp_ra8875.o
    0x08004800   0x00000012   Code   RO         1815    i.ReadData          bsp_ra8875.o
    0x08004812   0x00000002   PAD
    0x08004814   0x0000011c   Code   RO         1456    i.SDEnWideBus       bsp_sdio_sd.o
    0x08004930   0x00000048   Code   RO         5185    i.SDIO_ClearFlag    stm32f4xx_sdio.o
    0x08004978   0x00000048   Code   RO         5186    i.SDIO_ClearITPendingBit  stm32f4xx_sdio.o
    0x080049c0   0x00000040   Code   RO         5187    i.SDIO_ClockCmd     stm32f4xx_sdio.o
    0x08004a00   0x00000040   Code   RO         5190    i.SDIO_DMACmd       stm32f4xx_sdio.o
    0x08004a40   0x00000110   Code   RO         5191    i.SDIO_DataConfig   stm32f4xx_sdio.o
    0x08004b50   0x00000016   Code   RO         5193    i.SDIO_DeInit       stm32f4xx_sdio.o
    0x08004b66   0x00000002   PAD
    0x08004b68   0x0000000c   Code   RO         5194    i.SDIO_GetCommandResponse  stm32f4xx_sdio.o
    0x08004b74   0x000000c8   Code   RO         5197    i.SDIO_GetFlagStatus  stm32f4xx_sdio.o
    0x08004c3c   0x000000c8   Code   RO         5198    i.SDIO_GetITStatus  stm32f4xx_sdio.o
    0x08004d04   0x00000010   Code   RO         5199    i.SDIO_GetPowerState  stm32f4xx_sdio.o
    0x08004d14   0x00000054   Code   RO         5200    i.SDIO_GetResponse  stm32f4xx_sdio.o
    0x08004d68   0x00000008   Code   RO         1457    i.SDIO_IRQHandler   bsp_sdio_sd.o
    0x08004d70   0x0000006c   Code   RO         5201    i.SDIO_ITConfig     stm32f4xx_sdio.o
    0x08004ddc   0x000000d4   Code   RO         5202    i.SDIO_Init         stm32f4xx_sdio.o
    0x08004eb0   0x00000032   Code   RO         1458    i.SDIO_Interrupts_Config  bsp_sdio_sd.o
    0x08004ee2   0x00000002   PAD
    0x08004ee4   0x0000000c   Code   RO         5203    i.SDIO_ReadData     stm32f4xx_sdio.o
    0x08004ef0   0x000000b8   Code   RO         5205    i.SDIO_SendCommand  stm32f4xx_sdio.o
    0x08004fa8   0x00000040   Code   RO         5207    i.SDIO_SetPowerState  stm32f4xx_sdio.o
    0x08004fe8   0x00000020   Code   RO         1460    i.SD_Detect         bsp_sdio_sd.o
    0x08005008   0x00000090   Code   RO         1461    i.SD_EnableWideBusOperation  bsp_sdio_sd.o
    0x08005098   0x000000f8   Code   RO          477    i.SD_EraseFlashOperation  sd_update.o
    0x08005190   0x0000030c   Code   RO         1463    i.SD_GetCardInfo    bsp_sdio_sd.o
    0x0800549c   0x00000026   Code   RO         1465    i.SD_GetState       bsp_sdio_sd.o
    0x080054c2   0x0000001e   Code   RO         1466    i.SD_GetStatus      bsp_sdio_sd.o
    0x080054e0   0x00000088   Code   RO         1468    i.SD_Init           bsp_sdio_sd.o
    0x08005568   0x0000013c   Code   RO         1469    i.SD_InitializeCards  bsp_sdio_sd.o
    0x080056a4   0x0000008c   Code   RO         1470    i.SD_LowLevel_DMA_RxConfig  bsp_sdio_sd.o
    0x08005730   0x00000090   Code   RO         1471    i.SD_LowLevel_DMA_TxConfig  bsp_sdio_sd.o
    0x080057c0   0x000000c4   Code   RO         1473    i.SD_LowLevel_Init  bsp_sdio_sd.o
    0x08005884   0x000001a0   Code   RO         1475    i.SD_PowerON        bsp_sdio_sd.o
    0x08005a24   0x00000028   Code   RO         1476    i.SD_ProcessDMAIRQ  bsp_sdio_sd.o
    0x08005a4c   0x000000ac   Code   RO         1477    i.SD_ProcessIRQSrc  bsp_sdio_sd.o
    0x08005af8   0x000000d0   Code   RO          478    i.SD_ProgramFlashOperation  sd_update.o
    0x08005bc8   0x000000e0   Code   RO         1478    i.SD_ReadBlock      bsp_sdio_sd.o
    0x08005ca8   0x000000e8   Code   RO         1479    i.SD_ReadMultiBlocks  bsp_sdio_sd.o
    0x08005d90   0x00000034   Code   RO         1480    i.SD_SelectDeselect  bsp_sdio_sd.o
    0x08005dc4   0x00000054   Code   RO         1482    i.SD_SendStatus     bsp_sdio_sd.o
    0x08005e18   0x00000034   Code   RO         1483    i.SD_StopTransfer   bsp_sdio_sd.o
    0x08005e4c   0x000002b4   Code   RO          479    i.SD_UpDate         sd_update.o
    0x08006100   0x000001cc   Code   RO          480    i.SD_UpdateExecute  sd_update.o
    0x080062cc   0x00000080   Code   RO         1484    i.SD_WaitReadOperation  bsp_sdio_sd.o
    0x0800634c   0x000000dc   Code   RO         1486    i.SD_WriteBlock     bsp_sdio_sd.o
    0x08006428   0x00000148   Code   RO         1487    i.SD_WriteMultiBlocks  bsp_sdio_sd.o
    0x08006570   0x00000098   Code   RO         4890    i.SPI_Cmd           stm32f4xx_spi.o
    0x08006608   0x000000c4   Code   RO         4898    i.SPI_I2S_GetFlagStatus  stm32f4xx_spi.o
    0x080066cc   0x00000080   Code   RO         4901    i.SPI_I2S_ReceiveData  stm32f4xx_spi.o
    0x0800674c   0x00000084   Code   RO         4902    i.SPI_I2S_SendData  stm32f4xx_spi.o
    0x080067d0   0x000001a8   Code   RO         4903    i.SPI_Init          stm32f4xx_spi.o
    0x08006978   0x00000002   Code   RO         6419    i.SVC_Handler       stm32f4xx_it.o
    0x0800697a   0x00000002   PAD
    0x0800697c   0x00000040   Code   RO         6308    i.SYSCFG_ETH_MediaInterfaceConfig  stm32f4xx_syscfg.o
    0x080069bc   0x00000050   Code   RO          970    i.SetLampVal        bsp_io.o
    0x08006a0c   0x00000010   Code   RO          972    i.SetOutportBit     bsp_io.o
    0x08006a1c   0x000000ec   Code   RO         6373    i.SetSysClock       system_stm32f4xx.o
    0x08006b08   0x0000002c   Code   RO         8000    i.Set_MAC_Address   ethernetif.o
    0x08006b34   0x0000001c   Code   RO         1819    i.Software_Reset    bsp_ra8875.o
    0x08006b50   0x00000008   Code   RO          721    i.SysTick_Handler   bsp_timer.o
    0x08006b58   0x0000005c   Code   RO          722    i.SysTick_ISR       bsp_timer.o
    0x08006bb4   0x00000068   Code   RO         6375    i.SystemInit        system_stm32f4xx.o
    0x08006c1c   0x0000004c   Code   RO         3602    i.SystemSoftwareReset  global.o
    0x08006c68   0x00000008   Code   RO         3221    i.TIM2_IRQHandler   usbh_it.o
    0x08006c70   0x00000038   Code   RO          723    i.TIM3_IRQHandler   bsp_timer.o
    0x08006ca8   0x000000c0   Code   RO         4137    i.TIM_ClearITPendingBit  stm32f4xx_tim.o
    0x08006d68   0x000000e4   Code   RO         4142    i.TIM_Cmd           stm32f4xx_tim.o
    0x08006e4c   0x00000110   Code   RO         4163    i.TIM_GetITStatus   stm32f4xx_tim.o
    0x08006f5c   0x00000032   Code   RO         1823    i.Text_Foreground_Color  bsp_ra8875.o
    0x08006f8e   0x00000002   PAD
    0x08006f90   0x00000050   Code   RO          537    i.UDP_AddUpdateError  tftpserver.o
    0x08006fe0   0x000000fc   Code   RO          538    i.UDP_EraseFlashCue  tftpserver.o
    0x080070dc   0x00000238   Code   RO          539    i.UDP_Update        tftpserver.o
    0x08007314   0x00000010   Code   RO          856    i.USART6_IRQHandler  bsp_uart.o
    0x08007324   0x000000cc   Code   RO         4692    i.USART_ClearFlag   stm32f4xx_usart.o
    0x080073f0   0x000000ac   Code   RO         4696    i.USART_Cmd         stm32f4xx_usart.o
    0x0800749c   0x00000148   Code   RO         4698    i.USART_DeInit      stm32f4xx_usart.o
    0x080075e4   0x000000f8   Code   RO         4699    i.USART_GetFlagStatus  stm32f4xx_usart.o
    0x080076dc   0x00000164   Code   RO         4700    i.USART_GetITStatus  stm32f4xx_usart.o
    0x08007840   0x00000150   Code   RO         4702    i.USART_ITConfig    stm32f4xx_usart.o
    0x08007990   0x00000224   Code   RO         4703    i.USART_Init        stm32f4xx_usart.o
    0x08007bb4   0x00000088   Code   RO         4710    i.USART_ReceiveData  stm32f4xx_usart.o
    0x08007c3c   0x0000009c   Code   RO         4713    i.USART_SendData    stm32f4xx_usart.o
    0x08007cd8   0x00000026   Code   RO         8322    i.USBH_Alloc_Channel  usbh_hcs.o
    0x08007cfe   0x00000060   Code   RO         8375    i.USBH_BulkReceiveData  usbh_ioreq.o
    0x08007d5e   0x0000005e   Code   RO         8376    i.USBH_BulkSendData  usbh_ioreq.o
    0x08007dbc   0x0000004c   Code   RO         8458    i.USBH_ClrFeature   usbh_stdreq.o
    0x08007e08   0x0000000c   Code   RO         8245    i.USBH_Connected    usbh_core.o
    0x08007e14   0x00000046   Code   RO         8377    i.USBH_CtlReceiveData  usbh_ioreq.o
    0x08007e5a   0x00000064   Code   RO         8378    i.USBH_CtlReq       usbh_ioreq.o
    0x08007ebe   0x0000006e   Code   RO         8379    i.USBH_CtlSendData  usbh_ioreq.o
    0x08007f2c   0x00000042   Code   RO         8380    i.USBH_CtlSendSetup  usbh_ioreq.o
    0x08007f6e   0x0000001c   Code   RO         8323    i.USBH_DeAllocate_AllChannel  usbh_hcs.o
    0x08007f8a   0x0000003a   Code   RO         8246    i.USBH_DeInit       usbh_core.o
    0x08007fc4   0x0000000c   Code   RO         8247    i.USBH_Disconnected  usbh_core.o
    0x08007fd0   0x0000002e   Code   RO         8248    i.USBH_ErrorHandle  usbh_core.o
    0x08007ffe   0x0000001e   Code   RO         8324    i.USBH_Free_Channel  usbh_hcs.o
    0x0800801c   0x00000044   Code   RO         8459    i.USBH_GetDescriptor  usbh_stdreq.o
    0x08008060   0x00000028   Code   RO         8325    i.USBH_GetFreeChannel  usbh_hcs.o
    0x08008088   0x00000012   Code   RO         8460    i.USBH_GetNextDesc  usbh_stdreq.o
    0x0800809a   0x00000002   PAD
    0x0800809c   0x0000005c   Code   RO         8461    i.USBH_Get_CfgDesc  usbh_stdreq.o
    0x080080f8   0x00000038   Code   RO         8462    i.USBH_Get_DevDesc  usbh_stdreq.o
    0x08008130   0x0000003c   Code   RO         8463    i.USBH_Get_StringDesc  usbh_stdreq.o
    0x0800816c   0x00000224   Code   RO         8249    i.USBH_HandleControl  usbh_core.o
    0x08008390   0x000001dc   Code   RO         8250    i.USBH_HandleEnum   usbh_core.o
    0x0800856c   0x00000044   Code   RO         8251    i.USBH_Init         usbh_core.o
    0x080085b0   0x00000024   Code   RO         8123    i.USBH_MSC_BOTReset  usbh_msc_core.o
    0x080085d4   0x00000060   Code   RO         8074    i.USBH_MSC_BOT_Abort  usbh_msc_bot.o
    0x08008634   0x00000014   Code   RO         8124    i.USBH_MSC_ClassRequest  usbh_msc_core.o
    0x08008648   0x00000080   Code   RO         8075    i.USBH_MSC_DecodeCSW  usbh_msc_bot.o
    0x080086c8   0x00000044   Code   RO         8125    i.USBH_MSC_ErrorHandle  usbh_msc_core.o
    0x0800870c   0x0000002c   Code   RO         8126    i.USBH_MSC_GETMaxLUN  usbh_msc_core.o
    0x08008738   0x000001a8   Code   RO         8127    i.USBH_MSC_Handle   usbh_msc_core.o
    0x080088e0   0x00000350   Code   RO         8076    i.USBH_MSC_HandleBOTXfer  usbh_msc_bot.o
    0x08008c30   0x00000044   Code   RO         8077    i.USBH_MSC_Init     usbh_msc_bot.o
    0x08008c74   0x0000004c   Code   RO         8128    i.USBH_MSC_InterfaceDeInit  usbh_msc_core.o
    0x08008cc0   0x000000d0   Code   RO         8129    i.USBH_MSC_InterfaceInit  usbh_msc_core.o
    0x08008d90   0x000000d0   Code   RO         8184    i.USBH_MSC_ModeSense6  usbh_msc_scsi.o
    0x08008e60   0x00000100   Code   RO         8185    i.USBH_MSC_Read10   usbh_msc_scsi.o
    0x08008f60   0x000000dc   Code   RO         8186    i.USBH_MSC_ReadCapacity10  usbh_msc_scsi.o
    0x0800903c   0x000000e0   Code   RO         8187    i.USBH_MSC_RequestSense  usbh_msc_scsi.o
    0x0800911c   0x000000b0   Code   RO         8188    i.USBH_MSC_TestUnitReady  usbh_msc_scsi.o
    0x080091cc   0x000000e4   Code   RO         8189    i.USBH_MSC_Write10  usbh_msc_scsi.o
    0x080092b0   0x00000064   Code   RO         8326    i.USBH_Modify_Channel  usbh_hcs.o
    0x08009314   0x000000a8   Code   RO         8562    i.USBH_OTG_ISR_Handler  usb_hcd_int.o
    0x080093bc   0x0000009a   Code   RO         8327    i.USBH_Open_Channel  usbh_hcs.o
    0x08009456   0x00000002   PAD
    0x08009458   0x0000011c   Code   RO         8464    i.USBH_ParseCfgDesc  usbh_stdreq.o
    0x08009574   0x00000058   Code   RO         8465    i.USBH_ParseDevDesc  usbh_stdreq.o
    0x080095cc   0x00000020   Code   RO         8466    i.USBH_ParseEPDesc  usbh_stdreq.o
    0x080095ec   0x00000026   Code   RO         8467    i.USBH_ParseInterfaceDesc  usbh_stdreq.o
    0x08009612   0x00000036   Code   RO         8468    i.USBH_ParseStringDesc  usbh_stdreq.o
    0x08009648   0x00000198   Code   RO         8252    i.USBH_Process      usbh_core.o
    0x080097e0   0x00000006   Code   RO         8253    i.USBH_SOF          usbh_core.o
    0x080097e6   0x00000026   Code   RO         8469    i.USBH_SetAddress   usbh_stdreq.o
    0x0800980c   0x00000026   Code   RO         8470    i.USBH_SetCfg       usbh_stdreq.o
    0x08009832   0x00000018   Code   RO         8385    i.USBH_SubmitSetupRequest  usbh_ioreq.o
    0x0800984a   0x00000002   PAD
    0x0800984c   0x0000001c   Code   RO         3252    i.USBH_USR_Configuration_DescAvailable  usbh_usr.o
    0x08009868   0x00000002   Code   RO         3253    i.USBH_USR_DeInit   usbh_usr.o
    0x0800986a   0x00000002   Code   RO         3254    i.USBH_USR_DeviceAddressAssigned  usbh_usr.o
    0x0800986c   0x00000002   Code   RO         3255    i.USBH_USR_DeviceAttached  usbh_usr.o
    0x0800986e   0x00000002   PAD
    0x08009870   0x0000000c   Code   RO         3256    i.USBH_USR_DeviceDisconnected  usbh_usr.o
    0x0800987c   0x00000002   Code   RO         3257    i.USBH_USR_DeviceNotSupported  usbh_usr.o
    0x0800987e   0x0000000a   Code   RO         3258    i.USBH_USR_DeviceSpeedDetected  usbh_usr.o
    0x08009888   0x00000006   Code   RO         3259    i.USBH_USR_Device_DescAvailable  usbh_usr.o
    0x0800988e   0x00000002   Code   RO         3260    i.USBH_USR_EnumerationDone  usbh_usr.o
    0x08009890   0x00000014   Code   RO         3261    i.USBH_USR_Init     usbh_usr.o
    0x080098a4   0x00000004   Code   RO         3262    i.USBH_USR_MSC_Application  usbh_usr.o
    0x080098a8   0x00000002   Code   RO         3263    i.USBH_USR_Manufacturer_String  usbh_usr.o
    0x080098aa   0x00000002   Code   RO         3264    i.USBH_USR_OverCurrentDetected  usbh_usr.o
    0x080098ac   0x00000002   Code   RO         3265    i.USBH_USR_Product_String  usbh_usr.o
    0x080098ae   0x00000002   Code   RO         3266    i.USBH_USR_ResetDevice  usbh_usr.o
    0x080098b0   0x00000002   Code   RO         3267    i.USBH_USR_SerialNum_String  usbh_usr.o
    0x080098b2   0x00000002   Code   RO         3268    i.USBH_USR_UnrecoveredError  usbh_usr.o
    0x080098b4   0x00000004   Code   RO         3269    i.USBH_USR_UserInput  usbh_usr.o
    0x080098b8   0x000000f8   Code   RO          353    i.USB_EraseFlashOperation  usb_update.o
    0x080099b0   0x00000008   Code   RO          354    i.USB_EscProcess    usb_update.o
    0x080099b8   0x00000002   Code   RO         3157    i.USB_OTG_BSP_ConfigVBUS  usb_bsp.o
    0x080099ba   0x00000002   Code   RO         3158    i.USB_OTG_BSP_DriveVBUS  usb_bsp.o
    0x080099bc   0x00000024   Code   RO         3159    i.USB_OTG_BSP_EnableInterrupt  usb_bsp.o
    0x080099e0   0x00000050   Code   RO         3160    i.USB_OTG_BSP_Init  usb_bsp.o
    0x08009a30   0x00000038   Code   RO         3161    i.USB_OTG_BSP_TimerIRQ  usb_bsp.o
    0x08009a68   0x0000000c   Code   RO         3162    i.USB_OTG_BSP_mDelay  usb_bsp.o
    0x08009a74   0x0000000c   Code   RO         3163    i.USB_OTG_BSP_uDelay  usb_bsp.o
    0x08009a80   0x00000132   Code   RO         8636    i.USB_OTG_CoreInit  usb_core.o
    0x08009bb2   0x000000da   Code   RO         8637    i.USB_OTG_CoreInitHost  usb_core.o
    0x08009c8c   0x00000070   Code   RO         8638    i.USB_OTG_CoreReset  usb_core.o
    0x08009cfc   0x00000022   Code   RO         8639    i.USB_OTG_DisableGlobalInt  usb_core.o
    0x08009d1e   0x0000005c   Code   RO         8640    i.USB_OTG_DriveVbus  usb_core.o
    0x08009d7a   0x00000034   Code   RO         8641    i.USB_OTG_EnableCommonInt  usb_core.o
    0x08009dae   0x00000022   Code   RO         8642    i.USB_OTG_EnableGlobalInt  usb_core.o
    0x08009dd0   0x00000074   Code   RO         8643    i.USB_OTG_EnableHostInt  usb_core.o
    0x08009e44   0x0000004c   Code   RO         8644    i.USB_OTG_FlushRxFifo  usb_core.o
    0x08009e90   0x00000054   Code   RO         8645    i.USB_OTG_FlushTxFifo  usb_core.o
    0x08009ee4   0x0000000c   Code   RO         8646    i.USB_OTG_GetMode   usb_core.o
    0x08009ef0   0x0000005a   Code   RO         8647    i.USB_OTG_HC_DoPing  usb_core.o
    0x08009f4a   0x00000082   Code   RO         8648    i.USB_OTG_HC_Halt   usb_core.o
    0x08009fcc   0x00000238   Code   RO         8649    i.USB_OTG_HC_Init   usb_core.o
    0x0800a204   0x000001f6   Code   RO         8650    i.USB_OTG_HC_StartXfer  usb_core.o
    0x0800a3fa   0x00000018   Code   RO         8651    i.USB_OTG_InitFSLSPClkSel  usb_core.o
    0x0800a412   0x00000010   Code   RO         8653    i.USB_OTG_IsEvenFrame  usb_core.o
    0x0800a422   0x00000014   Code   RO         8654    i.USB_OTG_IsHostMode  usb_core.o
    0x0800a436   0x00000010   Code   RO         8655    i.USB_OTG_ReadCoreItr  usb_core.o
    0x0800a446   0x00000030   Code   RO         8656    i.USB_OTG_ReadHPRT0  usb_core.o
    0x0800a476   0x00000008   Code   RO         8657    i.USB_OTG_ReadHostAllChannels_intr  usb_core.o
    0x0800a47e   0x00000028   Code   RO         8659    i.USB_OTG_ReadPacket  usb_core.o
    0x0800a4a6   0x00000040   Code   RO         8660    i.USB_OTG_ResetPort  usb_core.o
    0x0800a4e6   0x00000002   PAD
    0x0800a4e8   0x000000d8   Code   RO         8661    i.USB_OTG_SelectCore  usb_core.o
    0x0800a5c0   0x0000004e   Code   RO         8662    i.USB_OTG_SetCurrentMode  usb_core.o
    0x0800a60e   0x00000002   PAD
    0x0800a610   0x0000002c   Code   RO         8563    i.USB_OTG_USBH_handle_Disconnect_ISR  usb_hcd_int.o
    0x0800a63c   0x00000046   Code   RO         8564    i.USB_OTG_USBH_handle_IncompletePeriodicXfer_ISR  usb_hcd_int.o
    0x0800a682   0x00000056   Code   RO         8565    i.USB_OTG_USBH_handle_hc_ISR  usb_hcd_int.o
    0x0800a6d8   0x0000042a   Code   RO         8566    i.USB_OTG_USBH_handle_hc_n_In_ISR  usb_hcd_int.o
    0x0800ab02   0x000003d0   Code   RO         8567    i.USB_OTG_USBH_handle_hc_n_Out_ISR  usb_hcd_int.o
    0x0800aed2   0x0000012e   Code   RO         8568    i.USB_OTG_USBH_handle_nptxfempty_ISR  usb_hcd_int.o
    0x0800b000   0x00000120   Code   RO         8569    i.USB_OTG_USBH_handle_port_ISR  usb_hcd_int.o
    0x0800b120   0x0000012e   Code   RO         8570    i.USB_OTG_USBH_handle_ptxfempty_ISR  usb_hcd_int.o
    0x0800b24e   0x00000164   Code   RO         8571    i.USB_OTG_USBH_handle_rx_qlvl_ISR  usb_hcd_int.o
    0x0800b3b2   0x00000002   PAD
    0x0800b3b4   0x0000002c   Code   RO         8572    i.USB_OTG_USBH_handle_sof_ISR  usb_hcd_int.o
    0x0800b3e0   0x00000040   Code   RO         8664    i.USB_OTG_WritePacket  usb_core.o
    0x0800b420   0x000000d0   Code   RO          355    i.USB_ProgramFlashOperation  usb_update.o
    0x0800b4f0   0x00000028   Code   RO         3270    i.USB_ReadyCycle    usbh_usr.o
    0x0800b518   0x000002d0   Code   RO          356    i.USB_UpDate        usb_update.o
    0x0800b7e8   0x000001cc   Code   RO          357    i.USB_UpdateExecute  usb_update.o
    0x0800b9b4   0x0000011c   Code   RO          358    i.USB_WaitInsert    usb_update.o
    0x0800bad0   0x000000b8   Code   RO          858    i.UartHardInit      bsp_uart.o
    0x0800bb88   0x00000084   Code   RO          859    i.UartIRQ           bsp_uart.o
    0x0800bc0c   0x00000080   Code   RO          861    i.UartPutChar       bsp_uart.o
    0x0800bc8c   0x00000004   Code   RO         6420    i.UsageFault_Handler  stm32f4xx_it.o
    0x0800bc90   0x00000014   Code   RO         1828    i.WriteCommand      bsp_ra8875.o
    0x0800bca4   0x00000008   Code   RO         1829    i.WriteData         bsp_ra8875.o
    0x0800bcac   0x00000028   Code   RO         2754    i.WriteFlashWord    bsp_flash.o
    0x0800bcd4   0x00000038   Code   RO         1836    i.XY_Coordinate     bsp_ra8875.o
    0x0800bd0c   0x00000020   Code   RO         9017    i.__0printf$3       mc_w.l(printf3.o)
    0x0800bd2c   0x0000000e   Code   RO         9235    i.__scatterload_copy  mc_w.l(handlers.o)
    0x0800bd3a   0x00000002   Code   RO         9236    i.__scatterload_null  mc_w.l(handlers.o)
    0x0800bd3c   0x0000000e   Code   RO         9237    i.__scatterload_zeroinit  mc_w.l(handlers.o)
    0x0800bd4a   0x00000002   PAD
    0x0800bd4c   0x000001b8   Code   RO         9024    i._printf_core      mc_w.l(printf3.o)
    0x0800bf04   0x00000044   Code   RO          691    i.assert_failed     bsp_assert.o
    0x0800bf48   0x00000064   Code   RO         2804    i.bsp_CfgSPIForSFlash  bsp_spi_flash.o
    0x0800bfac   0x00000034   Code   RO          724    i.bsp_CheckTimer    bsp_timer.o
    0x0800bfe0   0x0000000a   Code   RO          725    i.bsp_DeInitTimer   bsp_timer.o
    0x0800bfea   0x00000016   Code   RO          727    i.bsp_DelayMS       bsp_timer.o
    0x0800c000   0x00000054   Code   RO          728    i.bsp_DelayUS       bsp_timer.o
    0x0800c054   0x00000024   Code   RO          729    i.bsp_GetRunTime    bsp_timer.o
    0x0800c078   0x00000008   Code   RO          863    i.bsp_InitCOM       bsp_uart.o
    0x0800c080   0x0000007c   Code   RO         3098    i.bsp_InitEthernet  netconf.o
    0x0800c0fc   0x0000005c   Code   RO         2473    i.bsp_InitFont      bsp_lcd.o
    0x0800c158   0x00000018   Code   RO          973    i.bsp_InitIO        bsp_io.o
    0x0800c170   0x00000014   Code   RO         2474    i.bsp_InitLCD       bsp_lcd.o
    0x0800c184   0x00000108   Code   RO         2962    i.bsp_InitLan8720   bsp_lan8720.o
    0x0800c28c   0x00000036   Code   RO         1111    i.bsp_InitPcf8563   bsp_pcf8563.o
    0x0800c2c2   0x00000002   PAD
    0x0800c2c4   0x000000c4   Code   RO         2805    i.bsp_InitSFlash    bsp_spi_flash.o
    0x0800c388   0x00000084   Code   RO          731    i.bsp_InitTimer     bsp_timer.o
    0x0800c40c   0x00000040   Code   RO         3399    i.bsp_InitUSB       usb.o
    0x0800c44c   0x0000001c   Code   RO          732    i.bsp_SoftTimerDec  bsp_timer.o
    0x0800c468   0x0000005c   Code   RO          735    i.bsp_StartTimer    bsp_timer.o
    0x0800c4c4   0x00000090   Code   RO         6528    i.check_fs          ff.o
    0x0800c554   0x00000014   Code   RO         6529    i.chk_chr           ff.o
    0x0800c568   0x00000032   Code   RO         6530    i.clmt_clust        ff.o
    0x0800c59a   0x0000001a   Code   RO         6531    i.clust2sect        ff.o
    0x0800c5b4   0x00000090   Code   RO         6532    i.cmp_lfn           ff.o
    0x0800c644   0x000000d6   Code   RO         6533    i.create_chain      ff.o
    0x0800c71a   0x00000002   PAD
    0x0800c71c   0x00000230   Code   RO         6534    i.create_name       ff.o
    0x0800c94c   0x00000076   Code   RO         1112    i.date_get          bsp_pcf8563.o
    0x0800c9c2   0x0000005c   Code   RO         6535    i.dir_alloc         ff.o
    0x0800ca1e   0x000000ea   Code   RO         6536    i.dir_find          ff.o
    0x0800cb08   0x0000010e   Code   RO         6537    i.dir_next          ff.o
    0x0800cc16   0x000000c6   Code   RO         6538    i.dir_read          ff.o
    0x0800ccdc   0x0000012a   Code   RO         6539    i.dir_register      ff.o
    0x0800ce06   0x0000009e   Code   RO         6541    i.dir_sdi           ff.o
    0x0800cea4   0x00000034   Code   RO         6477    i.disk_initialize   diskio.o
    0x0800ced8   0x00000006   Code   RO         6478    i.disk_ioctl        diskio.o
    0x0800cede   0x00000002   PAD
    0x0800cee0   0x000000b8   Code   RO         6479    i.disk_read         diskio.o
    0x0800cf98   0x00000006   Code   RO         6480    i.disk_status       diskio.o
    0x0800cf9e   0x00000002   PAD
    0x0800cfa0   0x000000d0   Code   RO         6481    i.disk_write        diskio.o
    0x0800d070   0x00000132   Code   RO         7907    i.etharp_arp_input  etharp.o
    0x0800d1a2   0x0000003a   Code   RO         7909    i.etharp_ip_input   etharp.o
    0x0800d1dc   0x000000c4   Code   RO         7910    i.etharp_output     etharp.o
    0x0800d2a0   0x000001b8   Code   RO         7911    i.etharp_query      etharp.o
    0x0800d458   0x000000ca   Code   RO         7912    i.etharp_raw        etharp.o
    0x0800d522   0x00000002   PAD
    0x0800d524   0x0000002c   Code   RO         7913    i.etharp_request    etharp.o
    0x0800d550   0x0000004e   Code   RO         7914    i.etharp_send_ip    etharp.o
    0x0800d59e   0x00000002   PAD
    0x0800d5a0   0x000000a0   Code   RO         7915    i.etharp_tmr        etharp.o
    0x0800d640   0x0000006a   Code   RO         7916    i.ethernet_input    etharp.o
    0x0800d6aa   0x00000002   PAD
    0x0800d6ac   0x0000004c   Code   RO         8001    i.ethernetif_init   ethernetif.o
    0x0800d6f8   0x0000002c   Code   RO         8002    i.ethernetif_input  ethernetif.o
    0x0800d724   0x00000020   Code   RO         6543    i.f_close           ff.o
    0x0800d744   0x000002ac   Code   RO         6547    i.f_lseek           ff.o
    0x0800d9f0   0x0000005c   Code   RO         6550    i.f_mount           ff.o
    0x0800da4c   0x0000016c   Code   RO         6551    i.f_open            ff.o
    0x0800dbb8   0x00000078   Code   RO         6552    i.f_opendir         ff.o
    0x0800dc30   0x000001b0   Code   RO         6553    i.f_read            ff.o
    0x0800dde0   0x00000060   Code   RO         6554    i.f_readdir         ff.o
    0x0800de40   0x000000b0   Code   RO         6558    i.f_sync            ff.o
    0x0800def0   0x0000004c   Code   RO         6840    i.ff_convert        ccsbcs.o
    0x0800df3c   0x00000038   Code   RO         6841    i.ff_wtoupper       ccsbcs.o
    0x0800df74   0x00000204   Code   RO         7917    i.find_entry        etharp.o
    0x0800e178   0x00000394   Code   RO         6563    i.find_volume       ff.o
    0x0800e50c   0x00000080   Code   RO         6564    i.fit_lfn           ff.o
    0x0800e58c   0x00000090   Code   RO         6565    i.follow_path       ff.o
    0x0800e61c   0x00000012   Code   RO          864    i.fputc             bsp_uart.o
    0x0800e62e   0x00000040   Code   RO         7918    i.free_etharp_q     etharp.o
    0x0800e66e   0x00000002   PAD
    0x0800e670   0x000000b4   Code   RO         6566    i.gen_numname       ff.o
    0x0800e724   0x000000f2   Code   RO         6567    i.get_fat           ff.o
    0x0800e816   0x00000042   Code   RO         6482    i.get_fattime       diskio.o
    0x0800e858   0x00000102   Code   RO         6568    i.get_fileinfo      ff.o
    0x0800e95a   0x0000004a   Code   RO         6569    i.get_ldnumber      ff.o
    0x0800e9a4   0x0000001a   Code   RO         7704    i.htonl             inet.o
    0x0800e9be   0x0000000c   Code   RO         7705    i.htons             inet.o
    0x0800e9ca   0x00000002   PAD
    0x0800e9cc   0x00000034   Code   RO         1113    i.i2_start          bsp_pcf8563.o
    0x0800ea00   0x00000034   Code   RO         1114    i.i2_stop           bsp_pcf8563.o
    0x0800ea34   0x00000038   Code   RO         1115    i.i2c_init          bsp_pcf8563.o
    0x0800ea6c   0x0000002c   Code   RO         1116    i.i2c_mastar        bsp_pcf8563.o
    0x0800ea98   0x00000058   Code   RO         1117    i.i2c_recv_byte     bsp_pcf8563.o
    0x0800eaf0   0x0000002c   Code   RO         1118    i.i2c_send_ack      bsp_pcf8563.o
    0x0800eb1c   0x0000002c   Code   RO         1119    i.i2c_send_notack   bsp_pcf8563.o
    0x0800eb48   0x00000060   Code   RO         1120    i.i2c_sendbyte      bsp_pcf8563.o
    0x0800eba8   0x00000028   Code   RO         1121    i.i2c_slave         bsp_pcf8563.o
    0x0800ebd0   0x00000050   Code   RO         1122    i.i2c_wait_ack      bsp_pcf8563.o
    0x0800ec20   0x00000012   Code   RO         7669    i.icmp_dest_unreach  icmp.o
    0x0800ec32   0x00000194   Code   RO         7670    i.icmp_input        icmp.o
    0x0800edc6   0x00000076   Code   RO         7671    i.icmp_send_response  icmp.o
    0x0800ee3c   0x00000012   Code   RO         7672    i.icmp_time_exceeded  icmp.o
    0x0800ee4e   0x00000014   Code   RO         7753    i.inet_chksum       inet_chksum.o
    0x0800ee62   0x00000056   Code   RO         7754    i.inet_chksum_pbuf  inet_chksum.o
    0x0800eeb8   0x0000004e   Code   RO         7833    i.ip_addr_isbroadcast  ip_addr.o
    0x0800ef06   0x00000002   PAD
    0x0800ef08   0x0000014c   Code   RO         7855    i.ip_frag           ip_frag.o
    0x0800f054   0x0000019c   Code   RO         7791    i.ip_input          ip.o
    0x0800f1f0   0x00000034   Code   RO         7792    i.ip_output         ip.o
    0x0800f224   0x00000104   Code   RO         7793    i.ip_output_if      ip.o
    0x0800f328   0x00000198   Code   RO         7856    i.ip_reass          ip_frag.o
    0x0800f4c0   0x000001a8   Code   RO         7857    i.ip_reass_chain_frag_into_datagram_and_validate  ip_frag.o
    0x0800f668   0x00000034   Code   RO         7858    i.ip_reass_dequeue_datagram  ip_frag.o
    0x0800f69c   0x00000054   Code   RO         7859    i.ip_reass_enqueue_new_datagram  ip_frag.o
    0x0800f6f0   0x000000ac   Code   RO         7860    i.ip_reass_free_complete_datagram  ip_frag.o
    0x0800f79c   0x0000007c   Code   RO         7861    i.ip_reass_remove_oldest_datagram  ip_frag.o
    0x0800f818   0x00000050   Code   RO         7794    i.ip_route          ip.o
    0x0800f868   0x00000034   Code   RO         2483    i.lcd_clear         bsp_lcd.o
    0x0800f89c   0x00000094   Code   RO         2485    i.lcd_draw16x16     bsp_lcd.o
    0x0800f930   0x0000006a   Code   RO         2486    i.lcd_draw16x8      bsp_lcd.o
    0x0800f99a   0x00000094   Code   RO         2488    i.lcd_draw24x12     bsp_lcd.o
    0x0800fa2e   0x000000b8   Code   RO         2489    i.lcd_draw24x24     bsp_lcd.o
    0x0800fae6   0x000000e0   Code   RO         2491    i.lcd_draw32x32     bsp_lcd.o
    0x0800fbc6   0x00000046   Code   RO         2498    i.lcd_fill          bsp_lcd.o
    0x0800fc0c   0x00000148   Code   RO         2501    i.lcd_font16        bsp_lcd.o
    0x0800fd54   0x00000144   Code   RO         2503    i.lcd_font24        bsp_lcd.o
    0x0800fe98   0x00000178   Code   RO         2505    i.lcd_gpio_init     bsp_lcd.o
    0x08010010   0x00000024   Code   RO         2506    i.lcd_hard_reset    bsp_lcd.o
    0x08010034   0x0000003c   Code   RO         2507    i.lcd_mem_err       bsp_lcd.o
    0x08010070   0x00000020   Code   RO         6570    i.ld_clust          ff.o
    0x08010090   0x000000a4   Code   RO         8003    i.low_level_init    ethernetif.o
    0x08010134   0x00000074   Code   RO         8004    i.low_level_input   ethernetif.o
    0x080101a8   0x00000034   Code   RO         8005    i.low_level_output  ethernetif.o
    0x080101dc   0x0000004a   Code   RO         7756    i.lwip_standard_chksum  inet_chksum.o
    0x08010226   0x00000002   PAD
    0x08010228   0x00000120   Code   RO            6    i.main              main.o
    0x08010348   0x00000026   Code   RO         6571    i.mem_cmp           ff.o
    0x0801036e   0x0000001a   Code   RO         6572    i.mem_cpy           ff.o
    0x08010388   0x00000078   Code   RO         7360    i.mem_free          mem.o
    0x08010400   0x00000064   Code   RO         7361    i.mem_init          mem.o
    0x08010464   0x00000130   Code   RO         7362    i.mem_malloc        mem.o
    0x08010594   0x00000148   Code   RO         7363    i.mem_realloc       mem.o
    0x080106dc   0x00000014   Code   RO         6573    i.mem_set           ff.o
    0x080106f0   0x0000002c   Code   RO         7403    i.memp_free         memp.o
    0x0801071c   0x00000064   Code   RO         7404    i.memp_init         memp.o
    0x08010780   0x0000003c   Code   RO         7405    i.memp_malloc       memp.o
    0x080107bc   0x00000034   Code   RO         6574    i.move_window       ff.o
    0x080107f0   0x00000068   Code   RO         7445    i.netif_add         netif.o
    0x08010858   0x0000000c   Code   RO         7447    i.netif_is_up       netif.o
    0x08010864   0x00000028   Code   RO         7449    i.netif_set_addr    netif.o
    0x0801088c   0x0000000c   Code   RO         7450    i.netif_set_default  netif.o
    0x08010898   0x0000000c   Code   RO         7452    i.netif_set_gw      netif.o
    0x080108a4   0x00000078   Code   RO         7453    i.netif_set_ipaddr  netif.o
    0x0801091c   0x0000000c   Code   RO         7454    i.netif_set_netmask  netif.o
    0x08010928   0x0000002c   Code   RO         7455    i.netif_set_up      netif.o
    0x08010954   0x0000000c   Code   RO         7709    i.ntohl             inet.o
    0x08010960   0x0000000c   Code   RO         7710    i.ntohs             inet.o
    0x0801096c   0x0000021e   Code   RO         7523    i.pbuf_alloc        pbuf.o
    0x08010b8a   0x00000050   Code   RO         7524    i.pbuf_cat          pbuf.o
    0x08010bda   0x00000016   Code   RO         7525    i.pbuf_chain        pbuf.o
    0x08010bf0   0x00000012   Code   RO         7526    i.pbuf_clen         pbuf.o
    0x08010c02   0x000000dc   Code   RO         7528    i.pbuf_copy         pbuf.o
    0x08010cde   0x0000009a   Code   RO         7529    i.pbuf_copy_partial  pbuf.o
    0x08010d78   0x00000098   Code   RO         7531    i.pbuf_free         pbuf.o
    0x08010e10   0x0000008c   Code   RO         7532    i.pbuf_header       pbuf.o
    0x08010e9c   0x000000b0   Code   RO         7533    i.pbuf_realloc      pbuf.o
    0x08010f4c   0x0000000a   Code   RO         7534    i.pbuf_ref          pbuf.o
    0x08010f56   0x00000058   Code   RO         1123    i.pcf8563_get       bsp_pcf8563.o
    0x08010fae   0x00000040   Code   RO         1124    i.pcf8563_set       bsp_pcf8563.o
    0x08010fee   0x00000002   PAD
    0x08010ff0   0x00000074   Code   RO         6575    i.pick_lfn          ff.o
    0x08011064   0x000000b4   Code   RO         7364    i.plug_holes        mem.o
    0x08011118   0x00000142   Code   RO         6576    i.put_fat           ff.o
    0x0801125a   0x00000002   PAD
    0x0801125c   0x00000068   Code   RO         7609    i.raw_input         raw.o
    0x080112c4   0x0000006c   Code   RO         6577    i.remove_chain      ff.o
    0x08011330   0x00000044   Code   RO         2813    i.sf_ReadID         bsp_spi_flash.o
    0x08011374   0x000000f4   Code   RO         2814    i.sf_ReadInfo       bsp_spi_flash.o
    0x08011468   0x00000038   Code   RO         2815    i.sf_SendByte       bsp_spi_flash.o
    0x080114a0   0x0000002c   Code   RO         2816    i.sf_WaitForWriteEnd  bsp_spi_flash.o
    0x080114cc   0x00000060   Code   RO         2819    i.sf_WriteStatus    bsp_spi_flash.o
    0x0801152c   0x00000010   Code   RO         6578    i.st_clust          ff.o
    0x0801153c   0x00000020   Code   RO         6579    i.sum_sfn           ff.o
    0x0801155c   0x000000c8   Code   RO         6580    i.sync_fs           ff.o
    0x08011624   0x00000052   Code   RO         6581    i.sync_window       ff.o
    0x08011676   0x00000002   PAD
    0x08011678   0x0000009c   Code   RO         6926    i.tcp_abandon       tcp.o
    0x08011714   0x000000b4   Code   RO         6929    i.tcp_alloc         tcp.o
    0x080117c8   0x00000104   Code   RO         6932    i.tcp_close         tcp.o
    0x080118cc   0x0000002e   Code   RO         6934    i.tcp_eff_send_mss  tcp.o
    0x080118fa   0x0000042c   Code   RO         7175    i.tcp_enqueue       tcp_out.o
    0x08011d26   0x00000002   PAD
    0x08011d28   0x00000074   Code   RO         6936    i.tcp_fasttmr       tcp.o
    0x08011d9c   0x000004a8   Code   RO         7121    i.tcp_input         tcp_in.o
    0x08012244   0x0000005c   Code   RO         7176    i.tcp_keepalive     tcp_out.o
    0x080122a0   0x00000058   Code   RO         6937    i.tcp_kill_prio     tcp.o
    0x080122f8   0x0000003c   Code   RO         6938    i.tcp_kill_timewait  tcp.o
    0x08012334   0x00000134   Code   RO         7122    i.tcp_listen_input  tcp_in.o
    0x08012468   0x0000001c   Code   RO         6942    i.tcp_next_iss      tcp.o
    0x08012484   0x00000268   Code   RO         7177    i.tcp_output        tcp_out.o
    0x080126ec   0x000000cc   Code   RO         7178    i.tcp_output_segment  tcp_out.o
    0x080127b8   0x00000084   Code   RO         7179    i.tcp_output_set_header  tcp_out.o
    0x0801283c   0x000000b8   Code   RO         7123    i.tcp_parseopt      tcp_in.o
    0x080128f4   0x00000036   Code   RO         6943    i.tcp_pcb_purge     tcp.o
    0x0801292a   0x00000002   PAD
    0x0801292c   0x000000b0   Code   RO         6944    i.tcp_pcb_remove    tcp.o
    0x080129dc   0x000005ac   Code   RO         7124    i.tcp_process       tcp_in.o
    0x08012f88   0x00000700   Code   RO         7125    i.tcp_receive       tcp_in.o
    0x08013688   0x00000028   Code   RO         6947    i.tcp_recv_null     tcp.o
    0x080136b0   0x00000056   Code   RO         7180    i.tcp_rexmit        tcp_out.o
    0x08013706   0x0000003a   Code   RO         7181    i.tcp_rexmit_rto    tcp_out.o
    0x08013740   0x000000ae   Code   RO         7182    i.tcp_rst           tcp_out.o
    0x080137ee   0x00000020   Code   RO         6949    i.tcp_seg_free      tcp.o
    0x0801380e   0x0000001e   Code   RO         6950    i.tcp_segs_free     tcp.o
    0x0801382c   0x0000001c   Code   RO         7183    i.tcp_send_ctrl     tcp_out.o
    0x08013848   0x00000318   Code   RO         6953    i.tcp_slowtmr       tcp.o
    0x08013b60   0x00000050   Code   RO         7126    i.tcp_timewait_input  tcp_in.o
    0x08013bb0   0x00000024   Code   RO         6954    i.tcp_tmr           tcp.o
    0x08013bd4   0x00000038   Code   RO         6955    i.tcp_update_rcv_ann_wnd  tcp.o
    0x08013c0c   0x00000066   Code   RO         7185    i.tcp_zero_window_probe  tcp_out.o
    0x08013c72   0x00000064   Code   RO         1126    i.time_get          bsp_pcf8563.o
    0x08013cd6   0x00000002   PAD
    0x08013cd8   0x00000074   Code   RO         7245    i.udp_bind          udp.o
    0x08013d4c   0x00000020   Code   RO         7247    i.udp_disconnect    udp.o
    0x08013d6c   0x0000019c   Code   RO         7248    i.udp_input         udp.o
    0x08013f08   0x0000001c   Code   RO         7249    i.udp_new           udp.o
    0x08013f24   0x00000006   Code   RO         7250    i.udp_recv          udp.o
    0x08013f2a   0x00000002   PAD
    0x08013f2c   0x00000040   Code   RO         7251    i.udp_remove        udp.o
    0x08013f6c   0x0000002e   Code   RO         7253    i.udp_sendto        udp.o
    0x08013f9a   0x000000d4   Code   RO         7254    i.udp_sendto_if     udp.o
    0x0801406e   0x00000002   PAD
    0x08014070   0x000000f8   Code   RO         7919    i.update_arp_entry  etharp.o
    0x08014168   0x00000026   Code   RO         3543    i.usprintf          ustdlib.o
    0x0801418e   0x00000002   PAD
    0x08014190   0x000002bc   Code   RO         3546    i.uvsnprintf        ustdlib.o
    0x0801444c   0x00000036   Code   RO         6582    i.validate          ff.o
    0x08014482   0x00000002   PAD
    0x08014484   0x0000000c   Data   RO          360    .constdata          usb_update.o
    0x08014490   0x0000000c   Data   RO          482    .constdata          sd_update.o
    0x0801449c   0x00003188   Data   RO         2515    .constdata          bsp_lcd.o
    0x08017624   0x0000001c   Data   RO         3547    .constdata          ustdlib.o
    0x08017640   0x000000ba   Data   RO         6584    .constdata          ff.o
    0x080176fa   0x000004c0   Data   RO         6842    .constdata          ccsbcs.o
    0x08017bba   0x00000014   Data   RO         6956    .constdata          tcp.o
    0x08017bce   0x00000024   Data   RO         7407    .constdata          memp.o
    0x08017bf2   0x00000008   Data   RO         7834    .constdata          ip_addr.o
    0x08017bfa   0x0000000c   Data   RO         7921    .constdata          etharp.o
    0x08017c06   0x00000002   PAD
    0x08017c08   0x000001c1   Data   RO         3272    .conststring        usbh_usr.o
    0x08017dc9   0x00000003   PAD
    0x08017dcc   0x00000011   Data   RO         3548    .conststring        ustdlib.o
    0x08017ddd   0x00000003   PAD
    0x08017de0   0x00000020   Data   RO         9233    Region$$Table       anon$$obj.o


    Execution Region RW_IRAM1 (Base: 0x20000000, Size: 0x00011fb8, Max: 0x00020000, ABSOLUTE, COMPRESSED[0x000000b4])

    Base Addr    Size         Type   Attr      Idx    E Section Name        Object

    0x20000000   0x00000004   Data   RW            7    .data               main.o
    0x20000004   0x0000001c   Data   RW          540    .data               tftpserver.o
    0x20000020   0x0000000d   Data   RW          738    .data               bsp_timer.o
    0x2000002d   0x00000003   PAD
    0x20000030   0x00000016   Data   RW          974    .data               bsp_io.o
    0x20000046   0x00000002   PAD
    0x20000048   0x00000018   Data   RW         1490    .data               bsp_sdio_sd.o
    0x20000060   0x00000001   Data   RW         2516    .data               bsp_lcd.o
    0x20000061   0x00000003   PAD
    0x20000064   0x00000018   Data   RW         3100    .data               netconf.o
    0x2000007c   0x00000008   Data   RW         3164    .data               usb_bsp.o
    0x20000084   0x00000086   Data   RW         3273    .data               usbh_usr.o
    0x2000010a   0x00000010   Data   RW         3841    .data               stm32f4xx_rcc.o
    0x2000011a   0x00000002   PAD
    0x2000011c   0x00000010   Data   RW         5861    .data               stm32f4x7_eth.o
    0x2000012c   0x00000014   Data   RW         6376    .data               system_stm32f4xx.o
    0x20000140   0x0000000a   Data   RW         6585    .data               ff.o
    0x2000014a   0x00000002   PAD
    0x2000014c   0x00000020   Data   RW         6957    .data               tcp.o
    0x2000016c   0x00000020   Data   RW         7128    .data               tcp_in.o
    0x2000018c   0x00000004   Data   RW         7255    .data               udp.o
    0x20000190   0x0000000d   Data   RW         7366    .data               mem.o
    0x2000019d   0x00000003   PAD
    0x200001a0   0x00000009   Data   RW         7456    .data               netif.o
    0x200001a9   0x00000003   PAD
    0x200001ac   0x00000004   Data   RW         7615    .data               raw.o
    0x200001b0   0x0000000a   Data   RW         7795    .data               ip.o
    0x200001ba   0x00000002   PAD
    0x200001bc   0x00000006   Data   RW         7864    .data               ip_frag.o
    0x200001c2   0x00000001   Data   RW         7922    .data               etharp.o
    0x200001c3   0x00000001   PAD
    0x200001c4   0x00000014   Data   RW         8007    .data               ethernetif.o
    0x200001d8   0x00000011   Data   RW         8079    .data               usbh_msc_bot.o
    0x200001e9   0x00000003   PAD
    0x200001ec   0x0000001d   Data   RW         8131    .data               usbh_msc_core.o
    0x20000209   0x00000001   Data   RW         8191    .data               usbh_msc_scsi.o
    0x2000020a   0x00000002   PAD
    0x2000020c   0x00000012   Data   RW         8254    .data               usbh_core.o
    0x2000021e   0x00000003   Data   RW         8473    .data               usbh_stdreq.o
    0x20000221   0x00000003   PAD
    0x20000224   0x00000004   Data   RW         9209    .data               mc_w.l(stdout.o)
    0x20000228   0x00000254   Zero   RW          359    .bss                usb_update.o
    0x2000047c   0x00000254   Zero   RW          481    .bss                sd_update.o
    0x200006d0   0x00000098   Zero   RW          737    .bss                bsp_timer.o
    0x20000768   0x000001b8   Zero   RW          865    .bss                bsp_uart.o
    0x20000920   0x000000cc   Zero   RW         1489    .bss                bsp_sdio_sd.o
    0x200009ec   0x00001870   Zero   RW         2514    .bss                bsp_lcd.o
    0x2000225c   0x0000001c   Zero   RW         2820    .bss                bsp_spi_flash.o
    0x20002278   0x00000030   Zero   RW         3099    .bss                netconf.o
    0x200022a8   0x00000630   Zero   RW         3271    .bss                usbh_usr.o
    0x200028d8   0x00000230   Zero   RW         3400    .bss                usb.o
    0x20002b08   0x0000000c   Zero   RW         5860    .bss                stm32f4x7_eth.o
    0x20002b14   0x00000200   Zero   RW         6583    .bss                ff.o
    0x20002d14   0x00000014   Zero   RW         7127    .bss                tcp_in.o
    0x20002d28   0x00005014   Zero   RW         7365    .bss                mem.o
    0x20007d3c   0x000046af   Zero   RW         7406    .bss                memp.o
    0x2000c3eb   0x000005e0   Zero   RW         7863    .bss                ip_frag.o
    0x2000c9cb   0x00000001   PAD
    0x2000c9cc   0x000000c8   Zero   RW         7920    .bss                etharp.o
    0x2000ca94   0x00003cc8   Zero   RW         8006    .bss                ethernetif.o
    0x2001075c   0x00000040   Zero   RW         8078    .bss                usbh_msc_bot.o
    0x2001079c   0x0000020a   Zero   RW         8130    .bss                usbh_msc_core.o
    0x200109a6   0x00000002   PAD
    0x200109a8   0x00000410   Zero   RW         8190    .bss                usbh_msc_scsi.o
    0x20010db8   0x00000200   Zero   RW         8472    .bss                usbh_stdreq.o
    0x20010fb8   0x00001000   Zero   RW         6363    STACK               startup_stm32f40_41xxx.o


==============================================================================

Image component sizes


      Code (inc. data)   RO Data    RW Data    ZI Data      Debug   Object Name

        44          0          0          0          0        965   bsp.o
        68         50          0          0          0        892   bsp_assert.o
       264         46          0          0          0       1685   bsp_flash.o
       844         86          0         22          0       9791   bsp_io.o
       478         20          0          0          0       2516   bsp_lan8720.o
      2280        108      12680          1       6256      12746   bsp_lcd.o
      1020         50          0          0          0       9404   bsp_pcf8563.o
      1106         16          0          0          0      12240   bsp_ra8875.o
      5374        346          0         24        204      32927   bsp_sdio_sd.o
       804        122          0          0         28       5643   bsp_spi_flash.o
       652         64          0         13        152      33763   bsp_timer.o
       604         20          0          0        440       5660   bsp_uart.o
       132         16       1216          0          0       2291   ccsbcs.o
         0          0          0          0          0       9538   client.o
       522         24          0          0          0       4592   diskio.o
      2418         38         12          1        200      13006   etharp.o
       768         62          0         20      15560       7440   ethernetif.o
      7444         86        186         10        512      41179   ff.o
       176         10          0          0          0       2294   flash_if.o
       304         96          0          0          0      29418   global.o
       558          0          0          0          0       3770   icmp.o
        62          0          0          0          0       2208   inet.o
       180          0          0          0          0       5465   inet_chksum.o
         0          0          0          0          0        628   init.o
        66          0          0          0          0       1869   initial.o
       804         28          0         10          0       4717   ip.o
        78          0          8          0          0       5309   ip_addr.o
      1596         42          0          6       1504       8065   ip_frag.o
       342         50          0          4          0     357248   main.o
      1032         72          0         13      20500       5001   mem.o
       204         30         36          0      18095       3690   memp.o
       372         96          0          0          0       2241   misc.o
       256         50          0         24         48       5200   netconf.o
       356         24          0          9          0       7143   netif.o
      1514          0          0          0          0       8045   pbuf.o
       104          4          0          4          0       1544   raw.o
      1740        444         12          0        596       5566   sd_update.o
        36          8        392          0       4096        828   startup_stm32f40_41xxx.o
      3976        560          0         16         12      16887   stm32f4x7_eth.o
      2212        274          0          0          0       5828   stm32f4xx_dma.o
       858        188          0          0          0       5317   stm32f4xx_flash.o
       996         68          0          0          0       2213   stm32f4xx_fsmc.o
      1488        382          0          0          0       4199   stm32f4xx_gpio.o
        20          0          0          0          0       3224   stm32f4xx_it.o
      1012        308          0         16          0       7371   stm32f4xx_rcc.o
      1658        468          0          0          0      11382   stm32f4xx_sdio.o
      1032        298          0          0          0       3986   stm32f4xx_spi.o
        64         38          0          0          0        618   stm32f4xx_syscfg.o
       692        254          0          0          0       2696   stm32f4xx_tim.o
      2484        584          0          0          0       7590   stm32f4xx_usart.o
       340         32          0         20          0       1793   system_stm32f4xx.o
      2150        116         20         32          0      19826   tcp.o
      5008        250          0         32         20      14876   tcp_in.o
      2560         16          0          0          0       9699   tcp_out.o
      2670        866          0         28          0      45511   tftpserver.o
       916         16          0          4          0       8162   udp.o
        64         26          0          0        560        658   usb.o
       200         12          0          8          0       4600   usb_bsp.o
      3020         18          0          0          0      19991   usb_core.o
       202          0          0          0          0       5591   usb_hcd.o
      3702         16          0          0          0      10967   usb_hcd_int.o
      2060        526         12          0        596      34045   usb_update.o
      1634         42          0         18          0       9585   usbh_core.o
       390          0          0          0          0       4932   usbh_hcs.o
       560          0          0          0          0       6002   usbh_ioreq.o
        24          6          0          0          0        990   usbh_it.o
      1140        100          0         17         64       7093   usbh_msc_bot.o
       876         62          0         29        522       7073   usbh_msc_core.o
      1312         88          0          1       1040       7712   usbh_msc_scsi.o
       942         14          0          3        512      11105   usbh_stdreq.o
       166         32        449        134       1584      11927   usbh_usr.o
       738         14         45          0          0       2788   ustdlib.o

    ----------------------------------------------------------------------
     81854       7782      15108        548      73104     982764   Object Totals
         0          0         32          0          0          0   (incl. Generated)
        86          0          8         29          3          0   (incl. Padding)

    ----------------------------------------------------------------------

      Code (inc. data)   RO Data    RW Data    ZI Data      Debug   Library Member Name

        86          0          0          0          0          0   __dczerorl2.o
         0          0          0          0          0          0   entry.o
         0          0          0          0          0          0   entry10a.o
         0          0          0          0          0          0   entry11a.o
         8          4          0          0          0          0   entry2.o
         4          0          0          0          0          0   entry5.o
         0          0          0          0          0          0   entry7b.o
         0          0          0          0          0          0   entry8b.o
         8          4          0          0          0          0   entry9a.o
        30          0          0          0          0          0   handlers.o
        36          8          0          0          0         68   init.o
        36          0          0          0          0         68   memcpya.o
        36          0          0          0          0        108   memseta.o
       472         14          0          0          0        184   printf3.o
         0          0          0          4          0          0   stdout.o
        24          0          0          0          0         68   strcat.o
        18          0          0          0          0         68   strcpy.o
        24          0          0          0          0         76   strncpy.o
        44          0          0          0          0         80   uidiv.o

    ----------------------------------------------------------------------
       830         30          0          4          0        720   Library Totals
         4          0          0          0          0          0   (incl. Padding)

    ----------------------------------------------------------------------

      Code (inc. data)   RO Data    RW Data    ZI Data      Debug   Library Name

       826         30          0          4          0        720   mc_w.l

    ----------------------------------------------------------------------
       830         30          0          4          0        720   Library Totals

    ----------------------------------------------------------------------

==============================================================================


      Code (inc. data)   RO Data    RW Data    ZI Data      Debug   

     82684       7812      15108        552      73104     927756   Grand Totals
     82684       7812      15108        180      73104     927756   ELF Image Totals (compressed)
     82684       7812      15108        180          0          0   ROM Totals

==============================================================================

    Total RO  Size (Code + RO Data)                97792 (  95.50kB)
    Total RW  Size (RW Data + ZI Data)             73656 (  71.93kB)
    Total ROM Size (Code + RO Data + RW Data)      97972 (  95.68kB)

==============================================================================

