Component: ARM Compiler 5.06 (build 20) Tool: armlink [4d35a3]

==============================================================================

Section Cross References

    main.o(i.CloseAllInterrupt) refers to bsp_timer.o(i.bsp_DeInitTimer) for bsp_DeInitTimer
    main.o(i.ConfirmAutoUpdatePassword) refers to bsp_rtc.o(i.bsp_InitRTC) for bsp_InitRTC
    main.o(i.ConfirmAutoUpdatePassword) refers to bsp_rtc.o(i.ReadRTC_BKP_DR) for ReadRTC_BKP_DR
    main.o(i.ConfirmAutoUpdatePassword) refers to bsp_rtc.o(i.WriteToRTC_BKP_DR) for WriteToRTC_BKP_DR
    main.o(i.ConfirmAutoUpdatePassword) refers to bsp_rtc.o(i.bsp_DeInitRTC) for bsp_DeInitRTC
    main.o(i.main) refers to initial.o(i.InitSystem) for InitSystem
    main.o(i.main) refers to bsp_timer.o(i.bsp_StartTimer) for bsp_StartTimer
    main.o(i.main) refers to bsp_io.o(i.GetKey) for GetKey
    main.o(i.main) refers to bsp_timer.o(i.bsp_CheckTimer) for bsp_CheckTimer
    main.o(i.main) refers to main.o(i.ConfirmAutoUpdatePassword) for ConfirmAutoUpdatePassword
    main.o(i.main) refers to bsp.o(i.BSP_InitAll) for BSP_InitAll
    main.o(i.main) refers to usb_update.o(i.USB_UpDate) for USB_UpDate
    main.o(i.main) refers to sd_update.o(i.SD_UpDate) for SD_UpDate
    main.o(i.main) refers to tftpserver.o(i.UDP_Update) for UDP_Update
    main.o(i.main) refers to global.o(i.SystemSoftwareReset) for SystemSoftwareReset
    main.o(i.main) refers to main.o(i.CloseAllInterrupt) for CloseAllInterrupt
    main.o(i.main) refers to misc.o(i.NVIC_SetVectorTable) for NVIC_SetVectorTable
    main.o(i.main) refers to bsp_lcd.o(i.lcd_font24) for lcd_font24
    main.o(i.main) refers to main.o(.data) for Jump_To_Application
    initial.o(i.GPIO_Configuration) refers to stm32f4xx_rcc.o(i.RCC_AHB1PeriphClockCmd) for RCC_AHB1PeriphClockCmd
    initial.o(i.HardFault_Handler) refers to bsp_lcd.o(i.lcd_fill) for lcd_fill
    initial.o(i.InitSystem) refers to initial.o(i.NVIC_Configuration) for NVIC_Configuration
    initial.o(i.InitSystem) refers to initial.o(i.GPIO_Configuration) for GPIO_Configuration
    initial.o(i.InitSystem) refers to bsp.o(i.BSP_InitPort) for BSP_InitPort
    initial.o(i.NVIC_Configuration) refers to misc.o(i.NVIC_PriorityGroupConfig) for NVIC_PriorityGroupConfig
    usb_update.o(i.Check_USB_UpdateFileExist) refers to ff.o(i.f_opendir) for f_opendir
    usb_update.o(i.Check_USB_UpdateFileExist) refers to ff.o(i.f_readdir) for f_readdir
    usb_update.o(i.Check_USB_UpdateFileExist) refers to strcpy.o(.text) for strcpy
    usb_update.o(i.Check_USB_UpdateFileExist) refers to usb_update.o(.bss) for Lfname
    usb_update.o(i.USB_EraseFlashOperation) refers to bsp_lcd.o(i.lcd_font24) for lcd_font24
    usb_update.o(i.USB_EraseFlashOperation) refers to stm32f4xx_flash.o(i.FLASH_Unlock) for FLASH_Unlock
    usb_update.o(i.USB_EraseFlashOperation) refers to stm32f4xx_flash.o(i.FLASH_ClearFlag) for FLASH_ClearFlag
    usb_update.o(i.USB_EraseFlashOperation) refers to bsp_flash.o(i.GetSector) for GetSector
    usb_update.o(i.USB_EraseFlashOperation) refers to stm32f4xx_flash.o(i.FLASH_EraseSector) for FLASH_EraseSector
    usb_update.o(i.USB_EraseFlashOperation) refers to ustdlib.o(i.usprintf) for usprintf
    usb_update.o(i.USB_EraseFlashOperation) refers to bsp_timer.o(i.bsp_DelayMS) for bsp_DelayMS
    usb_update.o(i.USB_EraseFlashOperation) refers to stm32f4xx_flash.o(i.FLASH_Lock) for FLASH_Lock
    usb_update.o(i.USB_EraseFlashOperation) refers to usb_update.o(.constdata) for .constdata
    usb_update.o(i.USB_EscProcess) refers to usbh_usr.o(i.USB_ReadyCycle) for USB_ReadyCycle
    usb_update.o(i.USB_ProgramFlashOperation) refers to stm32f4xx_flash.o(i.FLASH_Unlock) for FLASH_Unlock
    usb_update.o(i.USB_ProgramFlashOperation) refers to stm32f4xx_flash.o(i.FLASH_ClearFlag) for FLASH_ClearFlag
    usb_update.o(i.USB_ProgramFlashOperation) refers to stm32f4xx_flash.o(i.FLASH_ProgramWord) for FLASH_ProgramWord
    usb_update.o(i.USB_ProgramFlashOperation) refers to stm32f4xx_flash.o(i.FLASH_Lock) for FLASH_Lock
    usb_update.o(i.USB_ProgramFlashOperation) refers to stm32f4xx_flash.o(i.FLASH_ProgramByte) for FLASH_ProgramByte
    usb_update.o(i.USB_UpDate) refers to bsp_lcd.o(i.lcd_clear) for lcd_clear
    usb_update.o(i.USB_UpDate) refers to bsp_lcd.o(i.lcd_font24) for lcd_font24
    usb_update.o(i.USB_UpDate) refers to strcpy.o(.text) for strcpy
    usb_update.o(i.USB_UpDate) refers to strcat.o(.text) for strcat
    usb_update.o(i.USB_UpDate) refers to usb_update.o(i.USB_WaitInsert) for USB_WaitInsert
    usb_update.o(i.USB_UpDate) refers to bsp_timer.o(i.bsp_DelayMS) for bsp_DelayMS
    usb_update.o(i.USB_UpDate) refers to usb_update.o(i.Check_USB_UpdateFileExist) for Check_USB_UpdateFileExist
    usb_update.o(i.USB_UpDate) refers to usb_update.o(i.USB_EraseFlashOperation) for USB_EraseFlashOperation
    usb_update.o(i.USB_UpDate) refers to usb_update.o(i.USB_UpdateExecute) for USB_UpdateExecute
[...]
    bsp_InitLan8720                          0x0800c611   Thumb Code   252  bsp_lan8720.o(i.bsp_InitLan8720)
    bsp_InitPcf8563                          0x0800c719   Thumb Code    54  bsp_pcf8563.o(i.bsp_InitPcf8563)
    bsp_InitRTC                              0x0800c74f   Thumb Code     8  bsp_rtc.o(i.bsp_InitRTC)
    bsp_InitSFlash                           0x0800c759   Thumb Code   186  bsp_spi_flash.o(i.bsp_InitSFlash)
    bsp_InitTimer                            0x0800c81d   Thumb Code   122  bsp_timer.o(i.bsp_InitTimer)
    bsp_InitUSB                              0x0800c8a1   Thumb Code    38  usb.o(i.bsp_InitUSB)
    bsp_StartTimer                           0x0800c8fd   Thumb Code    88  bsp_timer.o(i.bsp_StartTimer)
    clust2sect                               0x0800ca2f   Thumb Code    26  ff.o(i.clust2sect)
    date_get                                 0x0800cde1   Thumb Code   118  bsp_pcf8563.o(i.date_get)
    disk_initialize                          0x0800d339   Thumb Code    46  diskio.o(i.disk_initialize)
    disk_ioctl                               0x0800d36d   Thumb Code     6  diskio.o(i.disk_ioctl)
    disk_read                                0x0800d375   Thumb Code   174  diskio.o(i.disk_read)
    disk_status                              0x0800d42d   Thumb Code     6  diskio.o(i.disk_status)
    disk_write                               0x0800d435   Thumb Code   200  diskio.o(i.disk_write)
    etharp_arp_input                         0x0800d505   Thumb Code   306  etharp.o(i.etharp_arp_input)
    etharp_ip_input                          0x0800d637   Thumb Code    58  etharp.o(i.etharp_ip_input)
    etharp_output                            0x0800d671   Thumb Code   190  etharp.o(i.etharp_output)
    etharp_query                             0x0800d735   Thumb Code   436  etharp.o(i.etharp_query)
    etharp_request                           0x0800d9b9   Thumb Code    36  etharp.o(i.etharp_request)
    etharp_tmr                               0x0800da35   Thumb Code   154  etharp.o(i.etharp_tmr)
    ethernet_input                           0x0800dad5   Thumb Code   106  etharp.o(i.ethernet_input)
    ethernetif_init                          0x0800db41   Thumb Code    68  ethernetif.o(i.ethernetif_init)
    ethernetif_input                         0x0800db8d   Thumb Code    44  ethernetif.o(i.ethernetif_input)
    f_close                                  0x0800dbb9   Thumb Code    32  ff.o(i.f_close)
    f_lseek                                  0x0800dbd9   Thumb Code   684  ff.o(i.f_lseek)
    f_mount                                  0x0800de85   Thumb Code    86  ff.o(i.f_mount)
    f_open                                   0x0800dee1   Thumb Code   360  ff.o(i.f_open)
    f_opendir                                0x0800e04d   Thumb Code   114  ff.o(i.f_opendir)
    f_read                                   0x0800e0c5   Thumb Code   432  ff.o(i.f_read)
    f_readdir                                0x0800e275   Thumb Code    92  ff.o(i.f_readdir)
    f_sync                                   0x0800e2d5   Thumb Code   176  ff.o(i.f_sync)
    ff_convert                               0x0800e385   Thumb Code    70  ccsbcs.o(i.ff_convert)
    ff_wtoupper                              0x0800e3d1   Thumb Code    46  ccsbcs.o(i.ff_wtoupper)
    fputc                                    0x0800eab1   Thumb Code    18  bsp_uart.o(i.fputc)
    get_fat                                  0x0800ebb9   Thumb Code   242  ff.o(i.get_fat)
    get_fattime                              0x0800ecab   Thumb Code    66  diskio.o(i.get_fattime)
    htonl                                    0x0800ee39   Thumb Code    26  inet.o(i.htonl)
    htons                                    0x0800ee53   Thumb Code    12  inet.o(i.htons)
    i2_start                                 0x0800ee61   Thumb Code    48  bsp_pcf8563.o(i.i2_start)
    i2_stop                                  0x0800ee95   Thumb Code    48  bsp_pcf8563.o(i.i2_stop)
    i2c_init                                 0x0800eec9   Thumb Code    50  bsp_pcf8563.o(i.i2c_init)
    i2c_mastar                               0x0800ef01   Thumb Code    38  bsp_pcf8563.o(i.i2c_mastar)
    i2c_recv_byte                            0x0800ef2d   Thumb Code    84  bsp_pcf8563.o(i.i2c_recv_byte)
    i2c_send_ack                             0x0800ef85   Thumb Code    40  bsp_pcf8563.o(i.i2c_send_ack)
    i2c_send_notack                          0x0800efb1   Thumb Code    40  bsp_pcf8563.o(i.i2c_send_notack)
    i2c_sendbyte                             0x0800efdd   Thumb Code    90  bsp_pcf8563.o(i.i2c_sendbyte)
    i2c_slave                                0x0800f03d   Thumb Code    34  bsp_pcf8563.o(i.i2c_slave)
    i2c_wait_ack                             0x0800f065   Thumb Code    74  bsp_pcf8563.o(i.i2c_wait_ack)
    icmp_dest_unreach                        0x0800f0b5   Thumb Code    18  icmp.o(i.icmp_dest_unreach)
    icmp_input                               0x0800f0c7   Thumb Code   404  icmp.o(i.icmp_input)
    icmp_time_exceeded                       0x0800f2d1   Thumb Code    18  icmp.o(i.icmp_time_exceeded)
    inet_chksum                              0x0800f2e3   Thumb Code    20  inet_chksum.o(i.inet_chksum)
    inet_chksum_pbuf                         0x0800f2f7   Thumb Code    86  inet_chksum.o(i.inet_chksum_pbuf)
    ip_addr_isbroadcast                      0x0800f34d   Thumb Code    78  ip_addr.o(i.ip_addr_isbroadcast)
    ip_frag                                  0x0800f39d   Thumb Code   326  ip_frag.o(i.ip_frag)
    ip_input                                 0x0800f4e9   Thumb Code   398  ip.o(i.ip_input)
    ip_output                                0x0800f685   Thumb Code    52  ip.o(i.ip_output)
    ip_output_if                             0x0800f6b9   Thumb Code   256  ip.o(i.ip_output_if)
    ip_reass                                 0x0800f7bd   Thumb Code   400  ip_frag.o(i.ip_reass)
    ip_route                                 0x0800fcad   Thumb Code    70  ip.o(i.ip_route)
    lcd_clear                                0x0800fcfd   Thumb Code    52  bsp_lcd.o(i.lcd_clear)
    lcd_draw16x16                            0x0800fd31   Thumb Code   148  bsp_lcd.o(i.lcd_draw16x16)
    lcd_draw16x8                             0x0800fdc5   Thumb Code   106  bsp_lcd.o(i.lcd_draw16x8)
    lcd_draw24x12                            0x0800fe2f   Thumb Code   148  bsp_lcd.o(i.lcd_draw24x12)
    lcd_draw24x24                            0x0800fec3   Thumb Code   184  bsp_lcd.o(i.lcd_draw24x24)
    lcd_draw32x32                            0x0800ff7b   Thumb Code   224  bsp_lcd.o(i.lcd_draw32x32)
    lcd_fill                                 0x0801005b   Thumb Code    70  bsp_lcd.o(i.lcd_fill)
    lcd_font16                               0x080100a1   Thumb Code   300  bsp_lcd.o(i.lcd_font16)
    lcd_font24                               0x080101e9   Thumb Code   296  bsp_lcd.o(i.lcd_font24)
    lcd_gpio_init                            0x0801032d   Thumb Code   362  bsp_lcd.o(i.lcd_gpio_init)
    lcd_hard_reset                           0x080104a5   Thumb Code    32  bsp_lcd.o(i.lcd_hard_reset)
    lcd_mem_err                              0x080104c9   Thumb Code    54  bsp_lcd.o(i.lcd_mem_err)
    main                                     0x080106bd   Thumb Code   250  main.o(i.main)
    mem_free                                 0x08010821   Thumb Code   106  mem.o(i.mem_free)
    mem_init                                 0x08010899   Thumb Code    80  mem.o(i.mem_init)
    mem_malloc                               0x080108fd   Thumb Code   290  mem.o(i.mem_malloc)
    mem_realloc                              0x08010a2d   Thumb Code   316  mem.o(i.mem_realloc)
    memp_free                                0x08010b89   Thumb Code    38  memp.o(i.memp_free)
    memp_init                                0x08010bb5   Thumb Code    82  memp.o(i.memp_init)
    memp_malloc                              0x08010c19   Thumb Code    54  memp.o(i.memp_malloc)
    netif_add                                0x08010c89   Thumb Code    96  netif.o(i.netif_add)
    netif_is_up                              0x08010cf1   Thumb Code    12  netif.o(i.netif_is_up)
    netif_set_addr                           0x08010cfd   Thumb Code    40  netif.o(i.netif_set_addr)
    netif_set_default                        0x08010d25   Thumb Code     6  netif.o(i.netif_set_default)
    netif_set_gw                             0x08010d31   Thumb Code    12  netif.o(i.netif_set_gw)
    netif_set_ipaddr                         0x08010d3d   Thumb Code   110  netif.o(i.netif_set_ipaddr)
    netif_set_netmask                        0x08010db5   Thumb Code    12  netif.o(i.netif_set_netmask)
    netif_set_up                             0x08010dc1   Thumb Code    44  netif.o(i.netif_set_up)
    ntohl                                    0x08010ded   Thumb Code    12  inet.o(i.ntohl)
    ntohs                                    0x08010df9   Thumb Code    12  inet.o(i.ntohs)
    pbuf_alloc                               0x08010e05   Thumb Code   542  pbuf.o(i.pbuf_alloc)
    pbuf_cat                                 0x08011023   Thumb Code    80  pbuf.o(i.pbuf_cat)
    pbuf_chain                               0x08011073   Thumb Code    22  pbuf.o(i.pbuf_chain)
    pbuf_clen                                0x08011089   Thumb Code    18  pbuf.o(i.pbuf_clen)
    pbuf_copy                                0x0801109b   Thumb Code   220  pbuf.o(i.pbuf_copy)
    pbuf_copy_partial                        0x08011177   Thumb Code   154  pbuf.o(i.pbuf_copy_partial)
    pbuf_free                                0x08011211   Thumb Code   152  pbuf.o(i.pbuf_free)
    pbuf_header                              0x080112a9   Thumb Code   140  pbuf.o(i.pbuf_header)
    pbuf_realloc                             0x08011335   Thumb Code   176  pbuf.o(i.pbuf_realloc)
    pbuf_ref                                 0x080113e5   Thumb Code    10  pbuf.o(i.pbuf_ref)
    pcf8563_get                              0x080113ef   Thumb Code    88  bsp_pcf8563.o(i.pcf8563_get)
    pcf8563_set                              0x08011447   Thumb Code    64  bsp_pcf8563.o(i.pcf8563_set)
    put_fat                                  0x080115b1   Thumb Code   322  ff.o(i.put_fat)
    raw_input                                0x080116f5   Thumb Code   100  raw.o(i.raw_input)
    sf_ReadID                                0x080117c9   Thumb Code    64  bsp_spi_flash.o(i.sf_ReadID)
    sf_ReadInfo                              0x0801180d   Thumb Code   164  bsp_spi_flash.o(i.sf_ReadInfo)
    tcp_abandon                              0x08011b11   Thumb Code   148  tcp.o(i.tcp_abandon)
    tcp_alloc                                0x08011bad   Thumb Code   166  tcp.o(i.tcp_alloc)
    tcp_close                                0x08011c61   Thumb Code   242  tcp.o(i.tcp_close)
    tcp_eff_send_mss                         0x08011d65   Thumb Code    46  tcp.o(i.tcp_eff_send_mss)
    tcp_enqueue                              0x08011d93   Thumb Code  1068  tcp_out.o(i.tcp_enqueue)
    tcp_fasttmr                              0x080121c1   Thumb Code   112  tcp.o(i.tcp_fasttmr)
    tcp_input                                0x08012235   Thumb Code  1166  tcp_in.o(i.tcp_input)
    tcp_keepalive                            0x080126dd   Thumb Code    92  tcp_out.o(i.tcp_keepalive)
    tcp_next_iss                             0x08012901   Thumb Code    20  tcp.o(i.tcp_next_iss)
    tcp_output                               0x0801291d   Thumb Code   610  tcp_out.o(i.tcp_output)
    tcp_pcb_purge                            0x08012d8d   Thumb Code    54  tcp.o(i.tcp_pcb_purge)
    tcp_pcb_remove                           0x08012dc5   Thumb Code   170  tcp.o(i.tcp_pcb_remove)
    tcp_rexmit                               0x08013b49   Thumb Code    86  tcp_out.o(i.tcp_rexmit)
    tcp_rexmit_rto                           0x08013b9f   Thumb Code    58  tcp_out.o(i.tcp_rexmit_rto)
    tcp_rst                                  0x08013bd9   Thumb Code   174  tcp_out.o(i.tcp_rst)
    tcp_seg_free                             0x08013c87   Thumb Code    32  tcp.o(i.tcp_seg_free)
    tcp_segs_free                            0x08013ca7   Thumb Code    30  tcp.o(i.tcp_segs_free)
    tcp_send_ctrl                            0x08013cc5   Thumb Code    28  tcp_out.o(i.tcp_send_ctrl)
    tcp_slowtmr                              0x08013ce1   Thumb Code   766  tcp.o(i.tcp_slowtmr)
    tcp_tmr                                  0x08014049   Thumb Code    30  tcp.o(i.tcp_tmr)
    tcp_update_rcv_ann_wnd                   0x0801406d   Thumb Code    56  tcp.o(i.tcp_update_rcv_ann_wnd)
    tcp_zero_window_probe                    0x080140a5   Thumb Code   102  tcp_out.o(i.tcp_zero_window_probe)
    time_get                                 0x0801410b   Thumb Code   100  bsp_pcf8563.o(i.time_get)
    udp_bind                                 0x08014171   Thumb Code   112  udp.o(i.udp_bind)
    udp_disconnect                           0x080141e5   Thumb Code    28  udp.o(i.udp_disconnect)
    udp_input                                0x08014205   Thumb Code   408  udp.o(i.udp_input)
    udp_new                                  0x080143a1   Thumb Code    28  udp.o(i.udp_new)
    udp_recv                                 0x080143bd   Thumb Code     6  udp.o(i.udp_recv)
    udp_remove                               0x080143c5   Thumb Code    60  udp.o(i.udp_remove)
    udp_sendto                               0x08014405   Thumb Code    46  udp.o(i.udp_sendto)
    udp_sendto_if                            0x08014433   Thumb Code   212  udp.o(i.udp_sendto_if)
    usprintf                                 0x08014601   Thumb Code    38  ustdlib.o(i.usprintf)
    uvsnprintf                               0x08014629   Thumb Code   686  ustdlib.o(i.uvsnprintf)
    asc24                                    0x08014934   Data        4560  bsp_lcd.o(.constdata)
    asc20                                    0x08015b04   Data        3800  bsp_lcd.o(.constdata)
    asc16                                    0x080169dc   Data        1520  bsp_lcd.o(.constdata)
    num48                                    0x08016fcc   Data        2160  bsp_lcd.o(.constdata)
    mem_err_info                             0x0801783c   Data         640  bsp_lcd.o(.constdata)
    tcp_backoff                              0x08018052   Data          13  tcp.o(.constdata)
    tcp_persist_backoff                      0x0801805f   Data           7  tcp.o(.constdata)
    ip_addr_any                              0x0801808a   Data           4  ip_addr.o(.constdata)
    ip_addr_broadcast                        0x0801808e   Data           4  ip_addr.o(.constdata)
    ethbroadcast                             0x08018092   Data           6  etharp.o(.constdata)
    ethzero                                  0x08018098   Data           6  etharp.o(.constdata)
    Region$$Table$$Base                      0x08018278   Number         0  anon$$obj.o(Region$$Table)
    Region$$Table$$Limit                     0x08018298   Number         0  anon$$obj.o(Region$$Table)
    Jump_To_Application                      0x20000000   Data           4  main.o(.data)
    g_iRunTime                               0x20000028   Data           4  bsp_timer.o(.data)
    StopCondition                            0x20000050   Data           4  bsp_sdio_sd.o(.data)
    TransferError                            0x20000054   Data           1  bsp_sdio_sd.o(.data)
    TransferEnd                              0x20000058   Data           4  bsp_sdio_sd.o(.data)
    DMAEndOfTransfer                         0x2000005c   Data           4  bsp_sdio_sd.o(.data)
    fresult                                  0x20000060   Data           1  bsp_lcd.o(.data)
    TCPTimer                                 0x20000064   Data           4  netconf.o(.data)
    ARPTimer                                 0x20000068   Data           4  netconf.o(.data)
    LinkTimer                                0x2000006c   Data           4  netconf.o(.data)
    DHCPfineTimer                            0x20000074   Data           4  netconf.o(.data)
    DHCPcoarseTimer                          0x20000078   Data           4  netconf.o(.data)
    HSEStartUpStatus                         0x2000007c   Data           1  usb_bsp.o(.data)
    BSP_delay                                0x20000080   Data           4  usb_bsp.o(.data)
    USR_cb                                   0x20000084   Data          72  usbh_usr.o(.data)
    MSG_HOST_INIT                            0x200000cc   Data           4  usbh_usr.o(.data)
    MSG_DEV_ATTACHED                         0x200000d0   Data           4  usbh_usr.o(.data)
    MSG_DEV_DISCONNECTED                     0x200000d4   Data           4  usbh_usr.o(.data)
    MSG_DEV_ENUMERATED                       0x200000d8   Data           4  usbh_usr.o(.data)
    MSG_DEV_HIGHSPEED                        0x200000dc   Data           4  usbh_usr.o(.data)
    MSG_DEV_FULLSPEED                        0x200000e0   Data           4  usbh_usr.o(.data)
    MSG_DEV_LOWSPEED                         0x200000e4   Data           4  usbh_usr.o(.data)
    MSG_DEV_ERROR                            0x200000e8   Data           4  usbh_usr.o(.data)
    MSG_MSC_CLASS                            0x200000ec   Data           4  usbh_usr.o(.data)
    MSG_HID_CLASS                            0x200000f0   Data           4  usbh_usr.o(.data)
    MSG_DISK_SIZE                            0x200000f4   Data           4  usbh_usr.o(.data)
    MSG_LUN                                  0x200000f8   Data           4  usbh_usr.o(.data)
    MSG_ROOT_CONT                            0x200000fc   Data           4  usbh_usr.o(.data)
    MSG_WR_PROTECT                           0x20000100   Data           4  usbh_usr.o(.data)
    MSG_UNREC_ERROR                          0x20000104   Data           4  usbh_usr.o(.data)
    aRTC_BKP_DR                              0x2000010c   Data          80  bsp_rtc.o(.data)
    DMATxDescToSet                           0x2000016c   Data           4  stm32f4x7_eth.o(.data)
    DMARxDescToGet                           0x20000170   Data           4  stm32f4x7_eth.o(.data)
    DMA_RX_FRAME_infos                       0x20000174   Data           4  stm32f4x7_eth.o(.data)
    Frame_Rx_index                           0x20000178   Data           4  stm32f4x7_eth.o(.data)
    SystemCoreClock                          0x2000017c   Data           4  system_stm32f4xx.o(.data)
    AHBPrescTable                            0x20000180   Data          16  system_stm32f4xx.o(.data)
    tcp_ticks                                0x2000019c   Data           4  tcp.o(.data)
    tcp_bound_pcbs                           0x200001a0   Data           4  tcp.o(.data)
    tcp_listen_pcbs                          0x200001a4   Data           4  tcp.o(.data)
    tcp_active_pcbs                          0x200001a8   Data           4  tcp.o(.data)
    tcp_tw_pcbs                              0x200001ac   Data           4  tcp.o(.data)
    tcp_tmp_pcb                              0x200001b0   Data           4  tcp.o(.data)
    tcp_input_pcb                            0x200001d8   Data           4  tcp_in.o(.data)
    udp_pcbs                                 0x200001dc   Data           4  udp.o(.data)
    netif_list                               0x200001f0   Data           4  netif.o(.data)
    netif_default                            0x200001f4   Data           4  netif.o(.data)
    tcp_end_time                             0x20000214   Data           4  ethernetif.o(.data)
    arp_end_time                             0x20000218   Data           4  ethernetif.o(.data)
    MACaddr                                  0x2000021c   Data           6  ethernetif.o(.data)
    DMATxDesc                                0x20000224   Data           4  ethernetif.o(.data)
    MSC_Setup                                0x2000023c   Data           8  usbh_msc_core.o(.data)
    MSCErrorCount                            0x20000244   Data           1  usbh_msc_core.o(.data)
    USBH_MSC_cb                              0x20000248   Data          16  usbh_msc_core.o(.data)
    USBH_HCD_INT_cb                          0x2000025c   Data          12  usbh_core.o(.data)
    USBH_HCD_INT_fops                        0x20000268   Data           4  usbh_core.o(.data)
    __stdout                                 0x20000274   Data           4  stdout.o(.data)
    SDCardInfo                               0x200009a0   Data          88  bsp_sdio_sd.o(.bss)
    SDIO_InitStructure                       0x200009f8   Data          24  bsp_sdio_sd.o(.bss)
    SDIO_CmdInitStructure                    0x20000a10   Data          20  bsp_sdio_sd.o(.bss)
    SDIO_DataInitStructure                   0x20000a24   Data          24  bsp_sdio_sd.o(.bss)
    file_obj                                 0x20001c0c   Data         552  bsp_lcd.o(.bss)
    english_obj                              0x20001e34   Data         552  bsp_lcd.o(.bss)
    chinese_obj                              0x2000205c   Data         552  bsp_lcd.o(.bss)
    disp_buff                                0x20002284   Data          40  bsp_lcd.o(.bss)
    g_tSF                                    0x200022ac   Data          28  bsp_spi_flash.o(.bss)
    netif                                    0x200022c8   Data          48  netconf.o(.bss)
    USB_OTG_Core                             0x200022f8   Data        1452  usbh_usr.o(.bss)
    USB_Host                                 0x200028a4   Data         132  usbh_usr.o(.bss)
    RX_Frame_Descriptor                      0x20002b58   Data          12  stm32f4x7_eth.o(.bss)
    DMARxDscrTab                             0x2000cae4   Data         160  ethernetif.o(.bss)
    DMATxDscrTab                             0x2000cb84   Data         160  ethernetif.o(.bss)
    Rx_Buff                                  0x2000cc24   Data        7620  ethernetif.o(.bss)
    Tx_Buff                                  0x2000e9e8   Data        7620  ethernetif.o(.bss)
    USBH_MSC_CBWData                         0x200107ac   Data          32  usbh_msc_bot.o(.bss)
    USBH_MSC_CSWData                         0x200107cc   Data          16  usbh_msc_bot.o(.bss)
    USBH_MSC_BOTXferParam                    0x200107dc   Data          16  usbh_msc_bot.o(.bss)
    MSC_Machine                              0x200107ec   Data         522  usbh_msc_core.o(.bss)
    USBH_MSC_Param                           0x200109f8   Data          16  usbh_msc_scsi.o(.bss)
    USBH_DataInBuffer                        0x20010a08   Data         512  usbh_msc_scsi.o(.bss)
    USBH_DataOutBuffer                       0x20010c08   Data         512  usbh_msc_scsi.o(.bss)
    USBH_CfgDesc                             0x20010e08   Data         512  usbh_stdreq.o(.bss)
    __initial_sp                             0x20012008   Data           0  startup_stm32f40_41xxx.o(STACK)



==============================================================================

Memory Map of the image

  Image Entry point : 0x08000189

  Load Region LR_IROM1 (Base: 0x08000000, Size: 0x00018510, Max: 0x00080000, ABSOLUTE, COMPRESSED[0x00018378])

    Execution Region ER_IROM1 (Base: 0x08000000, Size: 0x00018298, Max: 0x00080000, ABSOLUTE)

    Base Addr    Size         Type   Attr      Idx    E Section Name        Object

    0x08000000   0x00000188   Data   RO         6902    RESET               startup_stm32f40_41xxx.o
    0x08000188   0x00000000   Code   RO         9444  * .ARM.Collect$$$$00000000  mc_w.l(entry.o)
    0x08000188   0x00000004   Code   RO         9732    .ARM.Collect$$$$00000001  mc_w.l(entry2.o)
    0x0800018c   0x00000004   Code   RO         9735    .ARM.Collect$$$$00000004  mc_w.l(entry5.o)
    0x08000190   0x00000000   Code   RO         9737    .ARM.Collect$$$$00000008  mc_w.l(entry7b.o)
    0x08000190   0x00000000   Code   RO         9739    .ARM.Collect$$$$0000000A  mc_w.l(entry8b.o)
    0x08000190   0x00000008   Code   RO         9740    .ARM.Collect$$$$0000000B  mc_w.l(entry9a.o)
    0x08000198   0x00000000   Code   RO         9742    .ARM.Collect$$$$0000000D  mc_w.l(entry10a.o)
    0x08000198   0x00000000   Code   RO         9744    .ARM.Collect$$$$0000000F  mc_w.l(entry11a.o)
    0x08000198   0x00000004   Code   RO         9733    .ARM.Collect$$$$00002712  mc_w.l(entry2.o)
    0x0800019c   0x00000024   Code   RO         6903    .text               startup_stm32f40_41xxx.o
    0x080001c0   0x00000024   Code   RO         9447    .text               mc_w.l(memcpya.o)
    0x080001e4   0x00000024   Code   RO         9449    .text               mc_w.l(memseta.o)
    0x08000208   0x00000018   Code   RO         9451    .text               mc_w.l(strcat.o)
    0x08000220   0x00000018   Code   RO         9453    .text               mc_w.l(strncpy.o)
    0x08000238   0x00000012   Code   RO         9459    .text               mc_w.l(strcpy.o)
    0x0800024a   0x0000002c   Code   RO         9747    .text               mc_w.l(uidiv.o)
    0x08000276   0x00000002   PAD
    0x08000278   0x00000024   Code   RO         9764    .text               mc_w.l(init.o)
    0x0800029c   0x00000056   Code   RO         9778    .text               mc_w.l(__dczerorl2.o)
    0x080002f2   0x00000074   Code   RO         1718    i.Active_Window     bsp_ra8875.o
    0x08000366   0x00000002   PAD
    0x08000368   0x000000e4   Code   RO         3654    i.AutoEnterSystemCue  global.o
    0x0800044c   0x0000001c   Code   RO          664    i.BSP_InitAll       bsp.o
    0x08000468   0x00000010   Code   RO          665    i.BSP_InitPort      bsp.o
    0x08000478   0x000000a0   Code   RO          952    i.BeepISR           bsp_io.o
    0x08000518   0x00000010   Code   RO          953    i.BeepOff           bsp_io.o
    0x08000528   0x00000010   Code   RO          954    i.BeepOn            bsp_io.o
    0x08000538   0x00000004   Code   RO         6951    i.BusFault_Handler  stm32f4xx_it.o
    0x0800053c   0x00000084   Code   RO          479    i.Check_SD_UpdateFileExist  sd_update.o
    0x080005c0   0x00000084   Code   RO          355    i.Check_USB_UpdateFileExist  usb_update.o
    0x08000644   0x00000012   Code   RO         1724    i.Chk_Busy          bsp_ra8875.o
    0x08000656   0x0000001e   Code   RO         1730    i.Clear_Active_Window  bsp_ra8875.o
    0x08000674   0x0000000a   Code   RO            4    i.CloseAllInterrupt  main.o
    0x0800067e   0x00000002   PAD
    0x08000680   0x00000010   Code   RO          956    i.ClrOutportBit     bsp_io.o
    0x08000690   0x0000002c   Code   RO         1450    i.CmdError          bsp_sdio_sd.o
    0x080006bc   0x00000134   Code   RO         1451    i.CmdResp1Error     bsp_sdio_sd.o
    0x080007f0   0x0000004c   Code   RO         1452    i.CmdResp2Error     bsp_sdio_sd.o
    0x0800083c   0x00000038   Code   RO         1453    i.CmdResp3Error     bsp_sdio_sd.o
    0x08000874   0x0000009c   Code   RO         1454    i.CmdResp6Error     bsp_sdio_sd.o
    0x08000910   0x0000004c   Code   RO         1455    i.CmdResp7Error     bsp_sdio_sd.o
    0x0800095c   0x0000003e   Code   RO          855    i.ComSend           bsp_uart.o
    0x0800099a   0x00000002   PAD
    0x0800099c   0x00000038   Code   RO          856    i.ComToUart         bsp_uart.o
    0x080009d4   0x0000003c   Code   RO            5    i.ConfirmAutoUpdatePassword  main.o
    0x08000a10   0x00000008   Code   RO         1456    i.DMA2_Stream3_IRQHandler  bsp_sdio_sd.o
    0x08000a18   0x00000108   Code   RO         5105    i.DMA_ClearFlag     stm32f4xx_dma.o
    0x08000b20   0x000000e0   Code   RO         5107    i.DMA_Cmd           stm32f4xx_dma.o
    0x08000c00   0x00000204   Code   RO         5108    i.DMA_DeInit        stm32f4xx_dma.o
    0x08000e04   0x000000e0   Code   RO         5111    i.DMA_FlowControllerConfig  stm32f4xx_dma.o
    0x08000ee4   0x00000118   Code   RO         5118    i.DMA_ITConfig      stm32f4xx_dma.o
    0x08000ffc   0x000002c0   Code   RO         5119    i.DMA_Init          stm32f4xx_dma.o
    0x080012bc   0x00000002   Code   RO         6952    i.DebugMon_Handler  stm32f4xx_it.o
    0x080012be   0x00000014   Code   RO         1737    i.Display_ON        bsp_ra8875.o
    0x080012d2   0x00000016   Code   RO         1752    i.Draw_square_fill  bsp_ra8875.o
    0x080012e8   0x00000022   Code   RO         2962    i.ETHERNET_NVICConfiguration  bsp_lan8720.o
    0x0800130a   0x00000002   PAD
    0x0800130c   0x00000048   Code   RO         5831    i.ETH_DMAClearITPendingBit  stm32f4x7_eth.o
    0x08001354   0x00000070   Code   RO         5832    i.ETH_DMAITConfig   stm32f4x7_eth.o
    0x080013c4   0x00000058   Code   RO         5833    i.ETH_DMAReceptionCmd  stm32f4x7_eth.o
    0x0800141c   0x00000064   Code   RO         5834    i.ETH_DMARxDescChainInit  stm32f4x7_eth.o
    0x08001480   0x00000050   Code   RO         5835    i.ETH_DMARxDescReceiveITConfig  stm32f4x7_eth.o
    0x080014d0   0x00000058   Code   RO         5836    i.ETH_DMATransmissionCmd  stm32f4x7_eth.o
    0x08001528   0x00000050   Code   RO         5839    i.ETH_DMATxDescChainInit  stm32f4x7_eth.o
    0x08001578   0x00000050   Code   RO         5840    i.ETH_DMATxDescChecksumInsertionConfig  stm32f4x7_eth.o
    0x080015c8   0x00000016   Code   RO         5845    i.ETH_DeInit        stm32f4x7_eth.o
    0x080015de   0x0000001c   Code   RO         5846    i.ETH_Delay         stm32f4x7_eth.o
    0x080015fa   0x00000002   PAD
    0x080015fc   0x00000014   Code   RO         5848    i.ETH_FlushTransmitFIFO  stm32f4x7_eth.o
    0x08001610   0x0000000c   Code   RO         8534    i.ETH_GetCurrentTxBuffer  ethernetif.o
    0x0800161c   0x0000000a   Code   RO         5860    i.ETH_GetDMARxDescFrameLength  stm32f4x7_eth.o
    0x08001626   0x0000002a   Code   RO         5873    i.ETH_GetRxPktSize  stm32f4x7_eth.o
    0x08001650   0x00000018   Code   RO         5874    i.ETH_GetSoftwareResetStatus  stm32f4x7_eth.o
    0x08001668   0x00000028   Code   RO         2963    i.ETH_IRQHandler    bsp_lan8720.o
    0x08001690   0x00000880   Code   RO         5879    i.ETH_Init          stm32f4x7_eth.o
    0x08001f10   0x00000070   Code   RO         5881    i.ETH_MACAddressConfig  stm32f4x7_eth.o
    0x08001f80   0x0000008c   Code   RO         2964    i.ETH_MACDMA_Config  bsp_lan8720.o
    0x0800200c   0x00000058   Code   RO         5886    i.ETH_MACReceptionCmd  stm32f4x7_eth.o
    0x08002064   0x00000058   Code   RO         5887    i.ETH_MACTransmissionCmd  stm32f4x7_eth.o
    0x080020bc   0x000000b0   Code   RO         5899    i.ETH_ReadPHYRegister  stm32f4x7_eth.o
    0x0800216c   0x0000009c   Code   RO         8535    i.ETH_RxPkt_ChainMode  ethernetif.o
    0x08002208   0x00000014   Code   RO         5907    i.ETH_SoftwareReset  stm32f4x7_eth.o
    0x0800221c   0x00000020   Code   RO         5908    i.ETH_Start         stm32f4x7_eth.o
    0x0800223c   0x000000b2   Code   RO         5909    i.ETH_StructInit    stm32f4x7_eth.o
    0x080022ee   0x00000002   PAD
    0x080022f0   0x00000068   Code   RO         8536    i.ETH_TxPkt_ChainMode  ethernetif.o
    0x08002358   0x000000b0   Code   RO         5911    i.ETH_WritePHYRegister  stm32f4x7_eth.o
    0x08002408   0x00000048   Code   RO         5570    i.FLASH_ClearFlag   stm32f4xx_flash.o
    0x08002450   0x00000130   Code   RO         5576    i.FLASH_EraseSector  stm32f4xx_flash.o
    0x08002580   0x00000054   Code   RO         5578    i.FLASH_GetStatus   stm32f4xx_flash.o
    0x080025d4   0x00000050   Code   RO          628    i.FLASH_If_Erase    flash_if.o
    0x08002624   0x00000008   Code   RO          629    i.FLASH_If_Init     flash_if.o
    0x0800262c   0x00000058   Code   RO          630    i.FLASH_If_Write    flash_if.o
    0x08002684   0x00000014   Code   RO         5582    i.FLASH_Lock        stm32f4xx_flash.o
    0x08002698   0x00000098   Code   RO         5603    i.FLASH_ProgramByte  stm32f4xx_flash.o
    0x08002730   0x0000009c   Code   RO         5606    i.FLASH_ProgramWord  stm32f4xx_flash.o
    0x080027cc   0x00000024   Code   RO         5608    i.FLASH_Unlock      stm32f4xx_flash.o
    0x080027f0   0x00000022   Code   RO         5609    i.FLASH_WaitForLastOperation  stm32f4xx_flash.o
    0x08002812   0x00000070   Code   RO         2474    i.FSMC_LCD_Init     bsp_lcd.o
    0x08002882   0x00000002   PAD
    0x08002884   0x00000084   Code   RO         5446    i.FSMC_NORSRAMCmd   stm32f4xx_fsmc.o
    0x08002908   0x00000360   Code   RO         5448    i.FSMC_NORSRAMInit  stm32f4xx_fsmc.o
    0x08002c68   0x00000194   Code   RO         1457    i.FindSCR           bsp_sdio_sd.o
    0x08002dfc   0x0000000c   Code   RO          312    i.GPIO_Configuration  initial.o
    0x08002e08   0x000001ac   Code   RO         3740    i.GPIO_Init         stm32f4xx_gpio.o
    0x08002fb4   0x000001ac   Code   RO         3741    i.GPIO_PinAFConfig  stm32f4xx_gpio.o
    0x08003160   0x00000110   Code   RO         3744    i.GPIO_ReadInputDataBit  stm32f4xx_gpio.o
    0x08003270   0x000000b4   Code   RO         3747    i.GPIO_ResetBits    stm32f4xx_gpio.o
    0x08003324   0x000000b4   Code   RO         3748    i.GPIO_SetBits      stm32f4xx_gpio.o
    0x080033d8   0x00000074   Code   RO         1755    i.Geometric_Coordinate  bsp_ra8875.o
    0x0800344c   0x0000001c   Code   RO         3098    i.GetEthLinkStatus  netconf.o
    0x08003468   0x00000050   Code   RO          957    i.GetKey            bsp_io.o
    0x080034b8   0x000000e0   Code   RO         2756    i.GetSector         bsp_flash.o
    0x08003598   0x00000014   Code   RO         3254    i.Get_USB_Status    usbh_usr.o
    0x080035ac   0x0000000a   Code   RO         9363    i.HCD_GetCurrentFrame  usb_hcd.o
    0x080035b6   0x00000014   Code   RO         9364    i.HCD_GetCurrentSpeed  usb_hcd.o
    0x080035ca   0x0000000a   Code   RO         9366    i.HCD_GetURB_State  usb_hcd.o
    0x080035d4   0x0000000c   Code   RO         9367    i.HCD_GetXferCnt    usb_hcd.o
    0x080035e0   0x00000060   Code   RO         9369    i.HCD_Init          usb_hcd.o
    0x08003640   0x00000008   Code   RO         9370    i.HCD_IsDeviceConnected  usb_hcd.o
    0x08003648   0x0000000e   Code   RO         9371    i.HCD_ResetPort     usb_hcd.o
    0x08003656   0x00000020   Code   RO         9372    i.HCD_SubmitRequest  usb_hcd.o
    0x08003676   0x0000001a   Code   RO         1770    i.HDIR_SEG0_SEGn    bsp_ra8875.o
    0x08003690   0x0000001a   Code   RO          313    i.HardFault_Handler  initial.o
    0x080036aa   0x00000002   PAD
    0x080036ac   0x00000030   Code   RO          530    i.IAP_tftp_cleanup_wr  tftpserver.o
    0x080036dc   0x00000006   Code   RO          531    i.IAP_tftp_decode_op  tftpserver.o
    0x080036e2   0x0000000e   Code   RO          532    i.IAP_tftp_extract_block  tftpserver.o
    0x080036f0   0x00000108   Code   RO          533    i.IAP_tftp_process_write  tftpserver.o
    0x080037f8   0x0000013c   Code   RO          534    i.IAP_tftp_recv_callback  tftpserver.o
    0x08003934   0x000000a8   Code   RO          535    i.IAP_tftp_send_ack_packet  tftpserver.o
    0x080039dc   0x00000012   Code   RO          536    i.IAP_tftp_set_block  tftpserver.o
    0x080039ee   0x00000008   Code   RO          537    i.IAP_tftp_set_opcode  tftpserver.o
    0x080039f6   0x00000002   PAD
    0x080039f8   0x000000e8   Code   RO          538    i.IAP_tftpd_init    tftpserver.o
    0x08003ae0   0x000002b8   Code   RO          539    i.IAP_wrq_recv_callback  tftpserver.o
    0x08003d98   0x00000068   Code   RO          960    i.InitBeep          bsp_io.o
    0x08003e00   0x00000070   Code   RO          961    i.InitExt_74HC595   bsp_io.o
    0x08003e70   0x00000008   Code   RO          962    i.InitInport        bsp_io.o
    0x08003e78   0x0000003c   Code   RO          963    i.InitLamp          bsp_io.o
    0x08003eb4   0x0000000c   Code   RO          964    i.InitOutport       bsp_io.o
    0x08003ec0   0x00000010   Code   RO          314    i.InitSystem        initial.o
    0x08003ed0   0x00000060   Code   RO          965    i.Init_74HC165      bsp_io.o
    0x08003f30   0x00000168   Code   RO         1772    i.Init_RA8875       bsp_ra8875.o
    0x08004098   0x0000000c   Code   RO         1773    i.LCD_StatusRead    bsp_ra8875.o
    0x080040a4   0x00000054   Code   RO         5912    i.Link_tmr          stm32f4x7_eth.o
    0x080040f8   0x00000058   Code   RO         3099    i.LwIP_Periodic_Handle  netconf.o
    0x08004150   0x00000010   Code   RO         3100    i.LwIP_Pkt_Handle   netconf.o
    0x08004160   0x00000004   Code   RO         6953    i.MemManage_Handler  stm32f4xx_it.o
    0x08004164   0x0000001e   Code   RO         1784    i.Memory_Clear      bsp_ra8875.o
    0x08004182   0x00000002   Code   RO         6954    i.NMI_Handler       stm32f4xx_it.o
    0x08004184   0x0000000c   Code   RO          315    i.NVIC_Configuration  initial.o
    0x08004190   0x000000c4   Code   RO         3691    i.NVIC_Init         misc.o
    0x08004254   0x00000054   Code   RO         3692    i.NVIC_PriorityGroupConfig  misc.o
    0x080042a8   0x00000028   Code   RO          723    i.NVIC_SetPriority  bsp_timer.o
    0x080042d0   0x0000005c   Code   RO         3693    i.NVIC_SetVectorTable  misc.o
    0x0800432c   0x00000010   Code   RO         3223    i.OTG_HS_IRQHandler  usbh_it.o
    0x0800433c   0x0000002c   Code   RO          967    i.OutportTask       bsp_io.o
    0x08004368   0x00000026   Code   RO         1800    i.PWM1_clock_ratio  bsp_ra8875.o
    0x0800438e   0x00000022   Code   RO         1804    i.PWM1_duty_cycle   bsp_ra8875.o
    0x080043b0   0x0000001e   Code   RO         1805    i.PWM1_enable       bsp_ra8875.o
    0x080043ce   0x0000001e   Code   RO         1806    i.PWM1_fnuction_sel  bsp_ra8875.o
    0x080043ec   0x00000040   Code   RO         6419    i.PWR_BackupAccessCmd  stm32f4xx_pwr.o
    0x0800442c   0x00000002   Code   RO         6955    i.PendSV_Handler    stm32f4xx_it.o
    0x0800442e   0x00000002   PAD
    0x08004430   0x00000018   Code   RO         1816    i.RA8875_WAITSTATUS  bsp_ra8875.o
    0x08004448   0x00000070   Code   RO         3841    i.RCC_AHB1PeriphClockCmd  stm32f4xx_rcc.o
    0x080044b8   0x00000070   Code   RO         3843    i.RCC_AHB1PeriphResetCmd  stm32f4xx_rcc.o
    0x08004528   0x0000006c   Code   RO         3847    i.RCC_AHB3PeriphClockCmd  stm32f4xx_rcc.o
    0x08004594   0x00000070   Code   RO         3850    i.RCC_APB1PeriphClockCmd  stm32f4xx_rcc.o
    0x08004604   0x00000070   Code   RO         3852    i.RCC_APB1PeriphResetCmd  stm32f4xx_rcc.o
    0x08004674   0x00000070   Code   RO         3853    i.RCC_APB2PeriphClockCmd  stm32f4xx_rcc.o
    0x080046e4   0x00000070   Code   RO         3855    i.RCC_APB2PeriphResetCmd  stm32f4xx_rcc.o
    0x08004754   0x000000e8   Code   RO         3862    i.RCC_GetClocksFreq  stm32f4xx_rcc.o
    0x0800483c   0x000000ac   Code   RO         3863    i.RCC_GetFlagStatus  stm32f4xx_rcc.o
    0x080048e8   0x00000040   Code   RO         3873    i.RCC_LSICmd        stm32f4xx_rcc.o
    0x08004928   0x000001a4   Code   RO         3886    i.RCC_RTCCLKConfig  stm32f4xx_rcc.o
    0x08004acc   0x0000002c   Code   RO         3401    i.RTC_Config        bsp_rtc.o
    0x08004af8   0x00000098   Code   RO         6577    i.RTC_ReadBackupRegister  stm32f4xx_rtc.o
    0x08004b90   0x0000009c   Code   RO         6600    i.RTC_WriteBackupRegister  stm32f4xx_rtc.o
    0x08004c2c   0x00000014   Code   RO         1817    i.ReadCOMM          bsp_ra8875.o
    0x08004c40   0x00000012   Code   RO         1818    i.ReadData          bsp_ra8875.o
    0x08004c52   0x00000002   PAD
    0x08004c54   0x00000020   Code   RO         3402    i.ReadRTC_BKP_DR    bsp_rtc.o
    0x08004c74   0x0000011c   Code   RO         1459    i.SDEnWideBus       bsp_sdio_sd.o
    0x08004d90   0x00000048   Code   RO         5238    i.SDIO_ClearFlag    stm32f4xx_sdio.o
    0x08004dd8   0x00000048   Code   RO         5239    i.SDIO_ClearITPendingBit  stm32f4xx_sdio.o
    0x08004e20   0x00000040   Code   RO         5240    i.SDIO_ClockCmd     stm32f4xx_sdio.o
    0x08004e60   0x00000040   Code   RO         5243    i.SDIO_DMACmd       stm32f4xx_sdio.o
    0x08004ea0   0x00000110   Code   RO         5244    i.SDIO_DataConfig   stm32f4xx_sdio.o
    0x08004fb0   0x00000016   Code   RO         5246    i.SDIO_DeInit       stm32f4xx_sdio.o
    0x08004fc6   0x00000002   PAD
    0x08004fc8   0x0000000c   Code   RO         5247    i.SDIO_GetCommandResponse  stm32f4xx_sdio.o
    0x08004fd4   0x000000c8   Code   RO         5250    i.SDIO_GetFlagStatus  stm32f4xx_sdio.o
    0x0800509c   0x000000c8   Code   RO         5251    i.SDIO_GetITStatus  stm32f4xx_sdio.o
    0x08005164   0x00000010   Code   RO         5252    i.SDIO_GetPowerState  stm32f4xx_sdio.o
    0x08005174   0x00000054   Code   RO         5253    i.SDIO_GetResponse  stm32f4xx_sdio.o
    0x080051c8   0x00000008   Code   RO         1460    i.SDIO_IRQHandler   bsp_sdio_sd.o
    0x080051d0   0x0000006c   Code   RO         5254    i.SDIO_ITConfig     stm32f4xx_sdio.o
    0x0800523c   0x000000d4   Code   RO         5255    i.SDIO_Init         stm32f4xx_sdio.o
    0x08005310   0x00000032   Code   RO         1461    i.SDIO_Interrupts_Config  bsp_sdio_sd.o
    0x08005342   0x00000002   PAD
    0x08005344   0x0000000c   Code   RO         5256    i.SDIO_ReadData     stm32f4xx_sdio.o
    0x08005350   0x000000b8   Code   RO         5258    i.SDIO_SendCommand  stm32f4xx_sdio.o
    0x08005408   0x00000040   Code   RO         5260    i.SDIO_SetPowerState  stm32f4xx_sdio.o
    0x08005448   0x00000020   Code   RO         1463    i.SD_Detect         bsp_sdio_sd.o
    0x08005468   0x00000090   Code   RO         1464    i.SD_EnableWideBusOperation  bsp_sdio_sd.o
    0x080054f8   0x000000f8   Code   RO          480    i.SD_EraseFlashOperation  sd_update.o
    0x080055f0   0x0000030c   Code   RO         1466    i.SD_GetCardInfo    bsp_sdio_sd.o
    0x080058fc   0x00000026   Code   RO         1468    i.SD_GetState       bsp_sdio_sd.o
    0x08005922   0x0000001e   Code   RO         1469    i.SD_GetStatus      bsp_sdio_sd.o
    0x08005940   0x00000088   Code   RO         1471    i.SD_Init           bsp_sdio_sd.o
    0x080059c8   0x0000013c   Code   RO         1472    i.SD_InitializeCards  bsp_sdio_sd.o
    0x08005b04   0x0000008c   Code   RO         1473    i.SD_LowLevel_DMA_RxConfig  bsp_sdio_sd.o
    0x08005b90   0x00000090   Code   RO         1474    i.SD_LowLevel_DMA_TxConfig  bsp_sdio_sd.o
    0x08005c20   0x000000c4   Code   RO         1476    i.SD_LowLevel_Init  bsp_sdio_sd.o
    0x08005ce4   0x000001a0   Code   RO         1478    i.SD_PowerON        bsp_sdio_sd.o
    0x08005e84   0x00000028   Code   RO         1479    i.SD_ProcessDMAIRQ  bsp_sdio_sd.o
    0x08005eac   0x000000ac   Code   RO         1480    i.SD_ProcessIRQSrc  bsp_sdio_sd.o
    0x08005f58   0x000000d0   Code   RO          481    i.SD_ProgramFlashOperation  sd_update.o
    0x08006028   0x000000e0   Code   RO         1481    i.SD_ReadBlock      bsp_sdio_sd.o
    0x08006108   0x000000e8   Code   RO         1482    i.SD_ReadMultiBlocks  bsp_sdio_sd.o
    0x080061f0   0x00000034   Code   RO         1483    i.SD_SelectDeselect  bsp_sdio_sd.o
    0x08006224   0x00000054   Code   RO         1485    i.SD_SendStatus     bsp_sdio_sd.o
    0x08006278   0x00000034   Code   RO         1486    i.SD_StopTransfer   bsp_sdio_sd.o
    0x080062ac   0x000002b4   Code   RO          482    i.SD_UpDate         sd_update.o
    0x08006560   0x000001cc   Code   RO          483    i.SD_UpdateExecute  sd_update.o
    0x0800672c   0x00000080   Code   RO         1487    i.SD_WaitReadOperation  bsp_sdio_sd.o
    0x080067ac   0x000000dc   Code   RO         1489    i.SD_WriteBlock     bsp_sdio_sd.o
    0x08006888   0x00000148   Code   RO         1490    i.SD_WriteMultiBlocks  bsp_sdio_sd.o
    0x080069d0   0x00000098   Code   RO         4943    i.SPI_Cmd           stm32f4xx_spi.o
    0x08006a68   0x000000c4   Code   RO         4951    i.SPI_I2S_GetFlagStatus  stm32f4xx_spi.o
    0x08006b2c   0x00000080   Code   RO         4954    i.SPI_I2S_ReceiveData  stm32f4xx_spi.o
    0x08006bac   0x00000084   Code   RO         4955    i.SPI_I2S_SendData  stm32f4xx_spi.o
    0x08006c30   0x000001a8   Code   RO         4956    i.SPI_Init          stm32f4xx_spi.o
    0x08006dd8   0x00000002   Code   RO         6956    i.SVC_Handler       stm32f4xx_it.o
    0x08006dda   0x00000002   PAD
    0x08006ddc   0x00000040   Code   RO         6361    i.SYSCFG_ETH_MediaInterfaceConfig  stm32f4xx_syscfg.o
    0x08006e1c   0x00000050   Code   RO          973    i.SetLampVal        bsp_io.o
    0x08006e6c   0x00000010   Code   RO          975    i.SetOutportBit     bsp_io.o
    0x08006e7c   0x000000ec   Code   RO         6910    i.SetSysClock       system_stm32f4xx.o
    0x08006f68   0x0000002c   Code   RO         8537    i.Set_MAC_Address   ethernetif.o
    0x08006f94   0x0000001c   Code   RO         1822    i.Software_Reset    bsp_ra8875.o
    0x08006fb0   0x00000008   Code   RO          724    i.SysTick_Handler   bsp_timer.o
    0x08006fb8   0x0000005c   Code   RO          725    i.SysTick_ISR       bsp_timer.o
    0x08007014   0x00000068   Code   RO         6912    i.SystemInit        system_stm32f4xx.o
    0x0800707c   0x0000004c   Code   RO         3655    i.SystemSoftwareReset  global.o
    0x080070c8   0x00000008   Code   RO         3224    i.TIM2_IRQHandler   usbh_it.o
    0x080070d0   0x00000038   Code   RO          726    i.TIM3_IRQHandler   bsp_timer.o
    0x08007108   0x000000c0   Code   RO         4190    i.TIM_ClearITPendingBit  stm32f4xx_tim.o
    0x080071c8   0x000000e4   Code   RO         4195    i.TIM_Cmd           stm32f4xx_tim.o
    0x080072ac   0x00000110   Code   RO         4216    i.TIM_GetITStatus   stm32f4xx_tim.o
    0x080073bc   0x00000032   Code   RO         1826    i.Text_Foreground_Color  bsp_ra8875.o
    0x080073ee   0x00000002   PAD
    0x080073f0   0x00000050   Code   RO          540    i.UDP_AddUpdateError  tftpserver.o
    0x08007440   0x000000fc   Code   RO          541    i.UDP_EraseFlashCue  tftpserver.o
    0x0800753c   0x00000238   Code   RO          542    i.UDP_Update        tftpserver.o
    0x08007774   0x00000010   Code   RO          859    i.USART6_IRQHandler  bsp_uart.o
    0x08007784   0x000000cc   Code   RO         4745    i.USART_ClearFlag   stm32f4xx_usart.o
    0x08007850   0x000000ac   Code   RO         4749    i.USART_Cmd         stm32f4xx_usart.o
    0x080078fc   0x00000148   Code   RO         4751    i.USART_DeInit      stm32f4xx_usart.o
    0x08007a44   0x000000f8   Code   RO         4752    i.USART_GetFlagStatus  stm32f4xx_usart.o
    0x08007b3c   0x00000164   Code   RO         4753    i.USART_GetITStatus  stm32f4xx_usart.o
    0x08007ca0   0x00000150   Code   RO         4755    i.USART_ITConfig    stm32f4xx_usart.o
    0x08007df0   0x00000224   Code   RO         4756    i.USART_Init        stm32f4xx_usart.o
    0x08008014   0x00000088   Code   RO         4763    i.USART_ReceiveData  stm32f4xx_usart.o
    0x0800809c   0x0000009c   Code   RO         4766    i.USART_SendData    stm32f4xx_usart.o
    0x08008138   0x00000026   Code   RO         8859    i.USBH_Alloc_Channel  usbh_hcs.o
    0x0800815e   0x00000060   Code   RO         8912    i.USBH_BulkReceiveData  usbh_ioreq.o
    0x080081be   0x0000005e   Code   RO         8913    i.USBH_BulkSendData  usbh_ioreq.o
    0x0800821c   0x0000004c   Code   RO         8995    i.USBH_ClrFeature   usbh_stdreq.o
    0x08008268   0x0000000c   Code   RO         8782    i.USBH_Connected    usbh_core.o
    0x08008274   0x00000046   Code   RO         8914    i.USBH_CtlReceiveData  usbh_ioreq.o
    0x080082ba   0x00000064   Code   RO         8915    i.USBH_CtlReq       usbh_ioreq.o
    0x0800831e   0x0000006e   Code   RO         8916    i.USBH_CtlSendData  usbh_ioreq.o
    0x0800838c   0x00000042   Code   RO         8917    i.USBH_CtlSendSetup  usbh_ioreq.o
    0x080083ce   0x0000001c   Code   RO         8860    i.USBH_DeAllocate_AllChannel  usbh_hcs.o
    0x080083ea   0x0000003a   Code   RO         8783    i.USBH_DeInit       usbh_core.o
    0x08008424   0x0000000c   Code   RO         8784    i.USBH_Disconnected  usbh_core.o
    0x08008430   0x0000002e   Code   RO         8785    i.USBH_ErrorHandle  usbh_core.o
    0x0800845e   0x0000001e   Code   RO         8861    i.USBH_Free_Channel  usbh_hcs.o
    0x0800847c   0x00000044   Code   RO         8996    i.USBH_GetDescriptor  usbh_stdreq.o
    0x080084c0   0x00000028   Code   RO         8862    i.USBH_GetFreeChannel  usbh_hcs.o
    0x080084e8   0x00000012   Code   RO         8997    i.USBH_GetNextDesc  usbh_stdreq.o
    0x080084fa   0x00000002   PAD
    0x080084fc   0x0000005c   Code   RO         8998    i.USBH_Get_CfgDesc  usbh_stdreq.o
    0x08008558   0x00000038   Code   RO         8999    i.USBH_Get_DevDesc  usbh_stdreq.o
    0x08008590   0x0000003c   Code   RO         9000    i.USBH_Get_StringDesc  usbh_stdreq.o
    0x080085cc   0x00000224   Code   RO         8786    i.USBH_HandleControl  usbh_core.o
    0x080087f0   0x000001dc   Code   RO         8787    i.USBH_HandleEnum   usbh_core.o
    0x080089cc   0x00000044   Code   RO         8788    i.USBH_Init         usbh_core.o
    0x08008a10   0x00000024   Code   RO         8660    i.USBH_MSC_BOTReset  usbh_msc_core.o
    0x08008a34   0x00000060   Code   RO         8611    i.USBH_MSC_BOT_Abort  usbh_msc_bot.o
    0x08008a94   0x00000014   Code   RO         8661    i.USBH_MSC_ClassRequest  usbh_msc_core.o
    0x08008aa8   0x00000080   Code   RO         8612    i.USBH_MSC_DecodeCSW  usbh_msc_bot.o
    0x08008b28   0x00000044   Code   RO         8662    i.USBH_MSC_ErrorHandle  usbh_msc_core.o
    0x08008b6c   0x0000002c   Code   RO         8663    i.USBH_MSC_GETMaxLUN  usbh_msc_core.o
    0x08008b98   0x000001a8   Code   RO         8664    i.USBH_MSC_Handle   usbh_msc_core.o
    0x08008d40   0x00000350   Code   RO         8613    i.USBH_MSC_HandleBOTXfer  usbh_msc_bot.o
    0x08009090   0x00000044   Code   RO         8614    i.USBH_MSC_Init     usbh_msc_bot.o
    0x080090d4   0x0000004c   Code   RO         8665    i.USBH_MSC_InterfaceDeInit  usbh_msc_core.o
    0x08009120   0x000000d0   Code   RO         8666    i.USBH_MSC_InterfaceInit  usbh_msc_core.o
    0x080091f0   0x000000d0   Code   RO         8721    i.USBH_MSC_ModeSense6  usbh_msc_scsi.o
    0x080092c0   0x00000100   Code   RO         8722    i.USBH_MSC_Read10   usbh_msc_scsi.o
    0x080093c0   0x000000dc   Code   RO         8723    i.USBH_MSC_ReadCapacity10  usbh_msc_scsi.o
    0x0800949c   0x000000e0   Code   RO         8724    i.USBH_MSC_RequestSense  usbh_msc_scsi.o
    0x0800957c   0x000000b0   Code   RO         8725    i.USBH_MSC_TestUnitReady  usbh_msc_scsi.o
    0x0800962c   0x000000e4   Code   RO         8726    i.USBH_MSC_Write10  usbh_msc_scsi.o
    0x08009710   0x00000064   Code   RO         8863    i.USBH_Modify_Channel  usbh_hcs.o
    0x08009774   0x000000a8   Code   RO         9099    i.USBH_OTG_ISR_Handler  usb_hcd_int.o
    0x0800981c   0x0000009a   Code   RO         8864    i.USBH_Open_Channel  usbh_hcs.o
    0x080098b6   0x00000002   PAD
    0x080098b8   0x0000011c   Code   RO         9001    i.USBH_ParseCfgDesc  usbh_stdreq.o
    0x080099d4   0x00000058   Code   RO         9002    i.USBH_ParseDevDesc  usbh_stdreq.o
    0x08009a2c   0x00000020   Code   RO         9003    i.USBH_ParseEPDesc  usbh_stdreq.o
    0x08009a4c   0x00000026   Code   RO         9004    i.USBH_ParseInterfaceDesc  usbh_stdreq.o
    0x08009a72   0x00000036   Code   RO         9005    i.USBH_ParseStringDesc  usbh_stdreq.o
    0x08009aa8   0x00000198   Code   RO         8789    i.USBH_Process      usbh_core.o
    0x08009c40   0x00000006   Code   RO         8790    i.USBH_SOF          usbh_core.o
    0x08009c46   0x00000026   Code   RO         9006    i.USBH_SetAddress   usbh_stdreq.o
    0x08009c6c   0x00000026   Code   RO         9007    i.USBH_SetCfg       usbh_stdreq.o
    0x08009c92   0x00000018   Code   RO         8922    i.USBH_SubmitSetupRequest  usbh_ioreq.o
    0x08009caa   0x00000002   PAD
    0x08009cac   0x0000001c   Code   RO         3255    i.USBH_USR_Configuration_DescAvailable  usbh_usr.o
    0x08009cc8   0x00000002   Code   RO         3256    i.USBH_USR_DeInit   usbh_usr.o
    0x08009cca   0x00000002   Code   RO         3257    i.USBH_USR_DeviceAddressAssigned  usbh_usr.o
    0x08009ccc   0x00000002   Code   RO         3258    i.USBH_USR_DeviceAttached  usbh_usr.o
    0x08009cce   0x00000002   PAD
    0x08009cd0   0x0000000c   Code   RO         3259    i.USBH_USR_DeviceDisconnected  usbh_usr.o
    0x08009cdc   0x00000002   Code   RO         3260    i.USBH_USR_DeviceNotSupported  usbh_usr.o
    0x08009cde   0x0000000a   Code   RO         3261    i.USBH_USR_DeviceSpeedDetected  usbh_usr.o
    0x08009ce8   0x00000006   Code   RO         3262    i.USBH_USR_Device_DescAvailable  usbh_usr.o
    0x08009cee   0x00000002   Code   RO         3263    i.USBH_USR_EnumerationDone  usbh_usr.o
    0x08009cf0   0x00000002   Code   RO         3264    i.USBH_USR_Init     usbh_usr.o
    0x08009cf2   0x00000004   Code   RO         3265    i.USBH_USR_MSC_Application  usbh_usr.o
    0x08009cf6   0x00000002   Code   RO         3266    i.USBH_USR_Manufacturer_String  usbh_usr.o
    0x08009cf8   0x00000002   Code   RO         3267    i.USBH_USR_OverCurrentDetected  usbh_usr.o
    0x08009cfa   0x00000002   Code   RO         3268    i.USBH_USR_Product_String  usbh_usr.o
    0x08009cfc   0x00000002   Code   RO         3269    i.USBH_USR_ResetDevice  usbh_usr.o
    0x08009cfe   0x00000002   Code   RO         3270    i.USBH_USR_SerialNum_String  usbh_usr.o
    0x08009d00   0x00000002   Code   RO         3271    i.USBH_USR_UnrecoveredError  usbh_usr.o
    0x08009d02   0x00000004   Code   RO         3272    i.USBH_USR_UserInput  usbh_usr.o
    0x08009d06   0x00000002   PAD
    0x08009d08   0x000000f8   Code   RO          356    i.USB_EraseFlashOperation  usb_update.o
    0x08009e00   0x00000008   Code   RO          357    i.USB_EscProcess    usb_update.o
    0x08009e08   0x00000002   Code   RO         3160    i.USB_OTG_BSP_ConfigVBUS  usb_bsp.o
    0x08009e0a   0x00000002   Code   RO         3161    i.USB_OTG_BSP_DriveVBUS  usb_bsp.o
    0x08009e0c   0x00000024   Code   RO         3162    i.USB_OTG_BSP_EnableInterrupt  usb_bsp.o
    0x08009e30   0x00000050   Code   RO         3163    i.USB_OTG_BSP_Init  usb_bsp.o
    0x08009e80   0x00000038   Code   RO         3164    i.USB_OTG_BSP_TimerIRQ  usb_bsp.o
    0x08009eb8   0x0000000c   Code   RO         3165    i.USB_OTG_BSP_mDelay  usb_bsp.o
    0x08009ec4   0x0000000c   Code   RO         3166    i.USB_OTG_BSP_uDelay  usb_bsp.o
    0x08009ed0   0x00000132   Code   RO         9173    i.USB_OTG_CoreInit  usb_core.o
    0x0800a002   0x000000da   Code   RO         9174    i.USB_OTG_CoreInitHost  usb_core.o
    0x0800a0dc   0x00000070   Code   RO         9175    i.USB_OTG_CoreReset  usb_core.o
    0x0800a14c   0x00000022   Code   RO         9176    i.USB_OTG_DisableGlobalInt  usb_core.o
    0x0800a16e   0x0000005c   Code   RO         9177    i.USB_OTG_DriveVbus  usb_core.o
    0x0800a1ca   0x00000034   Code   RO         9178    i.USB_OTG_EnableCommonInt  usb_core.o
    0x0800a1fe   0x00000022   Code   RO         9179    i.USB_OTG_EnableGlobalInt  usb_core.o
    0x0800a220   0x00000074   Code   RO         9180    i.USB_OTG_EnableHostInt  usb_core.o
    0x0800a294   0x0000004c   Code   RO         9181    i.USB_OTG_FlushRxFifo  usb_core.o
    0x0800a2e0   0x00000054   Code   RO         9182    i.USB_OTG_FlushTxFifo  usb_core.o
    0x0800a334   0x0000000c   Code   RO         9183    i.USB_OTG_GetMode   usb_core.o
    0x0800a340   0x0000005a   Code   RO         9184    i.USB_OTG_HC_DoPing  usb_core.o
    0x0800a39a   0x00000082   Code   RO         9185    i.USB_OTG_HC_Halt   usb_core.o
    0x0800a41c   0x00000238   Code   RO         9186    i.USB_OTG_HC_Init   usb_core.o
    0x0800a654   0x000001f6   Code   RO         9187    i.USB_OTG_HC_StartXfer  usb_core.o
    0x0800a84a   0x00000018   Code   RO         9188    i.USB_OTG_InitFSLSPClkSel  usb_core.o
    0x0800a862   0x00000010   Code   RO         9190    i.USB_OTG_IsEvenFrame  usb_core.o
    0x0800a872   0x00000014   Code   RO         9191    i.USB_OTG_IsHostMode  usb_core.o
    0x0800a886   0x00000010   Code   RO         9192    i.USB_OTG_ReadCoreItr  usb_core.o
    0x0800a896   0x00000030   Code   RO         9193    i.USB_OTG_ReadHPRT0  usb_core.o
    0x0800a8c6   0x00000008   Code   RO         9194    i.USB_OTG_ReadHostAllChannels_intr  usb_core.o
    0x0800a8ce   0x00000028   Code   RO         9196    i.USB_OTG_ReadPacket  usb_core.o
    0x0800a8f6   0x00000040   Code   RO         9197    i.USB_OTG_ResetPort  usb_core.o
    0x0800a936   0x00000002   PAD
    0x0800a938   0x000000d8   Code   RO         9198    i.USB_OTG_SelectCore  usb_core.o
    0x0800aa10   0x0000004e   Code   RO         9199    i.USB_OTG_SetCurrentMode  usb_core.o
    0x0800aa5e   0x00000002   PAD
    0x0800aa60   0x0000002c   Code   RO         9100    i.USB_OTG_USBH_handle_Disconnect_ISR  usb_hcd_int.o
    0x0800aa8c   0x00000046   Code   RO         9101    i.USB_OTG_USBH_handle_IncompletePeriodicXfer_ISR  usb_hcd_int.o
    0x0800aad2   0x00000056   Code   RO         9102    i.USB_OTG_USBH_handle_hc_ISR  usb_hcd_int.o
    0x0800ab28   0x0000042a   Code   RO         9103    i.USB_OTG_USBH_handle_hc_n_In_ISR  usb_hcd_int.o
    0x0800af52   0x000003d0   Code   RO         9104    i.USB_OTG_USBH_handle_hc_n_Out_ISR  usb_hcd_int.o
    0x0800b322   0x0000012e   Code   RO         9105    i.USB_OTG_USBH_handle_nptxfempty_ISR  usb_hcd_int.o
    0x0800b450   0x00000120   Code   RO         9106    i.USB_OTG_USBH_handle_port_ISR  usb_hcd_int.o
    0x0800b570   0x0000012e   Code   RO         9107    i.USB_OTG_USBH_handle_ptxfempty_ISR  usb_hcd_int.o
    0x0800b69e   0x00000164   Code   RO         9108    i.USB_OTG_USBH_handle_rx_qlvl_ISR  usb_hcd_int.o
    0x0800b802   0x00000002   PAD
    0x0800b804   0x0000002c   Code   RO         9109    i.USB_OTG_USBH_handle_sof_ISR  usb_hcd_int.o
    0x0800b830   0x00000040   Code   RO         9201    i.USB_OTG_WritePacket  usb_core.o
    0x0800b870   0x000000d0   Code   RO          358    i.USB_ProgramFlashOperation  usb_update.o
    0x0800b940   0x00000028   Code   RO         3273    i.USB_ReadyCycle    usbh_usr.o
    0x0800b968   0x000002d0   Code   RO          359    i.USB_UpDate        usb_update.o
    0x0800bc38   0x000001cc   Code   RO          360    i.USB_UpdateExecute  usb_update.o
    0x0800be04   0x00000150   Code   RO          361    i.USB_WaitInsert    usb_update.o
    0x0800bf54   0x000000b8   Code   RO          861    i.UartHardInit      bsp_uart.o
    0x0800c00c   0x00000084   Code   RO          862    i.UartIRQ           bsp_uart.o
    0x0800c090   0x00000080   Code   RO          864    i.UartPutChar       bsp_uart.o
    0x0800c110   0x00000004   Code   RO         6957    i.UsageFault_Handler  stm32f4xx_it.o
    0x0800c114   0x00000014   Code   RO         1831    i.WriteCommand      bsp_ra8875.o
    0x0800c128   0x00000008   Code   RO         1832    i.WriteData         bsp_ra8875.o
    0x0800c130   0x0000001c   Code   RO         3403    i.WriteToRTC_BKP_DR  bsp_rtc.o
    0x0800c14c   0x00000038   Code   RO         1839    i.XY_Coordinate     bsp_ra8875.o
    0x0800c184   0x00000020   Code   RO         9554    i.__0printf$3       mc_w.l(printf3.o)
    0x0800c1a4   0x0000000e   Code   RO         9772    i.__scatterload_copy  mc_w.l(handlers.o)
    0x0800c1b2   0x00000002   Code   RO         9773    i.__scatterload_null  mc_w.l(handlers.o)
    0x0800c1b4   0x0000000e   Code   RO         9774    i.__scatterload_zeroinit  mc_w.l(handlers.o)
    0x0800c1c2   0x00000002   PAD
    0x0800c1c4   0x000001b8   Code   RO         9561    i._printf_core      mc_w.l(printf3.o)
    0x0800c37c   0x00000044   Code   RO          694    i.assert_failed     bsp_assert.o
    0x0800c3c0   0x00000064   Code   RO         2807    i.bsp_CfgSPIForSFlash  bsp_spi_flash.o
    0x0800c424   0x00000034   Code   RO          727    i.bsp_CheckTimer    bsp_timer.o
    0x0800c458   0x00000014   Code   RO         3404    i.bsp_DeInitRTC     bsp_rtc.o
    0x0800c46c   0x0000000a   Code   RO          728    i.bsp_DeInitTimer   bsp_timer.o
    0x0800c476   0x00000016   Code   RO          730    i.bsp_DelayMS       bsp_timer.o
    0x0800c48c   0x00000054   Code   RO          731    i.bsp_DelayUS       bsp_timer.o
    0x0800c4e0   0x00000024   Code   RO          732    i.bsp_GetRunTime    bsp_timer.o
    0x0800c504   0x00000008   Code   RO          866    i.bsp_InitCOM       bsp_uart.o
    0x0800c50c   0x0000007c   Code   RO         3101    i.bsp_InitEthernet  netconf.o
    0x0800c588   0x0000005c   Code   RO         2476    i.bsp_InitFont      bsp_lcd.o
    0x0800c5e4   0x00000018   Code   RO          976    i.bsp_InitIO        bsp_io.o
    0x0800c5fc   0x00000014   Code   RO         2477    i.bsp_InitLCD       bsp_lcd.o
    0x0800c610   0x00000108   Code   RO         2965    i.bsp_InitLan8720   bsp_lan8720.o
    0x0800c718   0x00000036   Code   RO         1114    i.bsp_InitPcf8563   bsp_pcf8563.o
    0x0800c74e   0x00000008   Code   RO         3405    i.bsp_InitRTC       bsp_rtc.o
    0x0800c756   0x00000002   PAD
    0x0800c758   0x000000c4   Code   RO         2808    i.bsp_InitSFlash    bsp_spi_flash.o
    0x0800c81c   0x00000084   Code   RO          734    i.bsp_InitTimer     bsp_timer.o
    0x0800c8a0   0x00000040   Code   RO         3452    i.bsp_InitUSB       usb.o
    0x0800c8e0   0x0000001c   Code   RO          735    i.bsp_SoftTimerDec  bsp_timer.o
    0x0800c8fc   0x0000005c   Code   RO          738    i.bsp_StartTimer    bsp_timer.o
    0x0800c958   0x00000090   Code   RO         7065    i.check_fs          ff.o
    0x0800c9e8   0x00000014   Code   RO         7066    i.chk_chr           ff.o
    0x0800c9fc   0x00000032   Code   RO         7067    i.clmt_clust        ff.o
    0x0800ca2e   0x0000001a   Code   RO         7068    i.clust2sect        ff.o
    0x0800ca48   0x00000090   Code   RO         7069    i.cmp_lfn           ff.o
    0x0800cad8   0x000000d6   Code   RO         7070    i.create_chain      ff.o
    0x0800cbae   0x00000002   PAD
    0x0800cbb0   0x00000230   Code   RO         7071    i.create_name       ff.o
    0x0800cde0   0x00000076   Code   RO         1115    i.date_get          bsp_pcf8563.o
    0x0800ce56   0x0000005c   Code   RO         7072    i.dir_alloc         ff.o
    0x0800ceb2   0x000000ea   Code   RO         7073    i.dir_find          ff.o
    0x0800cf9c   0x0000010e   Code   RO         7074    i.dir_next          ff.o
    0x0800d0aa   0x000000c6   Code   RO         7075    i.dir_read          ff.o
    0x0800d170   0x0000012a   Code   RO         7076    i.dir_register      ff.o
    0x0800d29a   0x0000009e   Code   RO         7078    i.dir_sdi           ff.o
    0x0800d338   0x00000034   Code   RO         7014    i.disk_initialize   diskio.o
    0x0800d36c   0x00000006   Code   RO         7015    i.disk_ioctl        diskio.o
    0x0800d372   0x00000002   PAD
    0x0800d374   0x000000b8   Code   RO         7016    i.disk_read         diskio.o
    0x0800d42c   0x00000006   Code   RO         7017    i.disk_status       diskio.o
    0x0800d432   0x00000002   PAD
    0x0800d434   0x000000d0   Code   RO         7018    i.disk_write        diskio.o
    0x0800d504   0x00000132   Code   RO         8444    i.etharp_arp_input  etharp.o
    0x0800d636   0x0000003a   Code   RO         8446    i.etharp_ip_input   etharp.o
    0x0800d670   0x000000c4   Code   RO         8447    i.etharp_output     etharp.o
    0x0800d734   0x000001b8   Code   RO         8448    i.etharp_query      etharp.o
    0x0800d8ec   0x000000ca   Code   RO         8449    i.etharp_raw        etharp.o
    0x0800d9b6   0x00000002   PAD
    0x0800d9b8   0x0000002c   Code   RO         8450    i.etharp_request    etharp.o
    0x0800d9e4   0x0000004e   Code   RO         8451    i.etharp_send_ip    etharp.o
    0x0800da32   0x00000002   PAD
    0x0800da34   0x000000a0   Code   RO         8452    i.etharp_tmr        etharp.o
    0x0800dad4   0x0000006a   Code   RO         8453    i.ethernet_input    etharp.o
    0x0800db3e   0x00000002   PAD
    0x0800db40   0x0000004c   Code   RO         8538    i.ethernetif_init   ethernetif.o
    0x0800db8c   0x0000002c   Code   RO         8539    i.ethernetif_input  ethernetif.o
    0x0800dbb8   0x00000020   Code   RO         7080    i.f_close           ff.o
    0x0800dbd8   0x000002ac   Code   RO         7084    i.f_lseek           ff.o
    0x0800de84   0x0000005c   Code   RO         7087    i.f_mount           ff.o
    0x0800dee0   0x0000016c   Code   RO         7088    i.f_open            ff.o
    0x0800e04c   0x00000078   Code   RO         7089    i.f_opendir         ff.o
    0x0800e0c4   0x000001b0   Code   RO         7090    i.f_read            ff.o
    0x0800e274   0x00000060   Code   RO         7091    i.f_readdir         ff.o
    0x0800e2d4   0x000000b0   Code   RO         7095    i.f_sync            ff.o
    0x0800e384   0x0000004c   Code   RO         7377    i.ff_convert        ccsbcs.o
    0x0800e3d0   0x00000038   Code   RO         7378    i.ff_wtoupper       ccsbcs.o
    0x0800e408   0x00000204   Code   RO         8454    i.find_entry        etharp.o
    0x0800e60c   0x00000394   Code   RO         7100    i.find_volume       ff.o
    0x0800e9a0   0x00000080   Code   RO         7101    i.fit_lfn           ff.o
    0x0800ea20   0x00000090   Code   RO         7102    i.follow_path       ff.o
    0x0800eab0   0x00000012   Code   RO          867    i.fputc             bsp_uart.o
    0x0800eac2   0x00000040   Code   RO         8455    i.free_etharp_q     etharp.o
    0x0800eb02   0x00000002   PAD
    0x0800eb04   0x000000b4   Code   RO         7103    i.gen_numname       ff.o
    0x0800ebb8   0x000000f2   Code   RO         7104    i.get_fat           ff.o
    0x0800ecaa   0x00000042   Code   RO         7019    i.get_fattime       diskio.o
    0x0800ecec   0x00000102   Code   RO         7105    i.get_fileinfo      ff.o
    0x0800edee   0x0000004a   Code   RO         7106    i.get_ldnumber      ff.o
    0x0800ee38   0x0000001a   Code   RO         8241    i.htonl             inet.o
    0x0800ee52   0x0000000c   Code   RO         8242    i.htons             inet.o
    0x0800ee5e   0x00000002   PAD
    0x0800ee60   0x00000034   Code   RO         1116    i.i2_start          bsp_pcf8563.o
    0x0800ee94   0x00000034   Code   RO         1117    i.i2_stop           bsp_pcf8563.o
    0x0800eec8   0x00000038   Code   RO         1118    i.i2c_init          bsp_pcf8563.o
    0x0800ef00   0x0000002c   Code   RO         1119    i.i2c_mastar        bsp_pcf8563.o
    0x0800ef2c   0x00000058   Code   RO         1120    i.i2c_recv_byte     bsp_pcf8563.o
    0x0800ef84   0x0000002c   Code   RO         1121    i.i2c_send_ack      bsp_pcf8563.o
    0x0800efb0   0x0000002c   Code   RO         1122    i.i2c_send_notack   bsp_pcf8563.o
    0x0800efdc   0x00000060   Code   RO         1123    i.i2c_sendbyte      bsp_pcf8563.o
    0x0800f03c   0x00000028   Code   RO         1124    i.i2c_slave         bsp_pcf8563.o
    0x0800f064   0x00000050   Code   RO         1125    i.i2c_wait_ack      bsp_pcf8563.o
    0x0800f0b4   0x00000012   Code   RO         8206    i.icmp_dest_unreach  icmp.o
    0x0800f0c6   0x00000194   Code   RO         8207    i.icmp_input        icmp.o
    0x0800f25a   0x00000076   Code   RO         8208    i.icmp_send_response  icmp.o
    0x0800f2d0   0x00000012   Code   RO         8209    i.icmp_time_exceeded  icmp.o
    0x0800f2e2   0x00000014   Code   RO         8290    i.inet_chksum       inet_chksum.o
    0x0800f2f6   0x00000056   Code   RO         8291    i.inet_chksum_pbuf  inet_chksum.o
    0x0800f34c   0x0000004e   Code   RO         8370    i.ip_addr_isbroadcast  ip_addr.o
    0x0800f39a   0x00000002   PAD
    0x0800f39c   0x0000014c   Code   RO         8392    i.ip_frag           ip_frag.o
    0x0800f4e8   0x0000019c   Code   RO         8328    i.ip_input          ip.o
    0x0800f684   0x00000034   Code   RO         8329    i.ip_output         ip.o
    0x0800f6b8   0x00000104   Code   RO         8330    i.ip_output_if      ip.o
    0x0800f7bc   0x00000198   Code   RO         8393    i.ip_reass          ip_frag.o
    0x0800f954   0x000001a8   Code   RO         8394    i.ip_reass_chain_frag_into_datagram_and_validate  ip_frag.o
    0x0800fafc   0x00000034   Code   RO         8395    i.ip_reass_dequeue_datagram  ip_frag.o
    0x0800fb30   0x00000054   Code   RO         8396    i.ip_reass_enqueue_new_datagram  ip_frag.o
    0x0800fb84   0x000000ac   Code   RO         8397    i.ip_reass_free_complete_datagram  ip_frag.o
    0x0800fc30   0x0000007c   Code   RO         8398    i.ip_reass_remove_oldest_datagram  ip_frag.o
    0x0800fcac   0x00000050   Code   RO         8331    i.ip_route          ip.o
    0x0800fcfc   0x00000034   Code   RO         2486    i.lcd_clear         bsp_lcd.o
    0x0800fd30   0x00000094   Code   RO         2488    i.lcd_draw16x16     bsp_lcd.o
    0x0800fdc4   0x0000006a   Code   RO         2489    i.lcd_draw16x8      bsp_lcd.o
    0x0800fe2e   0x00000094   Code   RO         2491    i.lcd_draw24x12     bsp_lcd.o
    0x0800fec2   0x000000b8   Code   RO         2492    i.lcd_draw24x24     bsp_lcd.o
    0x0800ff7a   0x000000e0   Code   RO         2494    i.lcd_draw32x32     bsp_lcd.o
    0x0801005a   0x00000046   Code   RO         2501    i.lcd_fill          bsp_lcd.o
    0x080100a0   0x00000148   Code   RO         2504    i.lcd_font16        bsp_lcd.o
    0x080101e8   0x00000144   Code   RO         2506    i.lcd_font24        bsp_lcd.o
    0x0801032c   0x00000178   Code   RO         2508    i.lcd_gpio_init     bsp_lcd.o
    0x080104a4   0x00000024   Code   RO         2509    i.lcd_hard_reset    bsp_lcd.o
    0x080104c8   0x0000003c   Code   RO         2510    i.lcd_mem_err       bsp_lcd.o
    0x08010504   0x00000020   Code   RO         7107    i.ld_clust          ff.o
    0x08010524   0x000000a4   Code   RO         8540    i.low_level_init    ethernetif.o
    0x080105c8   0x00000074   Code   RO         8541    i.low_level_input   ethernetif.o
    0x0801063c   0x00000034   Code   RO         8542    i.low_level_output  ethernetif.o
    0x08010670   0x0000004a   Code   RO         8293    i.lwip_standard_chksum  inet_chksum.o
    0x080106ba   0x00000002   PAD
    0x080106bc   0x00000124   Code   RO            6    i.main              main.o
    0x080107e0   0x00000026   Code   RO         7108    i.mem_cmp           ff.o
    0x08010806   0x0000001a   Code   RO         7109    i.mem_cpy           ff.o
    0x08010820   0x00000078   Code   RO         7897    i.mem_free          mem.o
    0x08010898   0x00000064   Code   RO         7898    i.mem_init          mem.o
    0x080108fc   0x00000130   Code   RO         7899    i.mem_malloc        mem.o
    0x08010a2c   0x00000148   Code   RO         7900    i.mem_realloc       mem.o
    0x08010b74   0x00000014   Code   RO         7110    i.mem_set           ff.o
    0x08010b88   0x0000002c   Code   RO         7940    i.memp_free         memp.o
    0x08010bb4   0x00000064   Code   RO         7941    i.memp_init         memp.o
    0x08010c18   0x0000003c   Code   RO         7942    i.memp_malloc       memp.o
    0x08010c54   0x00000034   Code   RO         7111    i.move_window       ff.o
    0x08010c88   0x00000068   Code   RO         7982    i.netif_add         netif.o
    0x08010cf0   0x0000000c   Code   RO         7984    i.netif_is_up       netif.o
    0x08010cfc   0x00000028   Code   RO         7986    i.netif_set_addr    netif.o
    0x08010d24   0x0000000c   Code   RO         7987    i.netif_set_default  netif.o
    0x08010d30   0x0000000c   Code   RO         7989    i.netif_set_gw      netif.o
    0x08010d3c   0x00000078   Code   RO         7990    i.netif_set_ipaddr  netif.o
    0x08010db4   0x0000000c   Code   RO         7991    i.netif_set_netmask  netif.o
    0x08010dc0   0x0000002c   Code   RO         7992    i.netif_set_up      netif.o
    0x08010dec   0x0000000c   Code   RO         8246    i.ntohl             inet.o
    0x08010df8   0x0000000c   Code   RO         8247    i.ntohs             inet.o
    0x08010e04   0x0000021e   Code   RO         8060    i.pbuf_alloc        pbuf.o
    0x08011022   0x00000050   Code   RO         8061    i.pbuf_cat          pbuf.o
    0x08011072   0x00000016   Code   RO         8062    i.pbuf_chain        pbuf.o
    0x08011088   0x00000012   Code   RO         8063    i.pbuf_clen         pbuf.o
    0x0801109a   0x000000dc   Code   RO         8065    i.pbuf_copy         pbuf.o
    0x08011176   0x0000009a   Code   RO         8066    i.pbuf_copy_partial  pbuf.o
    0x08011210   0x00000098   Code   RO         8068    i.pbuf_free         pbuf.o
    0x080112a8   0x0000008c   Code   RO         8069    i.pbuf_header       pbuf.o
    0x08011334   0x000000b0   Code   RO         8070    i.pbuf_realloc      pbuf.o
    0x080113e4   0x0000000a   Code   RO         8071    i.pbuf_ref          pbuf.o
    0x080113ee   0x00000058   Code   RO         1126    i.pcf8563_get       bsp_pcf8563.o
    0x08011446   0x00000040   Code   RO         1127    i.pcf8563_set       bsp_pcf8563.o
    0x08011486   0x00000002   PAD
    0x08011488   0x00000074   Code   RO         7112    i.pick_lfn          ff.o
    0x080114fc   0x000000b4   Code   RO         7901    i.plug_holes        mem.o
    0x080115b0   0x00000142   Code   RO         7113    i.put_fat           ff.o
    0x080116f2   0x00000002   PAD
    0x080116f4   0x00000068   Code   RO         8146    i.raw_input         raw.o
    0x0801175c   0x0000006c   Code   RO         7114    i.remove_chain      ff.o
    0x080117c8   0x00000044   Code   RO         2816    i.sf_ReadID         bsp_spi_flash.o
    0x0801180c   0x000000f4   Code   RO         2817    i.sf_ReadInfo       bsp_spi_flash.o
    0x08011900   0x00000038   Code   RO         2818    i.sf_SendByte       bsp_spi_flash.o
    0x08011938   0x0000002c   Code   RO         2819    i.sf_WaitForWriteEnd  bsp_spi_flash.o
    0x08011964   0x00000060   Code   RO         2822    i.sf_WriteStatus    bsp_spi_flash.o
    0x080119c4   0x00000010   Code   RO         7115    i.st_clust          ff.o
    0x080119d4   0x00000020   Code   RO         7116    i.sum_sfn           ff.o
    0x080119f4   0x000000c8   Code   RO         7117    i.sync_fs           ff.o
    0x08011abc   0x00000052   Code   RO         7118    i.sync_window       ff.o
    0x08011b0e   0x00000002   PAD
    0x08011b10   0x0000009c   Code   RO         7463    i.tcp_abandon       tcp.o
    0x08011bac   0x000000b4   Code   RO         7466    i.tcp_alloc         tcp.o
    0x08011c60   0x00000104   Code   RO         7469    i.tcp_close         tcp.o
    0x08011d64   0x0000002e   Code   RO         7471    i.tcp_eff_send_mss  tcp.o
    0x08011d92   0x0000042c   Code   RO         7712    i.tcp_enqueue       tcp_out.o
    0x080121be   0x00000002   PAD
    0x080121c0   0x00000074   Code   RO         7473    i.tcp_fasttmr       tcp.o
    0x08012234   0x000004a8   Code   RO         7658    i.tcp_input         tcp_in.o
    0x080126dc   0x0000005c   Code   RO         7713    i.tcp_keepalive     tcp_out.o
    0x08012738   0x00000058   Code   RO         7474    i.tcp_kill_prio     tcp.o
    0x08012790   0x0000003c   Code   RO         7475    i.tcp_kill_timewait  tcp.o
    0x080127cc   0x00000134   Code   RO         7659    i.tcp_listen_input  tcp_in.o
    0x08012900   0x0000001c   Code   RO         7479    i.tcp_next_iss      tcp.o
    0x0801291c   0x00000268   Code   RO         7714    i.tcp_output        tcp_out.o
    0x08012b84   0x000000cc   Code   RO         7715    i.tcp_output_segment  tcp_out.o
    0x08012c50   0x00000084   Code   RO         7716    i.tcp_output_set_header  tcp_out.o
    0x08012cd4   0x000000b8   Code   RO         7660    i.tcp_parseopt      tcp_in.o
    0x08012d8c   0x00000036   Code   RO         7480    i.tcp_pcb_purge     tcp.o
    0x08012dc2   0x00000002   PAD
    0x08012dc4   0x000000b0   Code   RO         7481    i.tcp_pcb_remove    tcp.o
    0x08012e74   0x000005ac   Code   RO         7661    i.tcp_process       tcp_in.o
    0x08013420   0x00000700   Code   RO         7662    i.tcp_receive       tcp_in.o
    0x08013b20   0x00000028   Code   RO         7484    i.tcp_recv_null     tcp.o
    0x08013b48   0x00000056   Code   RO         7717    i.tcp_rexmit        tcp_out.o
    0x08013b9e   0x0000003a   Code   RO         7718    i.tcp_rexmit_rto    tcp_out.o
    0x08013bd8   0x000000ae   Code   RO         7719    i.tcp_rst           tcp_out.o
    0x08013c86   0x00000020   Code   RO         7486    i.tcp_seg_free      tcp.o
    0x08013ca6   0x0000001e   Code   RO         7487    i.tcp_segs_free     tcp.o
    0x08013cc4   0x0000001c   Code   RO         7720    i.tcp_send_ctrl     tcp_out.o
    0x08013ce0   0x00000318   Code   RO         7490    i.tcp_slowtmr       tcp.o
    0x08013ff8   0x00000050   Code   RO         7663    i.tcp_timewait_input  tcp_in.o
    0x08014048   0x00000024   Code   RO         7491    i.tcp_tmr           tcp.o
    0x0801406c   0x00000038   Code   RO         7492    i.tcp_update_rcv_ann_wnd  tcp.o
    0x080140a4   0x00000066   Code   RO         7722    i.tcp_zero_window_probe  tcp_out.o
    0x0801410a   0x00000064   Code   RO         1129    i.time_get          bsp_pcf8563.o
    0x0801416e   0x00000002   PAD
    0x08014170   0x00000074   Code   RO         7782    i.udp_bind          udp.o
    0x080141e4   0x00000020   Code   RO         7784    i.udp_disconnect    udp.o
    0x08014204   0x0000019c   Code   RO         7785    i.udp_input         udp.o
    0x080143a0   0x0000001c   Code   RO         7786    i.udp_new           udp.o
    0x080143bc   0x00000006   Code   RO         7787    i.udp_recv          udp.o
    0x080143c2   0x00000002   PAD
    0x080143c4   0x00000040   Code   RO         7788    i.udp_remove        udp.o
    0x08014404   0x0000002e   Code   RO         7790    i.udp_sendto        udp.o
    0x08014432   0x000000d4   Code   RO         7791    i.udp_sendto_if     udp.o
    0x08014506   0x00000002   PAD
    0x08014508   0x000000f8   Code   RO         8456    i.update_arp_entry  etharp.o
    0x08014600   0x00000026   Code   RO         3596    i.usprintf          ustdlib.o
    0x08014626   0x00000002   PAD
    0x08014628   0x000002bc   Code   RO         3599    i.uvsnprintf        ustdlib.o
    0x080148e4   0x00000036   Code   RO         7119    i.validate          ff.o
    0x0801491a   0x00000002   PAD
    0x0801491c   0x0000000c   Data   RO          363    .constdata          usb_update.o
    0x08014928   0x0000000c   Data   RO          485    .constdata          sd_update.o
    0x08014934   0x00003188   Data   RO         2518    .constdata          bsp_lcd.o
    0x08017abc   0x0000001c   Data   RO         3600    .constdata          ustdlib.o
    0x08017ad8   0x000000ba   Data   RO         7121    .constdata          ff.o
    0x08017b92   0x000004c0   Data   RO         7379    .constdata          ccsbcs.o
    0x08018052   0x00000014   Data   RO         7493    .constdata          tcp.o
    0x08018066   0x00000024   Data   RO         7944    .constdata          memp.o
    0x0801808a   0x00000008   Data   RO         8371    .constdata          ip_addr.o
    0x08018092   0x0000000c   Data   RO         8458    .constdata          etharp.o
    0x0801809e   0x00000002   PAD
    0x080180a0   0x000001c1   Data   RO         3275    .conststring        usbh_usr.o
    0x08018261   0x00000003   PAD
    0x08018264   0x00000011   Data   RO         3601    .conststring        ustdlib.o
    0x08018275   0x00000003   PAD
    0x08018278   0x00000020   Data   RO         9770    Region$$Table       anon$$obj.o


    Execution Region RW_IRAM1 (Base: 0x20000000, Size: 0x00012008, Max: 0x00020000, ABSOLUTE, COMPRESSED[0x000000e0])

    Base Addr    Size         Type   Attr      Idx    E Section Name        Object

    0x20000000   0x00000004   Data   RW            7    .data               main.o
    0x20000004   0x0000001c   Data   RW          543    .data               tftpserver.o
    0x20000020   0x0000000d   Data   RW          741    .data               bsp_timer.o
    0x2000002d   0x00000003   PAD
    0x20000030   0x00000016   Data   RW          977    .data               bsp_io.o
    0x20000046   0x00000002   PAD
    0x20000048   0x00000018   Data   RW         1493    .data               bsp_sdio_sd.o
    0x20000060   0x00000001   Data   RW         2519    .data               bsp_lcd.o
    0x20000061   0x00000003   PAD
    0x20000064   0x00000018   Data   RW         3103    .data               netconf.o
    0x2000007c   0x00000008   Data   RW         3167    .data               usb_bsp.o
    0x20000084   0x00000085   Data   RW         3276    .data               usbh_usr.o
    0x20000109   0x00000003   PAD
    0x2000010c   0x00000050   Data   RW         3406    .data               bsp_rtc.o
    0x2000015c   0x00000010   Data   RW         3894    .data               stm32f4xx_rcc.o
    0x2000016c   0x00000010   Data   RW         5914    .data               stm32f4x7_eth.o
    0x2000017c   0x00000014   Data   RW         6913    .data               system_stm32f4xx.o
    0x20000190   0x0000000a   Data   RW         7122    .data               ff.o
    0x2000019a   0x00000002   PAD
    0x2000019c   0x00000020   Data   RW         7494    .data               tcp.o
    0x200001bc   0x00000020   Data   RW         7665    .data               tcp_in.o
    0x200001dc   0x00000004   Data   RW         7792    .data               udp.o
    0x200001e0   0x0000000d   Data   RW         7903    .data               mem.o
    0x200001ed   0x00000003   PAD
    0x200001f0   0x00000009   Data   RW         7993    .data               netif.o
    0x200001f9   0x00000003   PAD
    0x200001fc   0x00000004   Data   RW         8152    .data               raw.o
    0x20000200   0x0000000a   Data   RW         8332    .data               ip.o
    0x2000020a   0x00000002   PAD
    0x2000020c   0x00000006   Data   RW         8401    .data               ip_frag.o
    0x20000212   0x00000001   Data   RW         8459    .data               etharp.o
    0x20000213   0x00000001   PAD
    0x20000214   0x00000014   Data   RW         8544    .data               ethernetif.o
    0x20000228   0x00000011   Data   RW         8616    .data               usbh_msc_bot.o
    0x20000239   0x00000003   PAD
    0x2000023c   0x0000001d   Data   RW         8668    .data               usbh_msc_core.o
    0x20000259   0x00000001   Data   RW         8728    .data               usbh_msc_scsi.o
    0x2000025a   0x00000002   PAD
    0x2000025c   0x00000012   Data   RW         8791    .data               usbh_core.o
    0x2000026e   0x00000003   Data   RW         9010    .data               usbh_stdreq.o
    0x20000271   0x00000003   PAD
    0x20000274   0x00000004   Data   RW         9746    .data               mc_w.l(stdout.o)
    0x20000278   0x00000254   Zero   RW          362    .bss                usb_update.o
    0x200004cc   0x00000254   Zero   RW          484    .bss                sd_update.o
    0x20000720   0x00000098   Zero   RW          740    .bss                bsp_timer.o
    0x200007b8   0x000001b8   Zero   RW          868    .bss                bsp_uart.o
    0x20000970   0x000000cc   Zero   RW         1492    .bss                bsp_sdio_sd.o
    0x20000a3c   0x00001870   Zero   RW         2517    .bss                bsp_lcd.o
    0x200022ac   0x0000001c   Zero   RW         2823    .bss                bsp_spi_flash.o
    0x200022c8   0x00000030   Zero   RW         3102    .bss                netconf.o
    0x200022f8   0x00000630   Zero   RW         3274    .bss                usbh_usr.o
    0x20002928   0x00000230   Zero   RW         3453    .bss                usb.o
    0x20002b58   0x0000000c   Zero   RW         5913    .bss                stm32f4x7_eth.o
    0x20002b64   0x00000200   Zero   RW         7120    .bss                ff.o
    0x20002d64   0x00000014   Zero   RW         7664    .bss                tcp_in.o
    0x20002d78   0x00005014   Zero   RW         7902    .bss                mem.o
    0x20007d8c   0x000046af   Zero   RW         7943    .bss                memp.o
    0x2000c43b   0x000005e0   Zero   RW         8400    .bss                ip_frag.o
    0x2000ca1b   0x00000001   PAD
    0x2000ca1c   0x000000c8   Zero   RW         8457    .bss                etharp.o
    0x2000cae4   0x00003cc8   Zero   RW         8543    .bss                ethernetif.o
    0x200107ac   0x00000040   Zero   RW         8615    .bss                usbh_msc_bot.o
    0x200107ec   0x0000020a   Zero   RW         8667    .bss                usbh_msc_core.o
    0x200109f6   0x00000002   PAD
    0x200109f8   0x00000410   Zero   RW         8727    .bss                usbh_msc_scsi.o
    0x20010e08   0x00000200   Zero   RW         9009    .bss                usbh_stdreq.o
    0x20011008   0x00001000   Zero   RW         6900    STACK               startup_stm32f40_41xxx.o


==============================================================================

Image component sizes


      Code (inc. data)   RO Data    RW Data    ZI Data      Debug   Object Name

        44          0          0          0          0        965   bsp.o
        68         50          0          0          0        888   bsp_assert.o
       224         46          0          0          0        736   bsp_flash.o
       844         86          0         22          0       9779   bsp_io.o
       478         20          0          0          0       2512   bsp_lan8720.o
      2280        108      12680          1       6256      12722   bsp_lcd.o
      1020         50          0          0          0       9392   bsp_pcf8563.o
      1106         16          0          0          0      12208   bsp_ra8875.o
       132         10          0         80          0       3157   bsp_rtc.o
      5374        346          0         24        204      32875   bsp_sdio_sd.o
       804        122          0          0         28       5635   bsp_spi_flash.o
       652         64          0         13        152      33743   bsp_timer.o
       604         20          0          0        440       5652   bsp_uart.o
       132         16       1216          0          0       2287   ccsbcs.o
         0          0          0          0          0       9534   client.o
       522         24          0          0          0       4584   diskio.o
      2418         38         12          1        200      12990   etharp.o
       768         62          0         20      15560       7432   ethernetif.o
      7444         86        186         10        512      41155   ff.o
       176         10          0          0          0       2290   flash_if.o
       304         96          0          0          0      29418   global.o
       558          0          0          0          0       3770   icmp.o
        62          0          0          0          0       2208   inet.o
       180          0          0          0          0       5457   inet_chksum.o
         0          0          0          0          0        628   init.o
        66          0          0          0          0       1857   initial.o
       804         28          0         10          0       4713   ip.o
        78          0          8          0          0       5309   ip_addr.o
      1596         42          0          6       1504       8061   ip_frag.o
       362         48          0          4          0     372084   main.o
      1032         72          0         13      20500       4985   mem.o
       204         30         36          0      18095       3682   memp.o
       372         96          0          0          0       2241   misc.o
       256         50          0         24         48       5192   netconf.o
       356         24          0          9          0       7135   netif.o
      1514          0          0          0          0       8037   pbuf.o
       104          4          0          4          0       1544   raw.o
      1740        444         12          0        596       5558   sd_update.o
        36          8        392          0       4096        832   startup_stm32f40_41xxx.o
      3976        560          0         16         12      16847   stm32f4x7_eth.o
      2212        274          0          0          0       5820   stm32f4xx_dma.o
       858        188          0          0          0       5313   stm32f4xx_flash.o
       996         68          0          0          0       2213   stm32f4xx_fsmc.o
      1488        382          0          0          0       4187   stm32f4xx_gpio.o
        20          0          0          0          0       3216   stm32f4xx_it.o
        64         38          0          0          0        570   stm32f4xx_pwr.o
      1668        542          0         16          0       9407   stm32f4xx_rcc.o
       308         74          0          0          0       2355   stm32f4xx_rtc.o
      1658        468          0          0          0      11370   stm32f4xx_sdio.o
      1032        298          0          0          0       3982   stm32f4xx_spi.o
        64         38          0          0          0        618   stm32f4xx_syscfg.o
       692        254          0          0          0       2688   stm32f4xx_tim.o
      2484        584          0          0          0       7586   stm32f4xx_usart.o
       340         32          0         20          0       1789   system_stm32f4xx.o
      2150        116         20         32          0      19810   tcp.o
      5008        250          0         32         20      14864   tcp_in.o
      2560         16          0          0          0       9691   tcp_out.o
      2670        866          0         28          0      45487   tftpserver.o
       916         16          0          4          0       8158   udp.o
        64         26          0          0        560        658   usb.o
       200         12          0          8          0       4588   usb_bsp.o
      3020         18          0          0          0      19971   usb_core.o
       202          0          0          0          0       5579   usb_hcd.o
      3702         16          0          0          0      10943   usb_hcd_int.o
      2112        538         12          0        596      34037   usb_update.o
      1634         42          0         18          0       9577   usbh_core.o
       390          0          0          0          0       4924   usbh_hcs.o
       560          0          0          0          0       5986   usbh_ioreq.o
        24          6          0          0          0        990   usbh_it.o
      1140        100          0         17         64       7085   usbh_msc_bot.o
       876         62          0         29        522       7057   usbh_msc_core.o
      1312         88          0          1       1040       7704   usbh_msc_scsi.o
       942         14          0          3        512      11093   usbh_stdreq.o
       148         30        449        133       1584      11879   usbh_usr.o
       738         14         45          0          0       2788   ustdlib.o

    ----------------------------------------------------------------------
     83030       8146      15108        628      73104    1004077   Object Totals
         0          0         32          0          0          0   (incl. Generated)
        88          0          8         30          3          0   (incl. Padding)

    ----------------------------------------------------------------------

      Code (inc. data)   RO Data    RW Data    ZI Data      Debug   Library Member Name

        86          0          0          0          0          0   __dczerorl2.o
         0          0          0          0          0          0   entry.o
         0          0          0          0          0          0   entry10a.o
         0          0          0          0          0          0   entry11a.o
         8          4          0          0          0          0   entry2.o
         4          0          0          0          0          0   entry5.o
         0          0          0          0          0          0   entry7b.o
         0          0          0          0          0          0   entry8b.o
         8          4          0          0          0          0   entry9a.o
        30          0          0          0          0          0   handlers.o
        36          8          0          0          0         68   init.o
        36          0          0          0          0         68   memcpya.o
        36          0          0          0          0        108   memseta.o
       472         14          0          0          0        184   printf3.o
         0          0          0          4          0          0   stdout.o
        24          0          0          0          0         68   strcat.o
        18          0          0          0          0         68   strcpy.o
        24          0          0          0          0         76   strncpy.o
        44          0          0          0          0         80   uidiv.o

    ----------------------------------------------------------------------
       830         30          0          4          0        720   Library Totals
         4          0          0          0          0          0   (incl. Padding)

    ----------------------------------------------------------------------

      Code (inc. data)   RO Data    RW Data    ZI Data      Debug   Library Name

       826         30          0          4          0        720   mc_w.l

    ----------------------------------------------------------------------
       830         30          0          4          0        720   Library Totals

    ----------------------------------------------------------------------

==============================================================================


      Code (inc. data)   RO Data    RW Data    ZI Data      Debug   

     83860       8176      15108        632      73104     948069   Grand Totals
     83860       8176      15108        224      73104     948069   ELF Image Totals (compressed)
     83860       8176      15108        224          0          0   ROM Totals

==============================================================================

    Total RO  Size (Code + RO Data)                98968 (  96.65kB)
    Total RW  Size (RW Data + ZI Data)             73736 (  72.01kB)
    Total ROM Size (Code + RO Data + RW Data)      99192 (  96.87kB)

==============================================================================

