ARM Linker, 5.03 [Build 24] [MDK-ARM Standard]

==============================================================================

Section Cross References

    main.o(i.All_Init) refers to lcd.o(i.lcd_init) for lcd_init
    main.o(i.All_Init) refers to lcd.o(i.font_init) for font_init
    main.o(i.All_Init) refers to usb.o(i.USB_Init) for USB_Init
    main.o(i.All_Init) refers to netconf.o(i.Ethernet_Init) for Ethernet_Init
    main.o(i.AutoEnterSystemCue) refers to timer.o(i.bsp_StartTimer) for bsp_StartTimer
    main.o(i.AutoEnterSystemCue) refers to lcd.o(i.lcd_font24) for lcd_font24
    main.o(i.AutoEnterSystemCue) refers to timer.o(i.bsp_CheckTimer) for bsp_CheckTimer
    main.o(i.AutoEnterSystemCue) refers to lcd.o(i.lcd_clear) for lcd_clear
    main.o(i.CloseAllInterrupt) refers to stm32f4xx_tim.o(i.TIM_ITConfig) for TIM_ITConfig
    main.o(i.HardFault_Handler) refers to lcd.o(i.lcd_fill) for lcd_fill
    main.o(i.HardFault_Handler) refers to lcd.o(i.lcd_ascin24s) for lcd_ascin24s
    main.o(i.NVIC_Configuration) refers to misc.o(i.NVIC_PriorityGroupConfig) for NVIC_PriorityGroupConfig
    main.o(i.Section_Init) refers to main.o(i.NVIC_Configuration) for NVIC_Configuration
    main.o(i.Section_Init) refers to timer.o(i.bsp_InitTimer) for bsp_InitTimer
    main.o(i.Section_Init) refers to key.o(i.key_init) for key_init
    main.o(i.Section_Init) refers to timer.o(i.bsp_DelayMS) for bsp_DelayMS
    main.o(i.assert_failed) refers to printf3.o(i.__0printf$3) for __2printf
    main.o(i.main) refers to main.o(i.Section_Init) for Section_Init
    main.o(i.main) refers to timer.o(i.bsp_StartTimer) for bsp_StartTimer
    main.o(i.main) refers to key.o(i.get_key) for get_key
    main.o(i.main) refers to timer.o(i.bsp_CheckTimer) for bsp_CheckTimer
    main.o(i.main) refers to main.o(i.All_Init) for All_Init
    main.o(i.main) refers to usb_update.o(i.USB_UpDate) for USB_UpDate
    main.o(i.main) refers to sd_update.o(i.SD_UpDate) for SD_UpDate
    main.o(i.main) refers to tftpserver.o(i.UDP_Update) for UDP_Update
    main.o(i.main) refers to main.o(i.SystemSoftwareReset) for SystemSoftwareReset
    main.o(i.main) refers to main.o(i.CloseAllInterrupt) for CloseAllInterrupt
    main.o(i.main) refers to misc.o(i.NVIC_SetVectorTable) for NVIC_SetVectorTable
    main.o(i.main) refers to lcd.o(i.lcd_font24) for lcd_font24
    main.o(i.main) refers to main.o(.data) for Jump_To_Application
    sd_update.o(i.Check_SD_UpdateFileExist) refers to ff.o(i.f_opendir) for f_opendir
    sd_update.o(i.Check_SD_UpdateFileExist) refers to ff.o(i.f_readdir) for f_readdir
    sd_update.o(i.Check_SD_UpdateFileExist) refers to strcpy.o(.text) for strcpy
    sd_update.o(i.Check_SD_UpdateFileExist) refers to sd_update.o(.bss) for Lfname
    sd_update.o(i.SD_EraseFlashOperation) refers to lcd.o(i.lcd_font24) for lcd_font24
    sd_update.o(i.SD_EraseFlashOperation) refers to stm32f4xx_flash.o(i.FLASH_Unlock) for FLASH_Unlock
    sd_update.o(i.SD_EraseFlashOperation) refers to stm32f4xx_flash.o(i.FLASH_ClearFlag) for FLASH_ClearFlag
    sd_update.o(i.SD_EraseFlashOperation) refers to flash.o(i.GetSector) for GetSector
    sd_update.o(i.SD_EraseFlashOperation) refers to stm32f4xx_flash.o(i.FLASH_EraseSector) for FLASH_EraseSector
    sd_update.o(i.SD_EraseFlashOperation) refers to ustdlib.o(i.usprintf) for usprintf
    sd_update.o(i.SD_EraseFlashOperation) refers to timer.o(i.bsp_DelayMS) for bsp_DelayMS
    sd_update.o(i.SD_EraseFlashOperation) refers to stm32f4xx_flash.o(i.FLASH_Lock) for FLASH_Lock
    sd_update.o(i.SD_EraseFlashOperation) refers to sd_update.o(.constdata) for .constdata
    sd_update.o(i.SD_ProgramFlashOperation) refers to stm32f4xx_flash.o(i.FLASH_Unlock) for FLASH_Unlock
    sd_update.o(i.SD_ProgramFlashOperation) refers to stm32f4xx_flash.o(i.FLASH_ClearFlag) for FLASH_ClearFlag
    sd_update.o(i.SD_ProgramFlashOperation) refers to stm32f4xx_flash.o(i.FLASH_ProgramWord) for FLASH_ProgramWord
    sd_update.o(i.SD_ProgramFlashOperation) refers to stm32f4xx_flash.o(i.FLASH_Lock) for FLASH_Lock
    sd_update.o(i.SD_ProgramFlashOperation) refers to stm32f4xx_flash.o(i.FLASH_ProgramByte) for FLASH_ProgramByte
    sd_update.o(i.SD_UpDate) refers to lcd.o(i.lcd_clear) for lcd_clear
    sd_update.o(i.SD_UpDate) refers to lcd.o(i.lcd_font24) for lcd_font24
    sd_update.o(i.SD_UpDate) refers to strcpy.o(.text) for strcpy
    sd_update.o(i.SD_UpDate) refers to strcat.o(.text) for strcat
    sd_update.o(i.SD_UpDate) refers to timer.o(i.bsp_DelayMS) for bsp_DelayMS
    sd_update.o(i.SD_UpDate) refers to sd_update.o(i.Check_SD_UpdateFileExist) for Check_SD_UpdateFileExist
    sd_update.o(i.SD_UpDate) refers to sd_update.o(i.SD_EraseFlashOperation) for SD_EraseFlashOperation
    sd_update.o(i.SD_UpDate) refers to sd_update.o(i.SD_UpdateExecute) for SD_UpdateExecute
    sd_update.o(i.SD_UpDate) refers to main.o(i.AutoEnterSystemCue) for AutoEnterSystemCue
    sd_update.o(i.SD_UpdateExecute) refers to strcpy.o(.text) for strcpy
[...]
    USBH_MSC_TestUnitReady                   0x080084a5   Thumb Code   162  usbh_msc_scsi.o(i.USBH_MSC_TestUnitReady)
    USBH_MSC_Write10                         0x08008555   Thumb Code   218  usbh_msc_scsi.o(i.USBH_MSC_Write10)
    USBH_Modify_Channel                      0x08008639   Thumb Code   100  usbh_hcs.o(i.USBH_Modify_Channel)
    USBH_OTG_ISR_Handler                     0x0800869d   Thumb Code   168  usb_hcd_int.o(i.USBH_OTG_ISR_Handler)
    USBH_Open_Channel                        0x08008745   Thumb Code   154  usbh_hcs.o(i.USBH_Open_Channel)
    USBH_Process                             0x080089d1   Thumb Code   408  usbh_core.o(i.USBH_Process)
    USBH_SOF                                 0x08008b69   Thumb Code     6  usbh_core.o(i.USBH_SOF)
    USBH_SetAddress                          0x08008b6f   Thumb Code    38  usbh_stdreq.o(i.USBH_SetAddress)
    USBH_SetCfg                              0x08008b95   Thumb Code    38  usbh_stdreq.o(i.USBH_SetCfg)
    USBH_USR_Configuration_DescAvailable     0x08008bd5   Thumb Code    30  usbh_usr.o(i.USBH_USR_Configuration_DescAvailable)
    USBH_USR_DeInit                          0x08008bf9   Thumb Code     2  usbh_usr.o(i.USBH_USR_DeInit)
    USBH_USR_DeviceAddressAssigned           0x08008bfb   Thumb Code     2  usbh_usr.o(i.USBH_USR_DeviceAddressAssigned)
    USBH_USR_DeviceAttached                  0x08008bfd   Thumb Code     2  usbh_usr.o(i.USBH_USR_DeviceAttached)
    USBH_USR_DeviceDisconnected              0x08008c01   Thumb Code     8  usbh_usr.o(i.USBH_USR_DeviceDisconnected)
    USBH_USR_DeviceNotSupported              0x08008c0d   Thumb Code     2  usbh_usr.o(i.USBH_USR_DeviceNotSupported)
    USBH_USR_DeviceSpeedDetected             0x08008c0f   Thumb Code    20  usbh_usr.o(i.USBH_USR_DeviceSpeedDetected)
    USBH_USR_Device_DescAvailable            0x08008c23   Thumb Code     4  usbh_usr.o(i.USBH_USR_Device_DescAvailable)
    USBH_USR_EnumerationDone                 0x08008c27   Thumb Code     2  usbh_usr.o(i.USBH_USR_EnumerationDone)
    USBH_USR_Init                            0x08008c29   Thumb Code    16  usbh_usr.o(i.USBH_USR_Init)
    USBH_USR_MSC_Application                 0x08008c3d   Thumb Code     4  usbh_usr.o(i.USBH_USR_MSC_Application)
    USBH_USR_Manufacturer_String             0x08008c41   Thumb Code     2  usbh_usr.o(i.USBH_USR_Manufacturer_String)
    USBH_USR_OverCurrentDetected             0x08008c43   Thumb Code     2  usbh_usr.o(i.USBH_USR_OverCurrentDetected)
    USBH_USR_Product_String                  0x08008c45   Thumb Code     2  usbh_usr.o(i.USBH_USR_Product_String)
    USBH_USR_ResetDevice                     0x08008c47   Thumb Code     2  usbh_usr.o(i.USBH_USR_ResetDevice)
    USBH_USR_SerialNum_String                0x08008c49   Thumb Code     2  usbh_usr.o(i.USBH_USR_SerialNum_String)
    USBH_USR_UnrecoveredError                0x08008c4b   Thumb Code     2  usbh_usr.o(i.USBH_USR_UnrecoveredError)
    USBH_USR_UserInput                       0x08008c4d   Thumb Code     4  usbh_usr.o(i.USBH_USR_UserInput)
    USB_EraseFlashOperation                  0x08008c51   Thumb Code   196  usb_update.o(i.USB_EraseFlashOperation)
    USB_EscProcess                           0x08008d49   Thumb Code    24  usb_update.o(i.USB_EscProcess)
    USB_Init                                 0x08008d69   Thumb Code    70  usb.o(i.USB_Init)
    USB_OTG_BSP_ConfigVBUS                   0x08008dc9   Thumb Code     2  usb_bsp.o(i.USB_OTG_BSP_ConfigVBUS)
    USB_OTG_BSP_DriveVBUS                    0x08008dcb   Thumb Code     2  usb_bsp.o(i.USB_OTG_BSP_DriveVBUS)
    USB_OTG_BSP_EnableInterrupt              0x08008dcd   Thumb Code    36  usb_bsp.o(i.USB_OTG_BSP_EnableInterrupt)
    USB_OTG_BSP_Init                         0x08008df1   Thumb Code    74  usb_bsp.o(i.USB_OTG_BSP_Init)
    USB_OTG_BSP_TimerIRQ                     0x08008e41   Thumb Code    50  usb_bsp.o(i.USB_OTG_BSP_TimerIRQ)
    USB_OTG_BSP_mDelay                       0x08008e79   Thumb Code    12  usb_bsp.o(i.USB_OTG_BSP_mDelay)
    USB_OTG_BSP_uDelay                       0x08008e85   Thumb Code    12  usb_bsp.o(i.USB_OTG_BSP_uDelay)
    USB_OTG_CoreInit                         0x08008e91   Thumb Code   306  usb_core.o(i.USB_OTG_CoreInit)
    USB_OTG_CoreInitHost                     0x08008fc3   Thumb Code   218  usb_core.o(i.USB_OTG_CoreInitHost)
    USB_OTG_DisableGlobalInt                 0x08009109   Thumb Code    34  usb_core.o(i.USB_OTG_DisableGlobalInt)
    USB_OTG_DriveVbus                        0x0800912b   Thumb Code    92  usb_core.o(i.USB_OTG_DriveVbus)
    USB_OTG_EnableGlobalInt                  0x080091bb   Thumb Code    34  usb_core.o(i.USB_OTG_EnableGlobalInt)
    USB_OTG_EnableHostInt                    0x080091dd   Thumb Code   116  usb_core.o(i.USB_OTG_EnableHostInt)
    USB_OTG_FlushRxFifo                      0x08009251   Thumb Code    70  usb_core.o(i.USB_OTG_FlushRxFifo)
    USB_OTG_FlushTxFifo                      0x0800929d   Thumb Code    80  usb_core.o(i.USB_OTG_FlushTxFifo)
    USB_OTG_GetMode                          0x080092f1   Thumb Code    12  usb_core.o(i.USB_OTG_GetMode)
    USB_OTG_HC_DoPing                        0x080092fd   Thumb Code    90  usb_core.o(i.USB_OTG_HC_DoPing)
    USB_OTG_HC_Halt                          0x08009357   Thumb Code   130  usb_core.o(i.USB_OTG_HC_Halt)
    USB_OTG_HC_Init                          0x080093d9   Thumb Code   568  usb_core.o(i.USB_OTG_HC_Init)
    USB_OTG_HC_StartXfer                     0x08009611   Thumb Code   502  usb_core.o(i.USB_OTG_HC_StartXfer)
    USB_OTG_InitFSLSPClkSel                  0x08009807   Thumb Code    24  usb_core.o(i.USB_OTG_InitFSLSPClkSel)
    USB_OTG_IsEvenFrame                      0x0800981f   Thumb Code    16  usb_core.o(i.USB_OTG_IsEvenFrame)
    USB_OTG_IsHostMode                       0x0800982f   Thumb Code    20  usb_core.o(i.USB_OTG_IsHostMode)
    USB_OTG_ReadCoreItr                      0x08009843   Thumb Code    16  usb_core.o(i.USB_OTG_ReadCoreItr)
    USB_OTG_ReadHPRT0                        0x08009853   Thumb Code    48  usb_core.o(i.USB_OTG_ReadHPRT0)
    USB_OTG_ReadHostAllChannels_intr         0x08009883   Thumb Code     8  usb_core.o(i.USB_OTG_ReadHostAllChannels_intr)
    USB_OTG_ReadPacket                       0x0800988b   Thumb Code    40  usb_core.o(i.USB_OTG_ReadPacket)
    USB_OTG_ResetPort                        0x080098b3   Thumb Code    64  usb_core.o(i.USB_OTG_ResetPort)
    USB_OTG_SelectCore                       0x080098f5   Thumb Code   212  usb_core.o(i.USB_OTG_SelectCore)
    USB_OTG_SetCurrentMode                   0x080099cd   Thumb Code    78  usb_core.o(i.USB_OTG_SetCurrentMode)
    USB_OTG_WritePacket                      0x0800a7ed   Thumb Code    64  usb_core.o(i.USB_OTG_WritePacket)
    USB_ProgramFlashOperation                0x0800a82d   Thumb Code   204  usb_update.o(i.USB_ProgramFlashOperation)
    USB_UpDate                               0x0800a8fd   Thumb Code   430  usb_update.o(i.USB_UpDate)
    USB_UpdateExecute                        0x0800abad   Thumb Code   350  usb_update.o(i.USB_UpdateExecute)
    USB_WaitInsert                           0x0800ad79   Thumb Code   216  usb_update.o(i.USB_WaitInsert)
    UsageFault_Handler                       0x0800aea1   Thumb Code     4  stm32f4xx_it.o(i.UsageFault_Handler)
    WriteCommand                             0x0800aea5   Thumb Code    14  ra8875.o(i.WriteCommand)
    WriteData                                0x0800aeb9   Thumb Code     8  ra8875.o(i.WriteData)
    XY_Coordinate                            0x0800aec1   Thumb Code    56  ra8875.o(i.XY_Coordinate)
    __0printf$3                              0x0800aef9   Thumb Code    22  printf3.o(i.__0printf$3)
    __1printf$3                              0x0800aef9   Thumb Code     0  printf3.o(i.__0printf$3)
    __2printf                                0x0800aef9   Thumb Code     0  printf3.o(i.__0printf$3)
    __scatterload_copy                       0x0800af19   Thumb Code    14  handlers.o(i.__scatterload_copy)
    __scatterload_null                       0x0800af27   Thumb Code     2  handlers.o(i.__scatterload_null)
    __scatterload_zeroinit                   0x0800af29   Thumb Code    14  handlers.o(i.__scatterload_zeroinit)
    assert_failed                            0x0800b0f1   Thumb Code    18  main.o(i.assert_failed)
    bsp_CheckTimer                           0x0800b135   Thumb Code    48  timer.o(i.bsp_CheckTimer)
    bsp_DelayMS                              0x0800b169   Thumb Code    64  timer.o(i.bsp_DelayMS)
    bsp_DelayUS                              0x0800b1b5   Thumb Code    58  timer.o(i.bsp_DelayUS)
    bsp_GetRunTime                           0x0800b1f5   Thumb Code    30  timer.o(i.bsp_GetRunTime)
    bsp_InitTimer                            0x0800b21d   Thumb Code    78  timer.o(i.bsp_InitTimer)
    bsp_StartTimer                           0x0800b295   Thumb Code    90  timer.o(i.bsp_StartTimer)
    clust2sect                               0x0800b407   Thumb Code    26  ff.o(i.clust2sect)
    date_get                                 0x0800b7b9   Thumb Code   118  pcf8563.o(i.date_get)
    disk_initialize                          0x0800bd11   Thumb Code    44  diskio.o(i.disk_initialize)
    disk_ioctl                               0x0800bd41   Thumb Code     6  diskio.o(i.disk_ioctl)
    disk_read                                0x0800bd49   Thumb Code   172  diskio.o(i.disk_read)
    disk_status                              0x0800bdfd   Thumb Code     6  diskio.o(i.disk_status)
    disk_write                               0x0800be05   Thumb Code   172  diskio.o(i.disk_write)
    etharp_arp_input                         0x0800beb9   Thumb Code   306  etharp.o(i.etharp_arp_input)
    etharp_ip_input                          0x0800bfeb   Thumb Code    58  etharp.o(i.etharp_ip_input)
    etharp_output                            0x0800c025   Thumb Code   198  etharp.o(i.etharp_output)
    etharp_query                             0x0800c0f1   Thumb Code   436  etharp.o(i.etharp_query)
    etharp_request                           0x0800c375   Thumb Code    36  etharp.o(i.etharp_request)
    etharp_tmr                               0x0800c3f1   Thumb Code   154  etharp.o(i.etharp_tmr)
    ethernet_input                           0x0800c491   Thumb Code   108  etharp.o(i.ethernet_input)
    ethernetif_init                          0x0800c4fd   Thumb Code    68  ethernetif.o(i.ethernetif_init)
    ethernetif_input                         0x0800c549   Thumb Code    44  ethernetif.o(i.ethernetif_input)
    f_close                                  0x0800c575   Thumb Code    32  ff.o(i.f_close)
    f_lseek                                  0x0800c595   Thumb Code   680  ff.o(i.f_lseek)
    f_mount                                  0x0800c83d   Thumb Code    86  ff.o(i.f_mount)
    f_open                                   0x0800c899   Thumb Code   356  ff.o(i.f_open)
    f_opendir                                0x0800ca01   Thumb Code   114  ff.o(i.f_opendir)
    f_read                                   0x0800ca79   Thumb Code   430  ff.o(i.f_read)
    f_readdir                                0x0800cc29   Thumb Code    92  ff.o(i.f_readdir)
    f_sync                                   0x0800cc89   Thumb Code   174  ff.o(i.f_sync)
    ff_convert                               0x0800cd39   Thumb Code    70  ccsbcs.o(i.ff_convert)
    ff_wtoupper                              0x0800cd85   Thumb Code    46  ccsbcs.o(i.ff_wtoupper)
    font_init                                0x0800d465   Thumb Code   380  lcd.o(i.font_init)
    fputc                                    0x0800d689   Thumb Code    18  fputc.o(i.fputc)
    get_fat                                  0x0800d78d   Thumb Code   242  ff.o(i.get_fat)
    get_fattime                              0x0800d87f   Thumb Code    66  diskio.o(i.get_fattime)
    get_key                                  0x0800d9c5   Thumb Code   120  key.o(i.get_key)
    htonl                                    0x0800da8b   Thumb Code    26  inet.o(i.htonl)
    htons                                    0x0800daa5   Thumb Code    12  inet.o(i.htons)
    i2_start                                 0x0800dab1   Thumb Code    48  pcf8563.o(i.i2_start)
    i2_stop                                  0x0800dae5   Thumb Code    48  pcf8563.o(i.i2_stop)
    i2c_mastar                               0x0800db19   Thumb Code    38  pcf8563.o(i.i2c_mastar)
    i2c_recv_byte                            0x0800db45   Thumb Code    84  pcf8563.o(i.i2c_recv_byte)
    i2c_send_ack                             0x0800db9d   Thumb Code    40  pcf8563.o(i.i2c_send_ack)
    i2c_send_notack                          0x0800dbc9   Thumb Code    40  pcf8563.o(i.i2c_send_notack)
    i2c_sendbyte                             0x0800dbf5   Thumb Code    90  pcf8563.o(i.i2c_sendbyte)
    i2c_slave                                0x0800dc55   Thumb Code    34  pcf8563.o(i.i2c_slave)
    i2c_wait_ack                             0x0800dc7d   Thumb Code    74  pcf8563.o(i.i2c_wait_ack)
    icmp_dest_unreach                        0x0800dccd   Thumb Code    18  icmp.o(i.icmp_dest_unreach)
    icmp_input                               0x0800dcdf   Thumb Code   404  icmp.o(i.icmp_input)
    icmp_time_exceeded                       0x0800dee9   Thumb Code    18  icmp.o(i.icmp_time_exceeded)
    inet_chksum                              0x0800defb   Thumb Code    20  inet_chksum.o(i.inet_chksum)
    inet_chksum_pbuf                         0x0800df0f   Thumb Code    86  inet_chksum.o(i.inet_chksum_pbuf)
    ip_addr_isbroadcast                      0x0800df65   Thumb Code    78  ip_addr.o(i.ip_addr_isbroadcast)
    ip_frag                                  0x0800dfb5   Thumb Code   326  ip_frag.o(i.ip_frag)
    ip_input                                 0x0800e101   Thumb Code   398  ip.o(i.ip_input)
    ip_output                                0x0800e29d   Thumb Code    52  ip.o(i.ip_output)
    ip_output_if                             0x0800e2d1   Thumb Code   254  ip.o(i.ip_output_if)
    ip_reass                                 0x0800e3d5   Thumb Code   400  ip_frag.o(i.ip_reass)
    ip_route                                 0x0800e8c1   Thumb Code    70  ip.o(i.ip_route)
    key_init                                 0x0800e911   Thumb Code   106  key.o(i.key_init)
    lcd_ascin24                              0x0800e981   Thumb Code   180  lcd.o(i.lcd_ascin24)
    lcd_ascin24s                             0x0800ea39   Thumb Code    50  lcd.o(i.lcd_ascin24s)
    lcd_clear                                0x0800ea6b   Thumb Code    52  lcd.o(i.lcd_clear)
    lcd_draw24x12                            0x0800ea9f   Thumb Code   148  lcd.o(i.lcd_draw24x12)
    lcd_draw24x24                            0x0800eb33   Thumb Code   184  lcd.o(i.lcd_draw24x24)
    lcd_draw32x32                            0x0800ebeb   Thumb Code   224  lcd.o(i.lcd_draw32x32)
    lcd_fill                                 0x0800eccb   Thumb Code    70  lcd.o(i.lcd_fill)
    lcd_font24                               0x0800ed11   Thumb Code   220  lcd.o(i.lcd_font24)
    lcd_gpio_init                            0x0800ee15   Thumb Code   362  lcd.o(i.lcd_gpio_init)
    lcd_hard_reset                           0x0800ef8d   Thumb Code    32  lcd.o(i.lcd_hard_reset)
    lcd_init                                 0x0800efb1   Thumb Code    20  lcd.o(i.lcd_init)
    lcd_mem_err                              0x0800efc5   Thumb Code    54  lcd.o(i.lcd_mem_err)
    main                                     0x0800f1b9   Thumb Code   238  main.o(i.main)
    mem_free                                 0x0800f311   Thumb Code   106  mem.o(i.mem_free)
    mem_init                                 0x0800f389   Thumb Code    80  mem.o(i.mem_init)
    mem_malloc                               0x0800f3ed   Thumb Code   290  mem.o(i.mem_malloc)
    mem_realloc                              0x0800f51d   Thumb Code   316  mem.o(i.mem_realloc)
    memp_free                                0x0800f679   Thumb Code    38  memp.o(i.memp_free)
    memp_init                                0x0800f6a5   Thumb Code    82  memp.o(i.memp_init)
    memp_malloc                              0x0800f709   Thumb Code    54  memp.o(i.memp_malloc)
    netif_add                                0x0800f779   Thumb Code    96  netif.o(i.netif_add)
    netif_is_up                              0x0800f7e1   Thumb Code    12  netif.o(i.netif_is_up)
    netif_set_addr                           0x0800f7ed   Thumb Code    40  netif.o(i.netif_set_addr)
    netif_set_default                        0x0800f815   Thumb Code     6  netif.o(i.netif_set_default)
    netif_set_gw                             0x0800f821   Thumb Code    12  netif.o(i.netif_set_gw)
    netif_set_ipaddr                         0x0800f82d   Thumb Code   110  netif.o(i.netif_set_ipaddr)
    netif_set_netmask                        0x0800f8a5   Thumb Code    12  netif.o(i.netif_set_netmask)
    netif_set_up                             0x0800f8b1   Thumb Code    44  netif.o(i.netif_set_up)
    ntohl                                    0x0800f8dd   Thumb Code    12  inet.o(i.ntohl)
    ntohs                                    0x0800f8e9   Thumb Code    12  inet.o(i.ntohs)
    pbuf_alloc                               0x0800f8f5   Thumb Code   530  pbuf.o(i.pbuf_alloc)
    pbuf_cat                                 0x0800fb07   Thumb Code    80  pbuf.o(i.pbuf_cat)
    pbuf_chain                               0x0800fb57   Thumb Code    22  pbuf.o(i.pbuf_chain)
    pbuf_clen                                0x0800fb6d   Thumb Code    18  pbuf.o(i.pbuf_clen)
    pbuf_copy                                0x0800fb7f   Thumb Code   220  pbuf.o(i.pbuf_copy)
    pbuf_copy_partial                        0x0800fc5b   Thumb Code   154  pbuf.o(i.pbuf_copy_partial)
    pbuf_free                                0x0800fcf5   Thumb Code   152  pbuf.o(i.pbuf_free)
    pbuf_header                              0x0800fd8d   Thumb Code   140  pbuf.o(i.pbuf_header)
    pbuf_realloc                             0x0800fe19   Thumb Code   176  pbuf.o(i.pbuf_realloc)
    pbuf_ref                                 0x0800fec9   Thumb Code    10  pbuf.o(i.pbuf_ref)
    pcf8563_get                              0x0800fed3   Thumb Code    88  pcf8563.o(i.pcf8563_get)
    put_fat                                  0x08010055   Thumb Code   326  ff.o(i.put_fat)
    raw_input                                0x0801019d   Thumb Code   100  raw.o(i.raw_input)
    tcp_abandon                              0x080103bd   Thumb Code   146  tcp.o(i.tcp_abandon)
    tcp_alloc                                0x08010459   Thumb Code   186  tcp.o(i.tcp_alloc)
    tcp_close                                0x08010521   Thumb Code   242  tcp.o(i.tcp_close)
    tcp_eff_send_mss                         0x08010625   Thumb Code    46  tcp.o(i.tcp_eff_send_mss)
    tcp_enqueue                              0x08010653   Thumb Code  1066  tcp_out.o(i.tcp_enqueue)
    tcp_fasttmr                              0x08010a7d   Thumb Code   112  tcp.o(i.tcp_fasttmr)
    tcp_input                                0x08010af1   Thumb Code  1166  tcp_in.o(i.tcp_input)
    tcp_keepalive                            0x08010f99   Thumb Code    92  tcp_out.o(i.tcp_keepalive)
    tcp_next_iss                             0x080111b5   Thumb Code    20  tcp.o(i.tcp_next_iss)
    tcp_output                               0x080111d1   Thumb Code   608  tcp_out.o(i.tcp_output)
    tcp_pcb_purge                            0x08011639   Thumb Code    54  tcp.o(i.tcp_pcb_purge)
    tcp_pcb_remove                           0x08011671   Thumb Code   170  tcp.o(i.tcp_pcb_remove)
    tcp_rexmit                               0x080123fd   Thumb Code    86  tcp_out.o(i.tcp_rexmit)
    tcp_rexmit_rto                           0x08012453   Thumb Code    58  tcp_out.o(i.tcp_rexmit_rto)
    tcp_rst                                  0x0801248d   Thumb Code   174  tcp_out.o(i.tcp_rst)
    tcp_seg_free                             0x0801253b   Thumb Code    32  tcp.o(i.tcp_seg_free)
    tcp_segs_free                            0x0801255b   Thumb Code    30  tcp.o(i.tcp_segs_free)
    tcp_send_ctrl                            0x08012579   Thumb Code    28  tcp_out.o(i.tcp_send_ctrl)
    tcp_slowtmr                              0x08012595   Thumb Code   768  tcp.o(i.tcp_slowtmr)
    tcp_tmr                                  0x080128fd   Thumb Code    30  tcp.o(i.tcp_tmr)
    tcp_update_rcv_ann_wnd                   0x08012921   Thumb Code    56  tcp.o(i.tcp_update_rcv_ann_wnd)
    tcp_zero_window_probe                    0x08012959   Thumb Code   102  tcp_out.o(i.tcp_zero_window_probe)
    time_get                                 0x080129bf   Thumb Code   100  pcf8563.o(i.time_get)
    timer_init                               0x08012a25   Thumb Code   102  timer.o(i.timer_init)
    udp_bind                                 0x08012a91   Thumb Code   112  udp.o(i.udp_bind)
    udp_disconnect                           0x08012b05   Thumb Code    28  udp.o(i.udp_disconnect)
    udp_input                                0x08012b25   Thumb Code   408  udp.o(i.udp_input)
    udp_new                                  0x08012cc1   Thumb Code    28  udp.o(i.udp_new)
    udp_recv                                 0x08012cdd   Thumb Code     6  udp.o(i.udp_recv)
    udp_remove                               0x08012ce5   Thumb Code    60  udp.o(i.udp_remove)
    udp_sendto                               0x08012d25   Thumb Code    46  udp.o(i.udp_sendto)
    udp_sendto_if                            0x08012d53   Thumb Code   212  udp.o(i.udp_sendto_if)
    usprintf                                 0x08012f21   Thumb Code    38  ustdlib.o(i.usprintf)
    uvsnprintf                               0x08012f49   Thumb Code   686  ustdlib.o(i.uvsnprintf)
    asc24                                    0x08013284   Data        4560  lcd.o(.constdata)
    asc20                                    0x08014454   Data        3800  lcd.o(.constdata)
    asc16                                    0x0801532c   Data        1520  lcd.o(.constdata)
    num48                                    0x0801591c   Data        2160  lcd.o(.constdata)
    mem_err_info                             0x0801618c   Data         640  lcd.o(.constdata)
    tcp_backoff                              0x080169a2   Data          13  tcp.o(.constdata)
    tcp_persist_backoff                      0x080169af   Data           7  tcp.o(.constdata)
    ip_addr_any                              0x080169da   Data           4  ip_addr.o(.constdata)
    ip_addr_broadcast                        0x080169de   Data           4  ip_addr.o(.constdata)
    ethbroadcast                             0x080169e2   Data           6  etharp.o(.constdata)
    ethzero                                  0x080169e8   Data           6  etharp.o(.constdata)
    Region$$Table$$Base                      0x08016a00   Number         0  anon$$obj.o(Region$$Table)
    Region$$Table$$Limit                     0x08016a20   Number         0  anon$$obj.o(Region$$Table)
    Jump_To_Application                      0x20000000   Data           4  main.o(.data)
    g_iRunTime                               0x20000024   Data           4  timer.o(.data)
    g_iRunTime10ms                           0x20000028   Data           4  timer.o(.data)
    beep_status                              0x2000002c   Data           1  timer.o(.data)
    beep_time                                0x2000002e   Data           2  timer.o(.data)
    beep_cnt                                 0x20000030   Data           2  timer.o(.data)
    mute_comp                                0x20000032   Data           2  timer.o(.data)
    beep_comp                                0x20000034   Data           2  timer.o(.data)
    StopCondition                            0x20000040   Data           4  sdio_sd.o(.data)
    TransferError                            0x20000044   Data           1  sdio_sd.o(.data)
    TransferEnd                              0x20000048   Data           4  sdio_sd.o(.data)
    DMAEndOfTransfer                         0x2000004c   Data           4  sdio_sd.o(.data)
    fresult                                  0x20000050   Data           1  lcd.o(.data)
    BSP_delay                                0x20000054   Data           4  usb_bsp.o(.data)
    HSEStartUpStatus                         0x20000058   Data           1  usb_bsp.o(.data)
    USR_cb                                   0x2000005c   Data          72  usbh_usr.o(.data)
    TCPTimer                                 0x200000a8   Data           4  netconf.o(.data)
    ARPTimer                                 0x200000ac   Data           4  netconf.o(.data)
    LinkTimer                                0x200000b0   Data           4  netconf.o(.data)
    DHCPfineTimer                            0x200000b4   Data           4  netconf.o(.data)
    DHCPcoarseTimer                          0x200000b8   Data           4  netconf.o(.data)
    DMATxDescToSet                           0x200000cc   Data           4  stm32f4x7_eth.o(.data)
    DMARxDescToGet                           0x200000d0   Data           4  stm32f4x7_eth.o(.data)
    DMA_RX_FRAME_infos                       0x200000d4   Data           4  stm32f4x7_eth.o(.data)
    Frame_Rx_index                           0x200000d8   Data           4  stm32f4x7_eth.o(.data)
    MSCErrorCount                            0x200000f0   Data           1  usbh_msc_core.o(.data)
    USBH_MSC_cb                              0x200000f4   Data          16  usbh_msc_core.o(.data)
    MSC_Setup                                0x20000108   Data           8  usbh_msc_core.o(.data)
    USBH_HCD_INT_cb                          0x20000114   Data          12  usbh_core.o(.data)
    USBH_HCD_INT_fops                        0x20000120   Data           4  usbh_core.o(.data)
    tcp_ticks                                0x20000140   Data           4  tcp.o(.data)
    tcp_bound_pcbs                           0x20000144   Data           4  tcp.o(.data)
    tcp_listen_pcbs                          0x20000148   Data           4  tcp.o(.data)
    tcp_active_pcbs                          0x2000014c   Data           4  tcp.o(.data)
    tcp_tw_pcbs                              0x20000150   Data           4  tcp.o(.data)
    tcp_tmp_pcb                              0x20000154   Data           4  tcp.o(.data)
    tcp_input_pcb                            0x20000178   Data           4  tcp_in.o(.data)
    udp_pcbs                                 0x2000017c   Data           4  udp.o(.data)
    netif_list                               0x20000194   Data           4  netif.o(.data)
    netif_default                            0x20000198   Data           4  netif.o(.data)
    DMATxDesc                                0x200001b4   Data           4  ethernetif.o(.data)
    tcp_end_time                             0x200001b8   Data           4  ethernetif.o(.data)
    arp_end_time                             0x200001bc   Data           4  ethernetif.o(.data)
    MACaddr                                  0x200001c0   Data           6  ethernetif.o(.data)
    __stdout                                 0x200001c8   Data           4  stdout.o(.data)
    SDCardInfo                               0x200006f8   Data          88  sdio_sd.o(.bss)
    SDIO_InitStructure                       0x20000750   Data          24  sdio_sd.o(.bss)
    SDIO_CmdInitStructure                    0x20000768   Data          20  sdio_sd.o(.bss)
    SDIO_DataInitStructure                   0x2000077c   Data          24  sdio_sd.o(.bss)
    file_buff                                0x200009c4   Data        4000  lcd.o(.bss)
    file_obj                                 0x20001964   Data         552  lcd.o(.bss)
    disp_buff                                0x200039bc   Data          30  lcd.o(.bss)
    USB_OTG_Core                             0x200039dc   Data        1452  usbh_usr.o(.bss)
    USB_Host                                 0x20003f88   Data         132  usbh_usr.o(.bss)
    netif                                    0x2000423c   Data          48  netconf.o(.bss)
    RX_Frame_Descriptor                      0x2000426c   Data          12  stm32f4x7_eth.o(.bss)
    USBH_MSC_CBWData                         0x20004278   Data          32  usbh_msc_bot.o(.bss)
    USBH_MSC_CSWData                         0x20004298   Data          16  usbh_msc_bot.o(.bss)
    USBH_MSC_BOTXferParam                    0x200042a8   Data          16  usbh_msc_bot.o(.bss)
    MSC_Machine                              0x200042b8   Data         522  usbh_msc_core.o(.bss)
    USBH_MSC_Param                           0x200044c4   Data          16  usbh_msc_scsi.o(.bss)
    USBH_DataInBuffer                        0x200044d4   Data         512  usbh_msc_scsi.o(.bss)
    USBH_DataOutBuffer                       0x200046d4   Data         512  usbh_msc_scsi.o(.bss)
    USBH_CfgDesc                             0x200048d4   Data         512  usbh_stdreq.o(.bss)
    DMARxDscrTab                             0x2000ea54   Data         160  ethernetif.o(.bss)
    DMATxDscrTab                             0x2000eaf4   Data         160  ethernetif.o(.bss)
    Rx_Buff                                  0x2000eb94   Data        7620  ethernetif.o(.bss)
    Tx_Buff                                  0x20010958   Data        7620  ethernetif.o(.bss)
    __initial_sp                             0x20013720   Data           0  startup_stm32f40_41xxx.o(STACK)



==============================================================================

Memory Map of the image

  Image Entry point : 0x08000189

  Load Region LR_IROM1 (Base: 0x08000000, Size: 0x00016bec, Max: 0x00080000, ABSOLUTE, COMPRESSED[0x00016a9c])

    Execution Region ER_IROM1 (Base: 0x08000000, Size: 0x00016a20, Max: 0x00080000, ABSOLUTE)

    Base Addr    Size         Type   Attr      Idx    E Section Name        Object

    0x08000000   0x00000188   Data   RO         6955    RESET               startup_stm32f40_41xxx.o
    0x08000188   0x00000000   Code   RO         8256  * .ARM.Collect$$$$00000000  mc_w.l(entry.o)
    0x08000188   0x00000004   Code   RO         8544    .ARM.Collect$$$$00000001  mc_w.l(entry2.o)
    0x0800018c   0x00000004   Code   RO         8547    .ARM.Collect$$$$00000004  mc_w.l(entry5.o)
    0x08000190   0x00000000   Code   RO         8549    .ARM.Collect$$$$00000008  mc_w.l(entry7b.o)
    0x08000190   0x00000000   Code   RO         8551    .ARM.Collect$$$$0000000A  mc_w.l(entry8b.o)
    0x08000190   0x00000008   Code   RO         8552    .ARM.Collect$$$$0000000B  mc_w.l(entry9a.o)
    0x08000198   0x00000000   Code   RO         8554    .ARM.Collect$$$$0000000D  mc_w.l(entry10a.o)
    0x08000198   0x00000000   Code   RO         8556    .ARM.Collect$$$$0000000F  mc_w.l(entry11a.o)
    0x08000198   0x00000004   Code   RO         8545    .ARM.Collect$$$$00002712  mc_w.l(entry2.o)
    0x0800019c   0x00000024   Code   RO         6956    .text               startup_stm32f40_41xxx.o
    0x080001c0   0x00000024   Code   RO         8259    .text               mc_w.l(memcpya.o)
    0x080001e4   0x00000024   Code   RO         8261    .text               mc_w.l(memseta.o)
    0x08000208   0x00000018   Code   RO         8263    .text               mc_w.l(strcat.o)
    0x08000220   0x00000018   Code   RO         8265    .text               mc_w.l(strncpy.o)
    0x08000238   0x0000001c   Code   RO         8269    .text               mc_w.l(strcmp.o)
    0x08000254   0x00000012   Code   RO         8271    .text               mc_w.l(strcpy.o)
    0x08000266   0x0000002c   Code   RO         8561    .text               mc_w.l(uidiv.o)
    0x08000292   0x00000002   PAD
    0x08000294   0x00000024   Code   RO         8578    .text               mc_w.l(init.o)
    0x080002b8   0x00000000   Code   RO         8580    .text               mc_w.l(semi.o)
    0x080002b8   0x00000000   Code   RO         8585    .text               mc_w.l(iusesemip.o)
    0x080002b8   0x0000005c   Code   RO         8594    .text               mc_w.l(__dczerorl2.o)
    0x08000314   0x00000074   Code   RO         1694    i.Active_Window     ra8875.o
    0x08000388   0x00000014   Code   RO            3    i.All_Init          main.o
    0x0800039c   0x000000e4   Code   RO            4    i.AutoEnterSystemCue  main.o
    0x08000480   0x00000004   Code   RO         6962    i.BusFault_Handler  stm32f4xx_it.o
    0x08000484   0x00000084   Code   RO          317    i.Check_SD_UpdateFileExist  sd_update.o
    0x08000508   0x00000084   Code   RO          492    i.Check_USB_UpdateFileExist  usb_update.o
    0x0800058c   0x00000012   Code   RO         1700    i.Chk_Busy          ra8875.o
    0x0800059e   0x0000001e   Code   RO         1706    i.Clear_Active_Window  ra8875.o
    0x080005bc   0x00000014   Code   RO            5    i.CloseAllInterrupt  main.o
    0x080005d0   0x0000002c   Code   RO         1111    i.CmdError          sdio_sd.o
    0x080005fc   0x00000130   Code   RO         1112    i.CmdResp1Error     sdio_sd.o
    0x0800072c   0x00000048   Code   RO         1113    i.CmdResp2Error     sdio_sd.o
    0x08000774   0x00000038   Code   RO         1114    i.CmdResp3Error     sdio_sd.o
    0x080007ac   0x0000009c   Code   RO         1115    i.CmdResp6Error     sdio_sd.o
    0x08000848   0x0000004c   Code   RO         1116    i.CmdResp7Error     sdio_sd.o
    0x08000894   0x00000008   Code   RO         1117    i.DMA2_Stream3_IRQHandler  sdio_sd.o
    0x0800089c   0x00000108   Code   RO         3490    i.DMA_ClearFlag     stm32f4xx_dma.o
    0x080009a4   0x000000e0   Code   RO         3492    i.DMA_Cmd           stm32f4xx_dma.o
    0x08000a84   0x00000204   Code   RO         3493    i.DMA_DeInit        stm32f4xx_dma.o
    0x08000c88   0x000000e0   Code   RO         3496    i.DMA_FlowControllerConfig  stm32f4xx_dma.o
    0x08000d68   0x00000118   Code   RO         3503    i.DMA_ITConfig      stm32f4xx_dma.o
    0x08000e80   0x000002c0   Code   RO         3504    i.DMA_Init          stm32f4xx_dma.o
    0x08001140   0x00000002   Code   RO         6963    i.DebugMon_Handler  stm32f4xx_it.o
    0x08001142   0x00000018   Code   RO         1710    i.DelayMs           ra8875.o
    0x0800115a   0x00000014   Code   RO         1714    i.Display_ON        ra8875.o
    0x0800116e   0x00000016   Code   RO         1729    i.Draw_square_fill  ra8875.o
    0x08001184   0x00000022   Code   RO         3151    i.ETHERNET_NVICConfiguration  lan8720.o
    0x080011a6   0x00000002   PAD
    0x080011a8   0x00000048   Code   RO         5250    i.ETH_DMAClearITPendingBit  stm32f4x7_eth.o
    0x080011f0   0x00000070   Code   RO         5251    i.ETH_DMAITConfig   stm32f4x7_eth.o
    0x08001260   0x00000058   Code   RO         5252    i.ETH_DMAReceptionCmd  stm32f4x7_eth.o
    0x080012b8   0x00000064   Code   RO         5253    i.ETH_DMARxDescChainInit  stm32f4x7_eth.o
    0x0800131c   0x00000050   Code   RO         5254    i.ETH_DMARxDescReceiveITConfig  stm32f4x7_eth.o
    0x0800136c   0x00000058   Code   RO         5255    i.ETH_DMATransmissionCmd  stm32f4x7_eth.o
    0x080013c4   0x00000050   Code   RO         5258    i.ETH_DMATxDescChainInit  stm32f4x7_eth.o
    0x08001414   0x00000050   Code   RO         5259    i.ETH_DMATxDescChecksumInsertionConfig  stm32f4x7_eth.o
    0x08001464   0x00000016   Code   RO         5264    i.ETH_DeInit        stm32f4x7_eth.o
    0x0800147a   0x0000001c   Code   RO         5265    i.ETH_Delay         stm32f4x7_eth.o
    0x08001496   0x00000002   PAD
    0x08001498   0x00000014   Code   RO         5267    i.ETH_FlushTransmitFIFO  stm32f4x7_eth.o
    0x080014ac   0x0000000c   Code   RO         8180    i.ETH_GetCurrentTxBuffer  ethernetif.o
    0x080014b8   0x0000000a   Code   RO         5279    i.ETH_GetDMARxDescFrameLength  stm32f4x7_eth.o
    0x080014c2   0x0000002a   Code   RO         5292    i.ETH_GetRxPktSize  stm32f4x7_eth.o
    0x080014ec   0x00000018   Code   RO         5293    i.ETH_GetSoftwareResetStatus  stm32f4x7_eth.o
    0x08001504   0x00000028   Code   RO         3152    i.ETH_IRQHandler    lan8720.o
    0x0800152c   0x0000087c   Code   RO         5298    i.ETH_Init          stm32f4x7_eth.o
    0x08001da8   0x00000070   Code   RO         5300    i.ETH_MACAddressConfig  stm32f4x7_eth.o
    0x08001e18   0x0000008c   Code   RO         3153    i.ETH_MACDMA_Config  lan8720.o
    0x08001ea4   0x00000058   Code   RO         5305    i.ETH_MACReceptionCmd  stm32f4x7_eth.o
    0x08001efc   0x00000058   Code   RO         5306    i.ETH_MACTransmissionCmd  stm32f4x7_eth.o
    0x08001f54   0x000000b0   Code   RO         5318    i.ETH_ReadPHYRegister  stm32f4x7_eth.o
    0x08002004   0x0000009c   Code   RO         8181    i.ETH_RxPkt_ChainMode  ethernetif.o
    0x080020a0   0x00000014   Code   RO         5326    i.ETH_SoftwareReset  stm32f4x7_eth.o
    0x080020b4   0x00000020   Code   RO         5327    i.ETH_Start         stm32f4x7_eth.o
    0x080020d4   0x000000b2   Code   RO         5328    i.ETH_StructInit    stm32f4x7_eth.o
    0x08002186   0x00000002   PAD
    0x08002188   0x00000068   Code   RO         8182    i.ETH_TxPkt_ChainMode  ethernetif.o
    0x080021f0   0x000000b0   Code   RO         5330    i.ETH_WritePHYRegister  stm32f4x7_eth.o
    0x080022a0   0x0000007c   Code   RO         3207    i.Ethernet_Init     netconf.o
    0x0800231c   0x00000048   Code   RO         4993    i.FLASH_ClearFlag   stm32f4xx_flash.o
    0x08002364   0x00000130   Code   RO         4999    i.FLASH_EraseSector  stm32f4xx_flash.o
    0x08002494   0x00000054   Code   RO         5001    i.FLASH_GetStatus   stm32f4xx_flash.o
    0x080024e8   0x00000050   Code   RO          774    i.FLASH_If_Erase    flash_if.o
    0x08002538   0x00000008   Code   RO          775    i.FLASH_If_Init     flash_if.o
    0x08002540   0x00000058   Code   RO          776    i.FLASH_If_Write    flash_if.o
    0x08002598   0x00000014   Code   RO         5005    i.FLASH_Lock        stm32f4xx_flash.o
    0x080025ac   0x00000098   Code   RO         5026    i.FLASH_ProgramByte  stm32f4xx_flash.o
    0x08002644   0x0000009c   Code   RO         5029    i.FLASH_ProgramWord  stm32f4xx_flash.o
    0x080026e0   0x00000024   Code   RO         5031    i.FLASH_Unlock      stm32f4xx_flash.o
    0x08002704   0x00000022   Code   RO         5032    i.FLASH_WaitForLastOperation  stm32f4xx_flash.o
    0x08002726   0x00000070   Code   RO         1380    i.FSMC_LCD_Init     lcd.o
    0x08002796   0x00000002   PAD
    0x08002798   0x00000084   Code   RO         3629    i.FSMC_NORSRAMCmd   stm32f4xx_fsmc.o
    0x0800281c   0x00000360   Code   RO         3631    i.FSMC_NORSRAMInit  stm32f4xx_fsmc.o
    0x08002b7c   0x00000190   Code   RO         1118    i.FindSCR           sdio_sd.o
    0x08002d0c   0x000001b0   Code   RO         3750    i.GPIO_Init         stm32f4xx_gpio.o
    0x08002ebc   0x000001ac   Code   RO         3751    i.GPIO_PinAFConfig  stm32f4xx_gpio.o
    0x08003068   0x00000110   Code   RO         3754    i.GPIO_ReadInputDataBit  stm32f4xx_gpio.o
    0x08003178   0x000000b4   Code   RO         3757    i.GPIO_ResetBits    stm32f4xx_gpio.o
    0x0800322c   0x000000b4   Code   RO         3758    i.GPIO_SetBits      stm32f4xx_gpio.o
    0x080032e0   0x00000074   Code   RO         1732    i.Geometric_Coordinate  ra8875.o
    0x08003354   0x000000e0   Code   RO         3109    i.GetSector         flash.o
    0x08003434   0x00000014   Code   RO         2575    i.Get_USB_Status    usbh_usr.o
    0x08003448   0x0000000a   Code   RO         6490    i.HCD_GetCurrentFrame  usb_hcd.o
    0x08003452   0x00000014   Code   RO         6491    i.HCD_GetCurrentSpeed  usb_hcd.o
    0x08003466   0x0000000a   Code   RO         6493    i.HCD_GetURB_State  usb_hcd.o
    0x08003470   0x0000000c   Code   RO         6494    i.HCD_GetXferCnt    usb_hcd.o
    0x0800347c   0x00000060   Code   RO         6496    i.HCD_Init          usb_hcd.o
    0x080034dc   0x00000008   Code   RO         6497    i.HCD_IsDeviceConnected  usb_hcd.o
    0x080034e4   0x0000000e   Code   RO         6498    i.HCD_ResetPort     usb_hcd.o
    0x080034f2   0x00000020   Code   RO         6499    i.HCD_SubmitRequest  usb_hcd.o
    0x08003512   0x0000001a   Code   RO         1747    i.HDIR_SEG0_SEGn    ra8875.o
    0x0800352c   0x00000040   Code   RO            6    i.HardFault_Handler  main.o
    0x0800356c   0x00000030   Code   RO          621    i.IAP_tftp_cleanup_wr  tftpserver.o
    0x0800359c   0x00000006   Code   RO          622    i.IAP_tftp_decode_op  tftpserver.o
    0x080035a2   0x0000000e   Code   RO          623    i.IAP_tftp_extract_block  tftpserver.o
    0x080035b0   0x00000108   Code   RO          624    i.IAP_tftp_process_write  tftpserver.o
    0x080036b8   0x0000013c   Code   RO          625    i.IAP_tftp_recv_callback  tftpserver.o
    0x080037f4   0x000000a8   Code   RO          626    i.IAP_tftp_send_ack_packet  tftpserver.o
    0x0800389c   0x00000012   Code   RO          627    i.IAP_tftp_set_block  tftpserver.o
    0x080038ae   0x00000008   Code   RO          628    i.IAP_tftp_set_opcode  tftpserver.o
    0x080038b6   0x00000002   PAD
    0x080038b8   0x000000e8   Code   RO          629    i.IAP_tftpd_init    tftpserver.o
    0x080039a0   0x000002b8   Code   RO          630    i.IAP_wrq_recv_callback  tftpserver.o
    0x08003c58   0x00000156   Code   RO         1749    i.Init_RA8875       ra8875.o
    0x08003dae   0x00000002   PAD
    0x08003db0   0x00000108   Code   RO         3154    i.LAN8720_Init      lan8720.o
    0x08003eb8   0x0000000c   Code   RO         1750    i.LCD_StatusRead    ra8875.o
    0x08003ec4   0x00000054   Code   RO         5331    i.Link_tmr          stm32f4x7_eth.o
    0x08003f18   0x00000058   Code   RO         3208    i.LwIP_Periodic_Handle  netconf.o
    0x08003f70   0x00000010   Code   RO         3209    i.LwIP_Pkt_Handle   netconf.o
    0x08003f80   0x00000004   Code   RO         6964    i.MemManage_Handler  stm32f4xx_it.o
    0x08003f84   0x0000001e   Code   RO         1761    i.Memory_Clear      ra8875.o
    0x08003fa2   0x00000002   Code   RO         6965    i.NMI_Handler       stm32f4xx_it.o
    0x08003fa4   0x0000000c   Code   RO            7    i.NVIC_Configuration  main.o
    0x08003fb0   0x000000c8   Code   RO         3446    i.NVIC_Init         misc.o
    0x08004078   0x00000054   Code   RO         3447    i.NVIC_PriorityGroupConfig  misc.o
    0x080040cc   0x0000005c   Code   RO         3448    i.NVIC_SetVectorTable  misc.o
    0x08004128   0x00000010   Code   RO         2532    i.OTG_HS_IRQHandler  usbh_it.o
    0x08004138   0x00000026   Code   RO         1777    i.PWM1_clock_ratio  ra8875.o
    0x0800415e   0x00000016   Code   RO         1781    i.PWM1_duty_cycle   ra8875.o
    0x08004174   0x0000001e   Code   RO         1782    i.PWM1_enable       ra8875.o
    0x08004192   0x0000001e   Code   RO         1783    i.PWM1_fnuction_sel  ra8875.o
    0x080041b0   0x00000002   Code   RO         6966    i.PendSV_Handler    stm32f4xx_it.o
    0x080041b2   0x00000002   PAD
    0x080041b4   0x00000018   Code   RO         1793    i.RA8875_WAITSTATUS  ra8875.o
    0x080041cc   0x00000070   Code   RO         3847    i.RCC_AHB1PeriphClockCmd  stm32f4xx_rcc.o
    0x0800423c   0x00000070   Code   RO         3849    i.RCC_AHB1PeriphResetCmd  stm32f4xx_rcc.o
    0x080042ac   0x0000006c   Code   RO         3853    i.RCC_AHB3PeriphClockCmd  stm32f4xx_rcc.o
    0x08004318   0x00000070   Code   RO         3856    i.RCC_APB1PeriphClockCmd  stm32f4xx_rcc.o
    0x08004388   0x00000070   Code   RO         3859    i.RCC_APB2PeriphClockCmd  stm32f4xx_rcc.o
    0x080043f8   0x00000070   Code   RO         3861    i.RCC_APB2PeriphResetCmd  stm32f4xx_rcc.o
    0x08004468   0x000000e8   Code   RO         3868    i.RCC_GetClocksFreq  stm32f4xx_rcc.o
    0x08004550   0x00000014   Code   RO         1794    i.ReadCOMM          ra8875.o
    0x08004564   0x00000012   Code   RO         1795    i.ReadData          ra8875.o
    0x08004576   0x00000002   PAD
    0x08004578   0x00000118   Code   RO         1120    i.SDEnWideBus       sdio_sd.o
    0x08004690   0x00000048   Code   RO         4182    i.SDIO_ClearFlag    stm32f4xx_sdio.o
    0x080046d8   0x00000048   Code   RO         4183    i.SDIO_ClearITPendingBit  stm32f4xx_sdio.o
    0x08004720   0x00000040   Code   RO         4184    i.SDIO_ClockCmd     stm32f4xx_sdio.o
    0x08004760   0x00000040   Code   RO         4187    i.SDIO_DMACmd       stm32f4xx_sdio.o
    0x080047a0   0x00000110   Code   RO         4188    i.SDIO_DataConfig   stm32f4xx_sdio.o
    0x080048b0   0x00000016   Code   RO         4190    i.SDIO_DeInit       stm32f4xx_sdio.o
    0x080048c6   0x00000002   PAD
    0x080048c8   0x0000000c   Code   RO         4191    i.SDIO_GetCommandResponse  stm32f4xx_sdio.o
    0x080048d4   0x000000c8   Code   RO         4194    i.SDIO_GetFlagStatus  stm32f4xx_sdio.o
    0x0800499c   0x000000c8   Code   RO         4195    i.SDIO_GetITStatus  stm32f4xx_sdio.o
    0x08004a64   0x00000010   Code   RO         4196    i.SDIO_GetPowerState  stm32f4xx_sdio.o
    0x08004a74   0x00000054   Code   RO         4197    i.SDIO_GetResponse  stm32f4xx_sdio.o
    0x08004ac8   0x00000008   Code   RO         1121    i.SDIO_IRQHandler   sdio_sd.o
    0x08004ad0   0x0000006c   Code   RO         4198    i.SDIO_ITConfig     stm32f4xx_sdio.o
    0x08004b3c   0x000000d4   Code   RO         4199    i.SDIO_Init         stm32f4xx_sdio.o
    0x08004c10   0x00000032   Code   RO         1122    i.SDIO_Interrupts_Config  sdio_sd.o
    0x08004c42   0x00000002   PAD
    0x08004c44   0x0000000c   Code   RO         4200    i.SDIO_ReadData     stm32f4xx_sdio.o
    0x08004c50   0x000000b8   Code   RO         4202    i.SDIO_SendCommand  stm32f4xx_sdio.o
    0x08004d08   0x00000040   Code   RO         4204    i.SDIO_SetPowerState  stm32f4xx_sdio.o
    0x08004d48   0x00000020   Code   RO         1124    i.SD_Detect         sdio_sd.o
    0x08004d68   0x00000090   Code   RO         1125    i.SD_EnableWideBusOperation  sdio_sd.o
    0x08004df8   0x000000f8   Code   RO          318    i.SD_EraseFlashOperation  sd_update.o
    0x08004ef0   0x00000334   Code   RO         1127    i.SD_GetCardInfo    sdio_sd.o
    0x08005224   0x00000026   Code   RO         1129    i.SD_GetState       sdio_sd.o
    0x0800524a   0x0000001e   Code   RO         1130    i.SD_GetStatus      sdio_sd.o
    0x08005268   0x00000088   Code   RO         1132    i.SD_Init           sdio_sd.o
    0x080052f0   0x0000013c   Code   RO         1133    i.SD_InitializeCards  sdio_sd.o
    0x0800542c   0x0000008c   Code   RO         1134    i.SD_LowLevel_DMA_RxConfig  sdio_sd.o
    0x080054b8   0x00000090   Code   RO         1135    i.SD_LowLevel_DMA_TxConfig  sdio_sd.o
    0x08005548   0x000000c4   Code   RO         1137    i.SD_LowLevel_Init  sdio_sd.o
    0x0800560c   0x000001a0   Code   RO         1139    i.SD_PowerON        sdio_sd.o
    0x080057ac   0x00000028   Code   RO         1140    i.SD_ProcessDMAIRQ  sdio_sd.o
    0x080057d4   0x000000ac   Code   RO         1141    i.SD_ProcessIRQSrc  sdio_sd.o
    0x08005880   0x000000d0   Code   RO          319    i.SD_ProgramFlashOperation  sd_update.o
    0x08005950   0x000000e0   Code   RO         1142    i.SD_ReadBlock      sdio_sd.o
    0x08005a30   0x000000e8   Code   RO         1143    i.SD_ReadMultiBlocks  sdio_sd.o
    0x08005b18   0x00000034   Code   RO         1144    i.SD_SelectDeselect  sdio_sd.o
    0x08005b4c   0x00000054   Code   RO         1146    i.SD_SendStatus     sdio_sd.o
    0x08005ba0   0x00000034   Code   RO         1147    i.SD_StopTransfer   sdio_sd.o
    0x08005bd4   0x00000298   Code   RO          320    i.SD_UpDate         sd_update.o
    0x08005e6c   0x000001cc   Code   RO          321    i.SD_UpdateExecute  sd_update.o
    0x08006038   0x00000080   Code   RO         1148    i.SD_WaitReadOperation  sdio_sd.o
    0x080060b8   0x000000dc   Code   RO         1150    i.SD_WriteBlock     sdio_sd.o
    0x08006194   0x00000148   Code   RO         1151    i.SD_WriteMultiBlocks  sdio_sd.o
    0x080062dc   0x00000002   Code   RO         6967    i.SVC_Handler       stm32f4xx_it.o
    0x080062de   0x00000002   PAD
    0x080062e0   0x00000040   Code   RO         4939    i.SYSCFG_ETH_MediaInterfaceConfig  stm32f4xx_syscfg.o
    0x08006320   0x00000016   Code   RO            8    i.Section_Init      main.o
    0x08006336   0x00000002   PAD
    0x08006338   0x000000ec   Code   RO         7021    i.SetSysClock       system_stm32f4xx.o
    0x08006424   0x0000002c   Code   RO         8183    i.Set_MAC_Address   ethernetif.o
    0x08006450   0x0000001c   Code   RO         1799    i.Software_Reset    ra8875.o
    0x0800646c   0x00000068   Code   RO         7023    i.SystemInit        system_stm32f4xx.o
    0x080064d4   0x00000034   Code   RO            9    i.SystemSoftwareReset  main.o
    0x08006508   0x00000008   Code   RO         2533    i.TIM2_IRQHandler   usbh_it.o
    0x08006510   0x00000164   Code   RO          992    i.TIM3_IRQHandler   timer.o
    0x08006674   0x000000c0   Code   RO         4385    i.TIM_ClearFlag     stm32f4xx_tim.o
    0x08006734   0x000000c0   Code   RO         4386    i.TIM_ClearITPendingBit  stm32f4xx_tim.o
    0x080067f4   0x000000e4   Code   RO         4391    i.TIM_Cmd           stm32f4xx_tim.o
    0x080068d8   0x00000110   Code   RO         4412    i.TIM_GetITStatus   stm32f4xx_tim.o
    0x080069e8   0x000000f4   Code   RO         4416    i.TIM_ITConfig      stm32f4xx_tim.o
    0x08006adc   0x000000c0   Code   RO         4457    i.TIM_SetCounter    stm32f4xx_tim.o
    0x08006b9c   0x0000016c   Code   RO         4463    i.TIM_TimeBaseInit  stm32f4xx_tim.o
    0x08006d08   0x00000032   Code   RO         1803    i.Text_Foreground_Color  ra8875.o
    0x08006d3a   0x00000002   PAD
    0x08006d3c   0x00000050   Code   RO          631    i.UDP_AddUpdateError  tftpserver.o
    0x08006d8c   0x000000fc   Code   RO          632    i.UDP_EraseFlashCue  tftpserver.o
    0x08006e88   0x000001d4   Code   RO          633    i.UDP_Update        tftpserver.o
    0x0800705c   0x00000026   Code   RO         6006    i.USBH_Alloc_Channel  usbh_hcs.o
    0x08007082   0x00000060   Code   RO         6055    i.USBH_BulkReceiveData  usbh_ioreq.o
    0x080070e2   0x0000005e   Code   RO         6056    i.USBH_BulkSendData  usbh_ioreq.o
    0x08007140   0x0000004c   Code   RO         6134    i.USBH_ClrFeature   usbh_stdreq.o
    0x0800718c   0x0000000c   Code   RO         5933    i.USBH_Connected    usbh_core.o
    0x08007198   0x00000046   Code   RO         6057    i.USBH_CtlReceiveData  usbh_ioreq.o
    0x080071de   0x00000064   Code   RO         6058    i.USBH_CtlReq       usbh_ioreq.o
    0x08007242   0x0000006e   Code   RO         6059    i.USBH_CtlSendData  usbh_ioreq.o
    0x080072b0   0x00000042   Code   RO         6060    i.USBH_CtlSendSetup  usbh_ioreq.o
    0x080072f2   0x0000001c   Code   RO         6007    i.USBH_DeAllocate_AllChannel  usbh_hcs.o
    0x0800730e   0x0000003a   Code   RO         5934    i.USBH_DeInit       usbh_core.o
    0x08007348   0x0000000c   Code   RO         5935    i.USBH_Disconnected  usbh_core.o
    0x08007354   0x0000002e   Code   RO         5936    i.USBH_ErrorHandle  usbh_core.o
    0x08007382   0x0000001e   Code   RO         6008    i.USBH_Free_Channel  usbh_hcs.o
    0x080073a0   0x00000044   Code   RO         6135    i.USBH_GetDescriptor  usbh_stdreq.o
    0x080073e4   0x00000028   Code   RO         6009    i.USBH_GetFreeChannel  usbh_hcs.o
    0x0800740c   0x00000012   Code   RO         6136    i.USBH_GetNextDesc  usbh_stdreq.o
    0x0800741e   0x00000002   PAD
    0x08007420   0x0000005c   Code   RO         6137    i.USBH_Get_CfgDesc  usbh_stdreq.o
    0x0800747c   0x00000038   Code   RO         6138    i.USBH_Get_DevDesc  usbh_stdreq.o
    0x080074b4   0x0000003c   Code   RO         6139    i.USBH_Get_StringDesc  usbh_stdreq.o
    0x080074f0   0x00000224   Code   RO         5937    i.USBH_HandleControl  usbh_core.o
    0x08007714   0x000001e0   Code   RO         5938    i.USBH_HandleEnum   usbh_core.o
    0x080078f4   0x00000044   Code   RO         5939    i.USBH_Init         usbh_core.o
    0x08007938   0x00000024   Code   RO         5819    i.USBH_MSC_BOTReset  usbh_msc_core.o
    0x0800795c   0x00000060   Code   RO         5774    i.USBH_MSC_BOT_Abort  usbh_msc_bot.o
    0x080079bc   0x00000014   Code   RO         5820    i.USBH_MSC_ClassRequest  usbh_msc_core.o
    0x080079d0   0x00000080   Code   RO         5775    i.USBH_MSC_DecodeCSW  usbh_msc_bot.o
    0x08007a50   0x00000044   Code   RO         5821    i.USBH_MSC_ErrorHandle  usbh_msc_core.o
    0x08007a94   0x0000002c   Code   RO         5822    i.USBH_MSC_GETMaxLUN  usbh_msc_core.o
    0x08007ac0   0x000001a8   Code   RO         5823    i.USBH_MSC_Handle   usbh_msc_core.o
    0x08007c68   0x00000350   Code   RO         5776    i.USBH_MSC_HandleBOTXfer  usbh_msc_bot.o
    0x08007fb8   0x00000044   Code   RO         5777    i.USBH_MSC_Init     usbh_msc_bot.o
    0x08007ffc   0x0000004c   Code   RO         5824    i.USBH_MSC_InterfaceDeInit  usbh_msc_core.o
    0x08008048   0x000000d0   Code   RO         5825    i.USBH_MSC_InterfaceInit  usbh_msc_core.o
    0x08008118   0x000000d0   Code   RO         5876    i.USBH_MSC_ModeSense6  usbh_msc_scsi.o
    0x080081e8   0x00000100   Code   RO         5877    i.USBH_MSC_Read10   usbh_msc_scsi.o
    0x080082e8   0x000000dc   Code   RO         5878    i.USBH_MSC_ReadCapacity10  usbh_msc_scsi.o
    0x080083c4   0x000000e0   Code   RO         5879    i.USBH_MSC_RequestSense  usbh_msc_scsi.o
    0x080084a4   0x000000b0   Code   RO         5880    i.USBH_MSC_TestUnitReady  usbh_msc_scsi.o
    0x08008554   0x000000e4   Code   RO         5881    i.USBH_MSC_Write10  usbh_msc_scsi.o
    0x08008638   0x00000064   Code   RO         6010    i.USBH_Modify_Channel  usbh_hcs.o
    0x0800869c   0x000000a8   Code   RO         6234    i.USBH_OTG_ISR_Handler  usb_hcd_int.o
    0x08008744   0x0000009a   Code   RO         6011    i.USBH_Open_Channel  usbh_hcs.o
    0x080087de   0x00000002   PAD
    0x080087e0   0x0000011c   Code   RO         6140    i.USBH_ParseCfgDesc  usbh_stdreq.o
    0x080088fc   0x00000058   Code   RO         6141    i.USBH_ParseDevDesc  usbh_stdreq.o
    0x08008954   0x00000020   Code   RO         6142    i.USBH_ParseEPDesc  usbh_stdreq.o
    0x08008974   0x00000026   Code   RO         6143    i.USBH_ParseInterfaceDesc  usbh_stdreq.o
    0x0800899a   0x00000036   Code   RO         6144    i.USBH_ParseStringDesc  usbh_stdreq.o
    0x080089d0   0x00000198   Code   RO         5940    i.USBH_Process      usbh_core.o
    0x08008b68   0x00000006   Code   RO         5941    i.USBH_SOF          usbh_core.o
    0x08008b6e   0x00000026   Code   RO         6145    i.USBH_SetAddress   usbh_stdreq.o
    0x08008b94   0x00000026   Code   RO         6146    i.USBH_SetCfg       usbh_stdreq.o
    0x08008bba   0x00000018   Code   RO         6065    i.USBH_SubmitSetupRequest  usbh_ioreq.o
    0x08008bd2   0x00000002   PAD
    0x08008bd4   0x00000024   Code   RO         2576    i.USBH_USR_Configuration_DescAvailable  usbh_usr.o
    0x08008bf8   0x00000002   Code   RO         2577    i.USBH_USR_DeInit   usbh_usr.o
    0x08008bfa   0x00000002   Code   RO         2578    i.USBH_USR_DeviceAddressAssigned  usbh_usr.o
    0x08008bfc   0x00000002   Code   RO         2579    i.USBH_USR_DeviceAttached  usbh_usr.o
    0x08008bfe   0x00000002   PAD
    0x08008c00   0x0000000c   Code   RO         2580    i.USBH_USR_DeviceDisconnected  usbh_usr.o
    0x08008c0c   0x00000002   Code   RO         2581    i.USBH_USR_DeviceNotSupported  usbh_usr.o
    0x08008c0e   0x00000014   Code   RO         2582    i.USBH_USR_DeviceSpeedDetected  usbh_usr.o
    0x08008c22   0x00000004   Code   RO         2583    i.USBH_USR_Device_DescAvailable  usbh_usr.o
    0x08008c26   0x00000002   Code   RO         2584    i.USBH_USR_EnumerationDone  usbh_usr.o
    0x08008c28   0x00000014   Code   RO         2585    i.USBH_USR_Init     usbh_usr.o
    0x08008c3c   0x00000004   Code   RO         2586    i.USBH_USR_MSC_Application  usbh_usr.o
    0x08008c40   0x00000002   Code   RO         2587    i.USBH_USR_Manufacturer_String  usbh_usr.o
    0x08008c42   0x00000002   Code   RO         2588    i.USBH_USR_OverCurrentDetected  usbh_usr.o
    0x08008c44   0x00000002   Code   RO         2589    i.USBH_USR_Product_String  usbh_usr.o
    0x08008c46   0x00000002   Code   RO         2590    i.USBH_USR_ResetDevice  usbh_usr.o
    0x08008c48   0x00000002   Code   RO         2591    i.USBH_USR_SerialNum_String  usbh_usr.o
    0x08008c4a   0x00000002   Code   RO         2592    i.USBH_USR_UnrecoveredError  usbh_usr.o
    0x08008c4c   0x00000004   Code   RO         2593    i.USBH_USR_UserInput  usbh_usr.o
    0x08008c50   0x000000f8   Code   RO          493    i.USB_EraseFlashOperation  usb_update.o
    0x08008d48   0x00000020   Code   RO          494    i.USB_EscProcess    usb_update.o
    0x08008d68   0x00000060   Code   RO         2737    i.USB_Init          usb.o
    0x08008dc8   0x00000002   Code   RO         2452    i.USB_OTG_BSP_ConfigVBUS  usb_bsp.o
    0x08008dca   0x00000002   Code   RO         2454    i.USB_OTG_BSP_DriveVBUS  usb_bsp.o
    0x08008dcc   0x00000024   Code   RO         2455    i.USB_OTG_BSP_EnableInterrupt  usb_bsp.o
    0x08008df0   0x00000050   Code   RO         2456    i.USB_OTG_BSP_Init  usb_bsp.o
    0x08008e40   0x00000038   Code   RO         2457    i.USB_OTG_BSP_TimerIRQ  usb_bsp.o
    0x08008e78   0x0000000c   Code   RO         2458    i.USB_OTG_BSP_mDelay  usb_bsp.o
    0x08008e84   0x0000000c   Code   RO         2459    i.USB_OTG_BSP_uDelay  usb_bsp.o
    0x08008e90   0x00000132   Code   RO         6304    i.USB_OTG_CoreInit  usb_core.o
    0x08008fc2   0x000000da   Code   RO         6305    i.USB_OTG_CoreInitHost  usb_core.o
    0x0800909c   0x0000006c   Code   RO         6306    i.USB_OTG_CoreReset  usb_core.o
    0x08009108   0x00000022   Code   RO         6307    i.USB_OTG_DisableGlobalInt  usb_core.o
    0x0800912a   0x0000005c   Code   RO         6308    i.USB_OTG_DriveVbus  usb_core.o
    0x08009186   0x00000034   Code   RO         6309    i.USB_OTG_EnableCommonInt  usb_core.o
    0x080091ba   0x00000022   Code   RO         6310    i.USB_OTG_EnableGlobalInt  usb_core.o
    0x080091dc   0x00000074   Code   RO         6311    i.USB_OTG_EnableHostInt  usb_core.o
    0x08009250   0x0000004c   Code   RO         6312    i.USB_OTG_FlushRxFifo  usb_core.o
    0x0800929c   0x00000054   Code   RO         6313    i.USB_OTG_FlushTxFifo  usb_core.o
    0x080092f0   0x0000000c   Code   RO         6314    i.USB_OTG_GetMode   usb_core.o
    0x080092fc   0x0000005a   Code   RO         6315    i.USB_OTG_HC_DoPing  usb_core.o
    0x08009356   0x00000082   Code   RO         6316    i.USB_OTG_HC_Halt   usb_core.o
    0x080093d8   0x00000238   Code   RO         6317    i.USB_OTG_HC_Init   usb_core.o
    0x08009610   0x000001f6   Code   RO         6318    i.USB_OTG_HC_StartXfer  usb_core.o
    0x08009806   0x00000018   Code   RO         6319    i.USB_OTG_InitFSLSPClkSel  usb_core.o
    0x0800981e   0x00000010   Code   RO         6321    i.USB_OTG_IsEvenFrame  usb_core.o
    0x0800982e   0x00000014   Code   RO         6322    i.USB_OTG_IsHostMode  usb_core.o
    0x08009842   0x00000010   Code   RO         6323    i.USB_OTG_ReadCoreItr  usb_core.o
    0x08009852   0x00000030   Code   RO         6324    i.USB_OTG_ReadHPRT0  usb_core.o
    0x08009882   0x00000008   Code   RO         6325    i.USB_OTG_ReadHostAllChannels_intr  usb_core.o
    0x0800988a   0x00000028   Code   RO         6327    i.USB_OTG_ReadPacket  usb_core.o
    0x080098b2   0x00000040   Code   RO         6328    i.USB_OTG_ResetPort  usb_core.o
    0x080098f2   0x00000002   PAD
    0x080098f4   0x000000d8   Code   RO         6329    i.USB_OTG_SelectCore  usb_core.o
    0x080099cc   0x0000004e   Code   RO         6330    i.USB_OTG_SetCurrentMode  usb_core.o
    0x08009a1a   0x00000002   PAD
    0x08009a1c   0x0000002c   Code   RO         6235    i.USB_OTG_USBH_handle_Disconnect_ISR  usb_hcd_int.o
    0x08009a48   0x00000046   Code   RO         6236    i.USB_OTG_USBH_handle_IncompletePeriodicXfer_ISR  usb_hcd_int.o
    0x08009a8e   0x00000056   Code   RO         6237    i.USB_OTG_USBH_handle_hc_ISR  usb_hcd_int.o
    0x08009ae4   0x00000428   Code   RO         6238    i.USB_OTG_USBH_handle_hc_n_In_ISR  usb_hcd_int.o
    0x08009f0c   0x000003d0   Code   RO         6239    i.USB_OTG_USBH_handle_hc_n_Out_ISR  usb_hcd_int.o
    0x0800a2dc   0x0000012e   Code   RO         6240    i.USB_OTG_USBH_handle_nptxfempty_ISR  usb_hcd_int.o
    0x0800a40a   0x00000002   PAD
    0x0800a40c   0x00000120   Code   RO         6241    i.USB_OTG_USBH_handle_port_ISR  usb_hcd_int.o
    0x0800a52c   0x0000012e   Code   RO         6242    i.USB_OTG_USBH_handle_ptxfempty_ISR  usb_hcd_int.o
    0x0800a65a   0x00000164   Code   RO         6243    i.USB_OTG_USBH_handle_rx_qlvl_ISR  usb_hcd_int.o
    0x0800a7be   0x00000002   PAD
    0x0800a7c0   0x0000002c   Code   RO         6244    i.USB_OTG_USBH_handle_sof_ISR  usb_hcd_int.o
    0x0800a7ec   0x00000040   Code   RO         6332    i.USB_OTG_WritePacket  usb_core.o
    0x0800a82c   0x000000d0   Code   RO          495    i.USB_ProgramFlashOperation  usb_update.o
    0x0800a8fc   0x000002b0   Code   RO          496    i.USB_UpDate        usb_update.o
    0x0800abac   0x000001cc   Code   RO          497    i.USB_UpdateExecute  usb_update.o
    0x0800ad78   0x00000128   Code   RO          498    i.USB_WaitInsert    usb_update.o
    0x0800aea0   0x00000004   Code   RO         6968    i.UsageFault_Handler  stm32f4xx_it.o
    0x0800aea4   0x00000014   Code   RO         1808    i.WriteCommand      ra8875.o
    0x0800aeb8   0x00000008   Code   RO         1809    i.WriteData         ra8875.o
    0x0800aec0   0x00000038   Code   RO         1816    i.XY_Coordinate     ra8875.o
    0x0800aef8   0x00000020   Code   RO         8366    i.__0printf$3       mc_w.l(printf3.o)
    0x0800af18   0x0000000e   Code   RO         8588    i.__scatterload_copy  mc_w.l(handlers.o)
    0x0800af26   0x00000002   Code   RO         8589    i.__scatterload_null  mc_w.l(handlers.o)
    0x0800af28   0x0000000e   Code   RO         8590    i.__scatterload_zeroinit  mc_w.l(handlers.o)
    0x0800af36   0x00000002   PAD
    0x0800af38   0x000001b8   Code   RO         8373    i._printf_core      mc_w.l(printf3.o)
    0x0800b0f0   0x00000044   Code   RO           10    i.assert_failed     main.o
    0x0800b134   0x00000034   Code   RO          995    i.bsp_CheckTimer    timer.o
    0x0800b168   0x0000004c   Code   RO          996    i.bsp_DelayMS       timer.o
    0x0800b1b4   0x00000040   Code   RO          997    i.bsp_DelayUS       timer.o
    0x0800b1f4   0x00000028   Code   RO          998    i.bsp_GetRunTime    timer.o
    0x0800b21c   0x0000005c   Code   RO         1001    i.bsp_InitTimer     timer.o
    0x0800b278   0x0000001c   Code   RO         1002    i.bsp_SoftTimerDec  timer.o
    0x0800b294   0x0000009c   Code   RO         1005    i.bsp_StartTimer    timer.o
    0x0800b330   0x00000090   Code   RO         6627    i.check_fs          ff.o
    0x0800b3c0   0x00000014   Code   RO         6628    i.chk_chr           ff.o
    0x0800b3d4   0x00000032   Code   RO         6629    i.clmt_clust        ff.o
    0x0800b406   0x0000001a   Code   RO         6630    i.clust2sect        ff.o
    0x0800b420   0x00000090   Code   RO         6631    i.cmp_lfn           ff.o
    0x0800b4b0   0x000000d6   Code   RO         6632    i.create_chain      ff.o
    0x0800b586   0x00000002   PAD
    0x0800b588   0x00000230   Code   RO         6633    i.create_name       ff.o
    0x0800b7b8   0x00000076   Code   RO         2999    i.date_get          pcf8563.o
    0x0800b82e   0x0000005c   Code   RO         6634    i.dir_alloc         ff.o
    0x0800b88a   0x000000ea   Code   RO         6635    i.dir_find          ff.o
    0x0800b974   0x0000010c   Code   RO         6636    i.dir_next          ff.o
    0x0800ba80   0x000000c6   Code   RO         6637    i.dir_read          ff.o
    0x0800bb46   0x0000012a   Code   RO         6638    i.dir_register      ff.o
    0x0800bc70   0x0000009e   Code   RO         6640    i.dir_sdi           ff.o
    0x0800bd0e   0x00000002   PAD
    0x0800bd10   0x00000030   Code   RO         6564    i.disk_initialize   diskio.o
    0x0800bd40   0x00000006   Code   RO         6565    i.disk_ioctl        diskio.o
    0x0800bd46   0x00000002   PAD
    0x0800bd48   0x000000b4   Code   RO         6566    i.disk_read         diskio.o
    0x0800bdfc   0x00000006   Code   RO         6567    i.disk_status       diskio.o
    0x0800be02   0x00000002   PAD
    0x0800be04   0x000000b4   Code   RO         6568    i.disk_write        diskio.o
    0x0800beb8   0x00000132   Code   RO         8091    i.etharp_arp_input  etharp.o
    0x0800bfea   0x0000003a   Code   RO         8093    i.etharp_ip_input   etharp.o
    0x0800c024   0x000000cc   Code   RO         8094    i.etharp_output     etharp.o
    0x0800c0f0   0x000001b8   Code   RO         8095    i.etharp_query      etharp.o
    0x0800c2a8   0x000000ca   Code   RO         8096    i.etharp_raw        etharp.o
    0x0800c372   0x00000002   PAD
    0x0800c374   0x0000002c   Code   RO         8097    i.etharp_request    etharp.o
    0x0800c3a0   0x0000004e   Code   RO         8098    i.etharp_send_ip    etharp.o
    0x0800c3ee   0x00000002   PAD
    0x0800c3f0   0x000000a0   Code   RO         8099    i.etharp_tmr        etharp.o
    0x0800c490   0x0000006c   Code   RO         8100    i.ethernet_input    etharp.o
    0x0800c4fc   0x0000004c   Code   RO         8184    i.ethernetif_init   ethernetif.o
    0x0800c548   0x0000002c   Code   RO         8185    i.ethernetif_input  ethernetif.o
    0x0800c574   0x00000020   Code   RO         6642    i.f_close           ff.o
    0x0800c594   0x000002a8   Code   RO         6645    i.f_lseek           ff.o
    0x0800c83c   0x0000005c   Code   RO         6648    i.f_mount           ff.o
    0x0800c898   0x00000168   Code   RO         6649    i.f_open            ff.o
    0x0800ca00   0x00000078   Code   RO         6650    i.f_opendir         ff.o
    0x0800ca78   0x000001ae   Code   RO         6651    i.f_read            ff.o
    0x0800cc26   0x00000002   PAD
    0x0800cc28   0x00000060   Code   RO         6652    i.f_readdir         ff.o
    0x0800cc88   0x000000ae   Code   RO         6655    i.f_sync            ff.o
    0x0800cd36   0x00000002   PAD
    0x0800cd38   0x0000004c   Code   RO         6924    i.ff_convert        ccsbcs.o
    0x0800cd84   0x00000038   Code   RO         6925    i.ff_wtoupper       ccsbcs.o
    0x0800cdbc   0x00000204   Code   RO         8101    i.find_entry        etharp.o
    0x0800cfc0   0x00000394   Code   RO         6660    i.find_volume       ff.o
    0x0800d354   0x00000080   Code   RO         6661    i.fit_lfn           ff.o
    0x0800d3d4   0x00000090   Code   RO         6662    i.follow_path       ff.o
    0x0800d464   0x00000224   Code   RO         1384    i.font_init         lcd.o
    0x0800d688   0x00000012   Code   RO         8558    i.fputc             mc_w.l(fputc.o)
    0x0800d69a   0x00000040   Code   RO         8102    i.free_etharp_q     etharp.o
    0x0800d6da   0x00000002   PAD
    0x0800d6dc   0x000000b0   Code   RO         6663    i.gen_numname       ff.o
    0x0800d78c   0x000000f2   Code   RO         6664    i.get_fat           ff.o
    0x0800d87e   0x00000042   Code   RO         6569    i.get_fattime       diskio.o
    0x0800d8c0   0x00000102   Code   RO         6665    i.get_fileinfo      ff.o
    0x0800d9c2   0x00000002   PAD
    0x0800d9c4   0x0000007c   Code   RO          962    i.get_key           key.o
    0x0800da40   0x0000004a   Code   RO         6666    i.get_ldnumber      ff.o
    0x0800da8a   0x0000001a   Code   RO         7888    i.htonl             inet.o
    0x0800daa4   0x0000000c   Code   RO         7889    i.htons             inet.o
    0x0800dab0   0x00000034   Code   RO         3000    i.i2_start          pcf8563.o
    0x0800dae4   0x00000034   Code   RO         3001    i.i2_stop           pcf8563.o
    0x0800db18   0x0000002c   Code   RO         3003    i.i2c_mastar        pcf8563.o
    0x0800db44   0x00000058   Code   RO         3004    i.i2c_recv_byte     pcf8563.o
    0x0800db9c   0x0000002c   Code   RO         3005    i.i2c_send_ack      pcf8563.o
    0x0800dbc8   0x0000002c   Code   RO         3006    i.i2c_send_notack   pcf8563.o
    0x0800dbf4   0x00000060   Code   RO         3007    i.i2c_sendbyte      pcf8563.o
    0x0800dc54   0x00000028   Code   RO         3008    i.i2c_slave         pcf8563.o
    0x0800dc7c   0x00000050   Code   RO         3009    i.i2c_wait_ack      pcf8563.o
    0x0800dccc   0x00000012   Code   RO         7853    i.icmp_dest_unreach  icmp.o
    0x0800dcde   0x00000194   Code   RO         7854    i.icmp_input        icmp.o
    0x0800de72   0x00000076   Code   RO         7855    i.icmp_send_response  icmp.o
    0x0800dee8   0x00000012   Code   RO         7856    i.icmp_time_exceeded  icmp.o
    0x0800defa   0x00000014   Code   RO         7937    i.inet_chksum       inet_chksum.o
    0x0800df0e   0x00000056   Code   RO         7938    i.inet_chksum_pbuf  inet_chksum.o
    0x0800df64   0x0000004e   Code   RO         8017    i.ip_addr_isbroadcast  ip_addr.o
    0x0800dfb2   0x00000002   PAD
    0x0800dfb4   0x0000014c   Code   RO         8039    i.ip_frag           ip_frag.o
    0x0800e100   0x0000019c   Code   RO         7975    i.ip_input          ip.o
    0x0800e29c   0x00000034   Code   RO         7976    i.ip_output         ip.o
    0x0800e2d0   0x00000104   Code   RO         7977    i.ip_output_if      ip.o
    0x0800e3d4   0x00000198   Code   RO         8040    i.ip_reass          ip_frag.o
    0x0800e56c   0x000001a4   Code   RO         8041    i.ip_reass_chain_frag_into_datagram_and_validate  ip_frag.o
    0x0800e710   0x00000034   Code   RO         8042    i.ip_reass_dequeue_datagram  ip_frag.o
    0x0800e744   0x00000054   Code   RO         8043    i.ip_reass_enqueue_new_datagram  ip_frag.o
    0x0800e798   0x000000ac   Code   RO         8044    i.ip_reass_free_complete_datagram  ip_frag.o
    0x0800e844   0x0000007c   Code   RO         8045    i.ip_reass_remove_oldest_datagram  ip_frag.o
    0x0800e8c0   0x00000050   Code   RO         7978    i.ip_route          ip.o
    0x0800e910   0x00000070   Code   RO          963    i.key_init          key.o
    0x0800e980   0x000000b8   Code   RO         1389    i.lcd_ascin24       lcd.o
    0x0800ea38   0x00000032   Code   RO         1390    i.lcd_ascin24s      lcd.o
    0x0800ea6a   0x00000034   Code   RO         1391    i.lcd_clear         lcd.o
    0x0800ea9e   0x00000094   Code   RO         1396    i.lcd_draw24x12     lcd.o
    0x0800eb32   0x000000b8   Code   RO         1397    i.lcd_draw24x24     lcd.o
    0x0800ebea   0x000000e0   Code   RO         1399    i.lcd_draw32x32     lcd.o
    0x0800ecca   0x00000046   Code   RO         1406    i.lcd_fill          lcd.o
    0x0800ed10   0x00000104   Code   RO         1411    i.lcd_font24        lcd.o
    0x0800ee14   0x00000178   Code   RO         1413    i.lcd_gpio_init     lcd.o
    0x0800ef8c   0x00000024   Code   RO         1414    i.lcd_hard_reset    lcd.o
    0x0800efb0   0x00000014   Code   RO         1415    i.lcd_init          lcd.o
    0x0800efc4   0x0000003c   Code   RO         1416    i.lcd_mem_err       lcd.o
    0x0800f000   0x00000020   Code   RO         6667    i.ld_clust          ff.o
    0x0800f020   0x000000a4   Code   RO         8186    i.low_level_init    ethernetif.o
    0x0800f0c4   0x00000074   Code   RO         8187    i.low_level_input   ethernetif.o
    0x0800f138   0x00000034   Code   RO         8188    i.low_level_output  ethernetif.o
    0x0800f16c   0x0000004a   Code   RO         7940    i.lwip_standard_chksum  inet_chksum.o
    0x0800f1b6   0x00000002   PAD
    0x0800f1b8   0x00000118   Code   RO           11    i.main              main.o
    0x0800f2d0   0x00000026   Code   RO         6668    i.mem_cmp           ff.o
    0x0800f2f6   0x0000001a   Code   RO         6669    i.mem_cpy           ff.o
    0x0800f310   0x00000078   Code   RO         7544    i.mem_free          mem.o
    0x0800f388   0x00000064   Code   RO         7545    i.mem_init          mem.o
    0x0800f3ec   0x00000130   Code   RO         7546    i.mem_malloc        mem.o
    0x0800f51c   0x00000148   Code   RO         7547    i.mem_realloc       mem.o
    0x0800f664   0x00000014   Code   RO         6670    i.mem_set           ff.o
    0x0800f678   0x0000002c   Code   RO         7587    i.memp_free         memp.o
    0x0800f6a4   0x00000064   Code   RO         7588    i.memp_init         memp.o
    0x0800f708   0x0000003c   Code   RO         7589    i.memp_malloc       memp.o
    0x0800f744   0x00000034   Code   RO         6671    i.move_window       ff.o
    0x0800f778   0x00000068   Code   RO         7629    i.netif_add         netif.o
    0x0800f7e0   0x0000000c   Code   RO         7631    i.netif_is_up       netif.o
    0x0800f7ec   0x00000028   Code   RO         7633    i.netif_set_addr    netif.o
    0x0800f814   0x0000000c   Code   RO         7634    i.netif_set_default  netif.o
    0x0800f820   0x0000000c   Code   RO         7636    i.netif_set_gw      netif.o
    0x0800f82c   0x00000078   Code   RO         7637    i.netif_set_ipaddr  netif.o
    0x0800f8a4   0x0000000c   Code   RO         7638    i.netif_set_netmask  netif.o
    0x0800f8b0   0x0000002c   Code   RO         7639    i.netif_set_up      netif.o
    0x0800f8dc   0x0000000c   Code   RO         7893    i.ntohl             inet.o
    0x0800f8e8   0x0000000c   Code   RO         7894    i.ntohs             inet.o
    0x0800f8f4   0x00000212   Code   RO         7707    i.pbuf_alloc        pbuf.o
    0x0800fb06   0x00000050   Code   RO         7708    i.pbuf_cat          pbuf.o
    0x0800fb56   0x00000016   Code   RO         7709    i.pbuf_chain        pbuf.o
    0x0800fb6c   0x00000012   Code   RO         7710    i.pbuf_clen         pbuf.o
    0x0800fb7e   0x000000dc   Code   RO         7712    i.pbuf_copy         pbuf.o
    0x0800fc5a   0x0000009a   Code   RO         7713    i.pbuf_copy_partial  pbuf.o
    0x0800fcf4   0x00000098   Code   RO         7715    i.pbuf_free         pbuf.o
    0x0800fd8c   0x0000008c   Code   RO         7716    i.pbuf_header       pbuf.o
    0x0800fe18   0x000000b0   Code   RO         7717    i.pbuf_realloc      pbuf.o
    0x0800fec8   0x0000000a   Code   RO         7718    i.pbuf_ref          pbuf.o
    0x0800fed2   0x00000058   Code   RO         3010    i.pcf8563_get       pcf8563.o
    0x0800ff2a   0x00000002   PAD
    0x0800ff2c   0x00000074   Code   RO         6672    i.pick_lfn          ff.o
    0x0800ffa0   0x000000b4   Code   RO         7548    i.plug_holes        mem.o
    0x08010054   0x00000146   Code   RO         6673    i.put_fat           ff.o
    0x0801019a   0x00000002   PAD
    0x0801019c   0x00000068   Code   RO         7793    i.raw_input         raw.o
    0x08010204   0x0000006c   Code   RO         6674    i.remove_chain      ff.o
    0x08010270   0x00000010   Code   RO         6675    i.st_clust          ff.o
    0x08010280   0x00000020   Code   RO         6676    i.sum_sfn           ff.o
    0x080102a0   0x000000c8   Code   RO         6677    i.sync_fs           ff.o
    0x08010368   0x00000052   Code   RO         6678    i.sync_window       ff.o
    0x080103ba   0x00000002   PAD
    0x080103bc   0x0000009c   Code   RO         7113    i.tcp_abandon       tcp.o
    0x08010458   0x000000c8   Code   RO         7116    i.tcp_alloc         tcp.o
    0x08010520   0x00000104   Code   RO         7119    i.tcp_close         tcp.o
    0x08010624   0x0000002e   Code   RO         7121    i.tcp_eff_send_mss  tcp.o
    0x08010652   0x0000042a   Code   RO         7359    i.tcp_enqueue       tcp_out.o
    0x08010a7c   0x00000074   Code   RO         7123    i.tcp_fasttmr       tcp.o
    0x08010af0   0x000004a8   Code   RO         7305    i.tcp_input         tcp_in.o
    0x08010f98   0x0000005c   Code   RO         7360    i.tcp_keepalive     tcp_out.o
    0x08010ff4   0x00000058   Code   RO         7124    i.tcp_kill_prio     tcp.o
    0x0801104c   0x0000003c   Code   RO         7125    i.tcp_kill_timewait  tcp.o
    0x08011088   0x0000012c   Code   RO         7306    i.tcp_listen_input  tcp_in.o
    0x080111b4   0x0000001c   Code   RO         7129    i.tcp_next_iss      tcp.o
    0x080111d0   0x00000264   Code   RO         7361    i.tcp_output        tcp_out.o
    0x08011434   0x000000c8   Code   RO         7362    i.tcp_output_segment  tcp_out.o
    0x080114fc   0x00000084   Code   RO         7363    i.tcp_output_set_header  tcp_out.o
    0x08011580   0x000000b8   Code   RO         7307    i.tcp_parseopt      tcp_in.o
    0x08011638   0x00000036   Code   RO         7130    i.tcp_pcb_purge     tcp.o
    0x0801166e   0x00000002   PAD
    0x08011670   0x000000b0   Code   RO         7131    i.tcp_pcb_remove    tcp.o
    0x08011720   0x0000059c   Code   RO         7308    i.tcp_process       tcp_in.o
    0x08011cbc   0x00000718   Code   RO         7309    i.tcp_receive       tcp_in.o
    0x080123d4   0x00000028   Code   RO         7134    i.tcp_recv_null     tcp.o
    0x080123fc   0x00000056   Code   RO         7364    i.tcp_rexmit        tcp_out.o
    0x08012452   0x0000003a   Code   RO         7365    i.tcp_rexmit_rto    tcp_out.o
    0x0801248c   0x000000ae   Code   RO         7366    i.tcp_rst           tcp_out.o
    0x0801253a   0x00000020   Code   RO         7136    i.tcp_seg_free      tcp.o
    0x0801255a   0x0000001e   Code   RO         7137    i.tcp_segs_free     tcp.o
    0x08012578   0x0000001c   Code   RO         7367    i.tcp_send_ctrl     tcp_out.o
    0x08012594   0x00000318   Code   RO         7140    i.tcp_slowtmr       tcp.o
    0x080128ac   0x00000050   Code   RO         7310    i.tcp_timewait_input  tcp_in.o
    0x080128fc   0x00000024   Code   RO         7141    i.tcp_tmr           tcp.o
    0x08012920   0x00000038   Code   RO         7142    i.tcp_update_rcv_ann_wnd  tcp.o
    0x08012958   0x00000066   Code   RO         7369    i.tcp_zero_window_probe  tcp_out.o
    0x080129be   0x00000064   Code   RO         3014    i.time_get          pcf8563.o
    0x08012a22   0x00000002   PAD
    0x08012a24   0x0000006c   Code   RO         1007    i.timer_init        timer.o
    0x08012a90   0x00000074   Code   RO         7429    i.udp_bind          udp.o
    0x08012b04   0x00000020   Code   RO         7431    i.udp_disconnect    udp.o
    0x08012b24   0x0000019c   Code   RO         7432    i.udp_input         udp.o
    0x08012cc0   0x0000001c   Code   RO         7433    i.udp_new           udp.o
    0x08012cdc   0x00000006   Code   RO         7434    i.udp_recv          udp.o
    0x08012ce2   0x00000002   PAD
    0x08012ce4   0x00000040   Code   RO         7435    i.udp_remove        udp.o
    0x08012d24   0x0000002e   Code   RO         7437    i.udp_sendto        udp.o
    0x08012d52   0x000000d4   Code   RO         7438    i.udp_sendto_if     udp.o
    0x08012e26   0x00000002   PAD
    0x08012e28   0x000000f8   Code   RO         8103    i.update_arp_entry  etharp.o
    0x08012f20   0x00000026   Code   RO         3290    i.usprintf          ustdlib.o
    0x08012f46   0x00000002   PAD
    0x08012f48   0x000002bc   Code   RO         3293    i.uvsnprintf        ustdlib.o
    0x08013204   0x00000036   Code   RO         6679    i.validate          ff.o
    0x0801323a   0x00000002   PAD
    0x0801323c   0x0000000c   Data   RO          323    .constdata          sd_update.o
    0x08013248   0x0000000c   Data   RO          500    .constdata          usb_update.o
    0x08013254   0x00000030   Data   RO         1009    .constdata          timer.o
    0x08013284   0x00003188   Data   RO         1424    .constdata          lcd.o
    0x0801640c   0x0000001c   Data   RO         3294    .constdata          ustdlib.o
    0x08016428   0x000000ba   Data   RO         6681    .constdata          ff.o
    0x080164e2   0x000004c0   Data   RO         6926    .constdata          ccsbcs.o
    0x080169a2   0x00000014   Data   RO         7143    .constdata          tcp.o
    0x080169b6   0x00000024   Data   RO         7591    .constdata          memp.o
    0x080169da   0x00000008   Data   RO         8018    .constdata          ip_addr.o
    0x080169e2   0x0000000c   Data   RO         8105    .constdata          etharp.o
    0x080169ee   0x00000011   Data   RO         3295    .conststring        ustdlib.o
    0x080169ff   0x00000001   PAD
    0x08016a00   0x00000020   Data   RO         8586    Region$$Table       anon$$obj.o


    Execution Region RW_IRAM1 (Base: 0x20000000, Size: 0x00013720, Max: 0x00020000, ABSOLUTE, COMPRESSED[0x0000007c])

    Base Addr    Size         Type   Attr      Idx    E Section Name        Object

    0x20000000   0x00000004   Data   RW           12    .data               main.o
    0x20000004   0x00000018   Data   RW          634    .data               tftpserver.o
    0x2000001c   0x0000001b   Data   RW         1010    .data               timer.o
    0x20000037   0x00000001   PAD
    0x20000038   0x00000018   Data   RW         1154    .data               sdio_sd.o
    0x20000050   0x00000001   Data   RW         1425    .data               lcd.o
    0x20000051   0x00000003   PAD
    0x20000054   0x00000005   Data   RW         2460    .data               usb_bsp.o
    0x20000059   0x00000003   PAD
    0x2000005c   0x0000004a   Data   RW         2596    .data               usbh_usr.o
    0x200000a6   0x00000002   PAD
    0x200000a8   0x00000014   Data   RW         3211    .data               netconf.o
    0x200000bc   0x00000010   Data   RW         3900    .data               stm32f4xx_rcc.o
    0x200000cc   0x00000010   Data   RW         5333    .data               stm32f4x7_eth.o
    0x200000dc   0x00000014   Data   RW         5779    .data               usbh_msc_bot.o
    0x200000f0   0x00000020   Data   RW         5827    .data               usbh_msc_core.o
    0x20000110   0x00000001   Data   RW         5883    .data               usbh_msc_scsi.o
    0x20000111   0x00000003   PAD
    0x20000114   0x00000012   Data   RW         5942    .data               usbh_core.o
    0x20000126   0x00000003   Data   RW         6149    .data               usbh_stdreq.o
    0x20000129   0x00000003   PAD
    0x2000012c   0x0000000a   Data   RW         6682    .data               ff.o
    0x20000136   0x00000002   PAD
    0x20000138   0x00000021   Data   RW         7144    .data               tcp.o
    0x20000159   0x00000003   PAD
    0x2000015c   0x00000020   Data   RW         7312    .data               tcp_in.o
    0x2000017c   0x00000004   Data   RW         7439    .data               udp.o
    0x20000180   0x0000000d   Data   RW         7550    .data               mem.o
    0x2000018d   0x00000003   PAD
    0x20000190   0x0000000c   Data   RW         7640    .data               netif.o
    0x2000019c   0x00000004   Data   RW         7799    .data               raw.o
    0x200001a0   0x0000000c   Data   RW         7979    .data               ip.o
    0x200001ac   0x00000006   Data   RW         8048    .data               ip_frag.o
    0x200001b2   0x00000001   Data   RW         8106    .data               etharp.o
    0x200001b3   0x00000001   PAD
    0x200001b4   0x00000012   Data   RW         8190    .data               ethernetif.o
    0x200001c6   0x00000002   PAD
    0x200001c8   0x00000004   Data   RW         8560    .data               mc_w.l(stdout.o)
    0x200001cc   0x00000252   Zero   RW          322    .bss                sd_update.o
    0x2000041e   0x00000002   PAD
    0x20000420   0x00000252   Zero   RW          499    .bss                usb_update.o
    0x20000672   0x00000002   PAD
    0x20000674   0x00000050   Zero   RW         1008    .bss                timer.o
    0x200006c4   0x00000004   PAD
    0x200006c8   0x000000cc   Zero   RW         1153    .bss                sdio_sd.o
    0x20000794   0x00003246   Zero   RW         1423    .bss                lcd.o
    0x200039da   0x00000002   PAD
    0x200039dc   0x00000630   Zero   RW         2594    .bss                usbh_usr.o
    0x2000400c   0x00000230   Zero   RW         2738    .bss                usb.o
    0x2000423c   0x00000030   Zero   RW         3210    .bss                netconf.o
    0x2000426c   0x0000000c   Zero   RW         5332    .bss                stm32f4x7_eth.o
    0x20004278   0x00000040   Zero   RW         5778    .bss                usbh_msc_bot.o
    0x200042b8   0x0000020a   Zero   RW         5826    .bss                usbh_msc_core.o
    0x200044c2   0x00000002   PAD
    0x200044c4   0x00000410   Zero   RW         5882    .bss                usbh_msc_scsi.o
    0x200048d4   0x00000200   Zero   RW         6148    .bss                usbh_stdreq.o
    0x20004ad4   0x00000200   Zero   RW         6680    .bss                ff.o
    0x20004cd4   0x00000014   Zero   RW         7311    .bss                tcp_in.o
    0x20004ce8   0x00005014   Zero   RW         7549    .bss                mem.o
    0x20009cfc   0x000046af   Zero   RW         7590    .bss                memp.o
    0x2000e3ab   0x000005e0   Zero   RW         8047    .bss                ip_frag.o
    0x2000e98b   0x00000001   PAD
    0x2000e98c   0x000000c8   Zero   RW         8104    .bss                etharp.o
    0x2000ea54   0x00003cc8   Zero   RW         8189    .bss                ethernetif.o
    0x2001271c   0x00000004   PAD
    0x20012720   0x00001000   Zero   RW         6953    STACK               startup_stm32f40_41xxx.o


==============================================================================

Image component sizes


      Code (inc. data)   RO Data    RW Data    ZI Data      Debug   Object Name

       132         16       1216          0          0       2711   ccsbcs.o
       486         20          0          0          0      11673   diskio.o
      2428         38         12          1        200      13998   etharp.o
       768         62          0         18      15560       8296   ethernetif.o
      7430         86        186         10        512      41603   ff.o
       224         46          0          0          0        804   flash.o
       176         10          0          0          0     322285   flash_if.o
       558          0          0          0          0       4110   icmp.o
        62          0          0          0          0       2512   inet.o
       180          0          0          0          0       5853   inet_chksum.o
         0          0          0          0          0        716   init.o
       804         30          0         12          0       5117   ip.o
        78          0          8          0          0       5737   ip_addr.o
      1592         40          0          6       1504       8637   ip_frag.o
       236         10          0          0          0       1109   key.o
       478         20          0          0          0      38793   lan8720.o
      2324        236      12680          1      12870      17747   lcd.o
       766        212          0          4          0     294638   main.o
      1032         72          0         13      20500       5569   mem.o
       204         30         36          0      18095       4206   memp.o
       376         98          0          0          0       2549   misc.o
       228         46          0         20         48      14872   netconf.o
       356         24          0         12          0       7975   netif.o
      1502          0          0          0          0       8733   pbuf.o
       846         44          0          0          0       8641   pcf8563.o
      1100         16          0          0          0      14398   ra8875.o
       104          4          0          4          0       1788   raw.o
      1712        450         12          0        594     235978   sd_update.o
      5398        342          0         24        204      35459   sdio_sd.o
        36          8        392          0       4096        868   startup_stm32f40_41xxx.o
      3972        558          0         16         12      18871   stm32f4x7_eth.o
      2212        274          0          0          0       6320   stm32f4xx_dma.o
       858        188          0          0          0       6037   stm32f4xx_flash.o
       996         70          0          0          0       2445   stm32f4xx_fsmc.o
      1492        388          0          0          0       4607   stm32f4xx_gpio.o
        20          0          0          0          0       3840   stm32f4xx_it.o
       900        266          0         16          0       7394   stm32f4xx_rcc.o
      1658        468          0          0          0      12726   stm32f4xx_sdio.o
        64         38          0          0          0        694   stm32f4xx_syscfg.o
      1684        594          0          0          0       6119   stm32f4xx_tim.o
       340         34          0          0          0       1781   system_stm32f4xx.o
      2170        116         20         33          0      21378   tcp.o
      5008        244          0         32         20      15540   tcp_in.o
      2550         14          0          0          0      10391   tcp_out.o
      2570        818          0         24          0      15834   tftpserver.o
       972        172         48         27         80       7122   timer.o
       916         16          0          4          0       8970   udp.o
        96         26          0          0        560       3843   usb.o
       200         12          0          5          0      24960   usb_bsp.o
      3016         18          0          0          0      22047   usb_core.o
       202          0          0          0          0       6271   usb_hcd.o
      3700         16          0          0          0      11879   usb_hcd_int.o
      2064        538         12          0        594       7077   usb_update.o
      1638         42          0         18          0      10457   usbh_core.o
       390          0          0          0          0       5408   usbh_hcs.o
       560          0          0          0          0       6446   usbh_ioreq.o
        24          6          0          0          0       9162   usbh_it.o
      1140        100          0         20         64       7625   usbh_msc_bot.o
       876         62          0         32        522       7841   usbh_msc_core.o
      1312         88          0          1       1040       8392   usbh_msc_scsi.o
       942         14          0          3        512      12097   usbh_stdreq.o
       142         20          0         74       1584      13446   usbh_usr.o
       738         14         45          0          0       3060   ustdlib.o

    ----------------------------------------------------------------------
     77122       7174      14700        456      79188    1437455   Object Totals
         0          0         32          0          0          0   (incl. Generated)
        84          0          1         26         17          0   (incl. Padding)

    ----------------------------------------------------------------------

      Code (inc. data)   RO Data    RW Data    ZI Data      Debug   Library Member Name

        92          0          0          0          0          0   __dczerorl2.o
         0          0          0          0          0          0   entry.o
         0          0          0          0          0          0   entry10a.o
         0          0          0          0          0          0   entry11a.o
         8          4          0          0          0          0   entry2.o
         4          0          0          0          0          0   entry5.o
         0          0          0          0          0          0   entry7b.o
         0          0          0          0          0          0   entry8b.o
         8          4          0          0          0          0   entry9a.o
        18          0          0          0          0         80   fputc.o
        30          0          0          0          0          0   handlers.o
        36          8          0          0          0         68   init.o
         0          0          0          0          0          0   iusesemip.o
        36          0          0          0          0         68   memcpya.o
        36          0          0          0          0        108   memseta.o
       472         14          0          0          0        180   printf3.o
         0          0          0          0          0          0   semi.o
         0          0          0          4          0          0   stdout.o
        24          0          0          0          0         68   strcat.o
        28          0          0          0          0         76   strcmp.o
        18          0          0          0          0         68   strcpy.o
        24          0          0          0          0         76   strncpy.o
        44          0          0          0          0         80   uidiv.o

    ----------------------------------------------------------------------
       882         30          0          4          0        872   Library Totals
         4          0          0          0          0          0   (incl. Padding)

    ----------------------------------------------------------------------

      Code (inc. data)   RO Data    RW Data    ZI Data      Debug   Library Name

       878         30          0          4          0        872   mc_w.l

    ----------------------------------------------------------------------
       882         30          0          4          0        872   Library Totals

    ----------------------------------------------------------------------

==============================================================================


      Code (inc. data)   RO Data    RW Data    ZI Data      Debug   

     78004       7204      14700        460      79188    1387311   Grand Totals
     78004       7204      14700        124      79188    1387311   ELF Image Totals (compressed)
     78004       7204      14700        124          0          0   ROM Totals

==============================================================================

    Total RO  Size (Code + RO Data)                92704 (  90.53kB)
    Total RW  Size (RW Data + ZI Data)             79648 (  77.78kB)
    Total ROM Size (Code + RO Data + RW Data)      92828 (  90.65kB)

==============================================================================

